Component: ARM Compiler 5.06 update 7 (build 960) Tool: armlink [4d3601]

==============================================================================

Section Cross References

    startup_stm32f407xx.o(STACK) refers (Special) to heapauxi.o(.text) for __use_two_region_memory
    startup_stm32f407xx.o(HEAP) refers (Special) to heapauxi.o(.text) for __use_two_region_memory
    startup_stm32f407xx.o(RESET) refers (Special) to heapauxi.o(.text) for __use_two_region_memory
    startup_stm32f407xx.o(RESET) refers to startup_stm32f407xx.o(STACK) for __initial_sp
    startup_stm32f407xx.o(RESET) refers to startup_stm32f407xx.o(.text) for Reset_Handler
    startup_stm32f407xx.o(RESET) refers to stm32f4xx_it.o(i.NMI_Handler) for NMI_Handler
    startup_stm32f407xx.o(RESET) refers to stm32f4xx_it.o(i.HardFault_Handler) for HardFault_Handler
    startup_stm32f407xx.o(RESET) refers to stm32f4xx_it.o(i.MemManage_Handler) for MemManage_Handler
    startup_stm32f407xx.o(RESET) refers to stm32f4xx_it.o(i.BusFault_Handler) for BusFault_Handler
    startup_stm32f407xx.o(RESET) refers to stm32f4xx_it.o(i.UsageFault_Handler) for UsageFault_Handler
    startup_stm32f407xx.o(RESET) refers to port.o(.emb_text) for SVC_Handler
    startup_stm32f407xx.o(RESET) refers to stm32f4xx_it.o(i.DebugMon_Handler) for DebugMon_Handler
    startup_stm32f407xx.o(RESET) refers to stm32f4xx_it.o(i.SysTick_Handler) for SysTick_Handler
    startup_stm32f407xx.o(RESET) refers to stm32f4xx_it.o(i.DMA1_Stream3_IRQHandler) for DMA1_Stream3_IRQHandler
    startup_stm32f407xx.o(RESET) refers to stm32f4xx_it.o(i.DMA1_Stream4_IRQHandler) for DMA1_Stream4_IRQHandler
    startup_stm32f407xx.o(RESET) refers to stm32f4xx_it.o(i.SPI2_IRQHandler) for SPI2_IRQHandler
    startup_stm32f407xx.o(RESET) refers to stm32f4xx_it.o(i.USART1_IRQHandler) for USART1_IRQHandler
    startup_stm32f407xx.o(RESET) refers to stm32f4xx_it.o(i.SDIO_IRQHandler) for SDIO_IRQHandler
    startup_stm32f407xx.o(RESET) refers to stm32f4xx_it.o(i.DMA2_Stream2_IRQHandler) for DMA2_Stream2_IRQHandler
    startup_stm32f407xx.o(RESET) refers to stm32f4xx_it.o(i.DMA2_Stream3_IRQHandler) for DMA2_Stream3_IRQHandler
    startup_stm32f407xx.o(RESET) refers to stm32f4xx_it.o(i.DMA2_Stream6_IRQHandler) for DMA2_Stream6_IRQHandler
    startup_stm32f407xx.o(RESET) refers to stm32f4xx_it.o(i.DMA2_Stream7_IRQHandler) for DMA2_Stream7_IRQHandler
    startup_stm32f407xx.o(.text) refers (Special) to heapauxi.o(.text) for __use_two_region_memory
    startup_stm32f407xx.o(.text) refers to system_stm32f4xx.o(i.SystemInit) for SystemInit
    startup_stm32f407xx.o(.text) refers to __main.o(!!!main) for __main
    startup_stm32f407xx.o(.text) refers to startup_stm32f407xx.o(HEAP) for Heap_Mem
    startup_stm32f407xx.o(.text) refers to startup_stm32f407xx.o(STACK) for Stack_Mem
    main.o(i.SystemClock_Config) refers to rt_memclr_w.o(.text) for __aeabi_memclr4
    main.o(i.SystemClock_Config) refers to stm32f4xx_hal_rcc.o(i.HAL_RCC_OscConfig) for HAL_RCC_OscConfig
    main.o(i.SystemClock_Config) refers to main.o(i.Error_Handler) for Error_Handler
    main.o(i.SystemClock_Config) refers to stm32f4xx_hal_rcc.o(i.HAL_RCC_ClockConfig) for HAL_RCC_ClockConfig
    main.o(i.main) refers to stm32f4xx_hal.o(i.HAL_Init) for HAL_Init
    main.o(i.main) refers to main.o(i.SystemClock_Config) for SystemClock_Config
    main.o(i.main) refers to gpio.o(i.MX_GPIO_Init) for MX_GPIO_Init
    main.o(i.main) refers to stm32f4xx_hal.o(i.HAL_Delay) for HAL_Delay
    main.o(i.main) refers to iic_driver.o(i.iic1_init) for iic1_init
    main.o(i.main) refers to wm8978_driver.o(i.wm8978_Init) for wm8978_Init
    main.o(i.main) refers to wm8978_driver.o(i.wm8978_CfgAudioIF) for wm8978_CfgAudioIF
    main.o(i.main) refers to wm8978_driver.o(i.wm8978_CfgAudioPath) for wm8978_CfgAudioPath
    main.o(i.main) refers to wm8978_driver.o(i.wm8978_SetOUT1Volume) for wm8978_SetOUT1Volume
    main.o(i.main) refers to i2s_driver.o(i.i2s2_init) for i2s2_init
    main.o(i.main) refers to tasks.o(i.xTaskCreate) for xTaskCreate
    main.o(i.main) refers to stm32f4xx_hal_gpio.o(i.HAL_GPIO_WritePin) for HAL_GPIO_WritePin
    main.o(i.main) refers to tasks.o(i.vTaskStartScheduler) for vTaskStartScheduler
    main.o(i.main) refers to apptask.o(i.vInitTask) for vInitTask
    gpio.o(i.MX_GPIO_Init) refers to rt_memclr_w.o(.text) for __aeabi_memclr4
    gpio.o(i.MX_GPIO_Init) refers to stm32f4xx_hal_gpio.o(i.HAL_GPIO_Init) for HAL_GPIO_Init
    gpio.o(i.MX_GPIO_Init) refers to stm32f4xx_hal_gpio.o(i.HAL_GPIO_WritePin) for HAL_GPIO_WritePin
    stm32f4xx_it.o(i.DMA1_Stream3_IRQHandler) refers to stm32f4xx_hal_dma.o(i.HAL_DMA_IRQHandler) for HAL_DMA_IRQHandler
    stm32f4xx_it.o(i.DMA1_Stream3_IRQHandler) refers to i2s_driver.o(.bss) for i2s_dmarx
    stm32f4xx_it.o(i.DMA1_Stream4_IRQHandler) refers to stm32f4xx_hal_dma.o(i.HAL_DMA_IRQHandler) for HAL_DMA_IRQHandler
    stm32f4xx_it.o(i.DMA1_Stream4_IRQHandler) refers to i2s_driver.o(.bss) for i2s_dmatx
[...]
    xUsaer1_Tx_Queue                         0x2001c06c   Data           4  usart_driver.o(.data)
    I2S_IRQ_Semaphore                        0x2001c108   Data           4  mp3_driver.o(.data)
    I2S_GateQueue                            0x2001c10c   Data           4  mp3_driver.o(.data)
    husart1                                  0x2001cd90   Data          72  usart_driver.o(.bss)
    hdma_usart1_rx                           0x2001cdd8   Data          96  usart_driver.o(.bss)
    hdma_usart1_tx                           0x2001ce38   Data          96  usart_driver.o(.bss)
    __libspace_start                         0x2001ee98   Data          96  libspace.o(.bss)
    __temporary_stack_top$libspace           0x2001eef8   Data           0  libspace.o(.bss)



==============================================================================

Memory Map of the image

  Image Entry point : 0x08000189

  Load Region LR_IROM1 (Base: 0x08000000, Size: 0x000412f0, Max: 0x00100000, ABSOLUTE)

    Execution Region ER_IROM1 (Exec base: 0x08000000, Load base: 0x08000000, Size: 0x000410bc, Max: 0x00100000, ABSOLUTE)

    Exec Addr    Load Addr    Size         Type   Attr      Idx    E Section Name        Object

    0x08000000   0x08000000   0x00000188   Data   RO            3    RESET               startup_stm32f407xx.o
    0x08000188   0x08000188   0x00000008   Code   RO         5618  * !!!main             c_w.l(__main.o)
    0x08000190   0x08000190   0x00000034   Code   RO         6085    !!!scatter          c_w.l(__scatter.o)
    0x080001c4   0x080001c4   0x0000005a   Code   RO         6083    !!dczerorl2         c_w.l(__dczerorl2.o)
    0x0800021e   0x0800021e   0x00000002   PAD
    0x08000220   0x08000220   0x0000001a   Code   RO         6087    !!handler_copy      c_w.l(__scatter_copy.o)
    0x0800023a   0x0800023a   0x00000002   PAD
    0x0800023c   0x0800023c   0x0000001c   Code   RO         6089    !!handler_zi        c_w.l(__scatter_zi.o)
    0x08000258   0x08000258   0x00000000   Code   RO         5729    .ARM.Collect$$_printf_percent$$00000000  c_w.l(_printf_percent.o)
    0x08000258   0x08000258   0x00000006   Code   RO         5718    .ARM.Collect$$_printf_percent$$00000001  c_w.l(_printf_n.o)
    0x0800025e   0x0800025e   0x00000006   Code   RO         5720    .ARM.Collect$$_printf_percent$$00000002  c_w.l(_printf_p.o)
    0x08000264   0x08000264   0x00000006   Code   RO         5725    .ARM.Collect$$_printf_percent$$00000003  c_w.l(_printf_f.o)
    0x0800026a   0x0800026a   0x00000006   Code   RO         5726    .ARM.Collect$$_printf_percent$$00000004  c_w.l(_printf_e.o)
    0x08000270   0x08000270   0x00000006   Code   RO         5727    .ARM.Collect$$_printf_percent$$00000005  c_w.l(_printf_g.o)
    0x08000276   0x08000276   0x00000006   Code   RO         5728    .ARM.Collect$$_printf_percent$$00000006  c_w.l(_printf_a.o)
    0x0800027c   0x0800027c   0x0000000a   Code   RO         5733    .ARM.Collect$$_printf_percent$$00000007  c_w.l(_printf_ll.o)
    0x08000286   0x08000286   0x00000006   Code   RO         5722    .ARM.Collect$$_printf_percent$$00000008  c_w.l(_printf_i.o)
    0x0800028c   0x0800028c   0x00000006   Code   RO         5723    .ARM.Collect$$_printf_percent$$00000009  c_w.l(_printf_d.o)
    0x08000292   0x08000292   0x00000006   Code   RO         5724    .ARM.Collect$$_printf_percent$$0000000A  c_w.l(_printf_u.o)
    0x08000298   0x08000298   0x00000006   Code   RO         5721    .ARM.Collect$$_printf_percent$$0000000B  c_w.l(_printf_o.o)
    0x0800029e   0x0800029e   0x00000006   Code   RO         5719    .ARM.Collect$$_printf_percent$$0000000C  c_w.l(_printf_x.o)
    0x080002a4   0x080002a4   0x00000006   Code   RO         5730    .ARM.Collect$$_printf_percent$$0000000D  c_w.l(_printf_lli.o)
    0x080002aa   0x080002aa   0x00000006   Code   RO         5731    .ARM.Collect$$_printf_percent$$0000000E  c_w.l(_printf_lld.o)
    0x080002b0   0x080002b0   0x00000006   Code   RO         5732    .ARM.Collect$$_printf_percent$$0000000F  c_w.l(_printf_llu.o)
    0x080002b6   0x080002b6   0x00000006   Code   RO         5737    .ARM.Collect$$_printf_percent$$00000010  c_w.l(_printf_llo.o)
    0x080002bc   0x080002bc   0x00000006   Code   RO         5738    .ARM.Collect$$_printf_percent$$00000011  c_w.l(_printf_llx.o)
    0x080002c2   0x080002c2   0x0000000a   Code   RO         5734    .ARM.Collect$$_printf_percent$$00000012  c_w.l(_printf_l.o)
    0x080002cc   0x080002cc   0x00000006   Code   RO         5716    .ARM.Collect$$_printf_percent$$00000013  c_w.l(_printf_c.o)
    0x080002d2   0x080002d2   0x00000006   Code   RO         5717    .ARM.Collect$$_printf_percent$$00000014  c_w.l(_printf_s.o)
    0x080002d8   0x080002d8   0x00000006   Code   RO         5735    .ARM.Collect$$_printf_percent$$00000015  c_w.l(_printf_lc.o)
    0x080002de   0x080002de   0x00000006   Code   RO         5736    .ARM.Collect$$_printf_percent$$00000016  c_w.l(_printf_ls.o)
    0x080002e4   0x080002e4   0x00000004   Code   RO         5802    .ARM.Collect$$_printf_percent$$00000017  c_w.l(_printf_percent_end.o)
    0x080002e8   0x080002e8   0x00000002   Code   RO         5861    .ARM.Collect$$libinit$$00000000  c_w.l(libinit.o)
    0x080002ea   0x080002ea   0x00000004   Code   RO         5862    .ARM.Collect$$libinit$$00000001  c_w.l(libinit2.o)
    0x080002ee   0x080002ee   0x00000000   Code   RO         5865    .ARM.Collect$$libinit$$00000004  c_w.l(libinit2.o)
    0x080002ee   0x080002ee   0x00000000   Code   RO         5868    .ARM.Collect$$libinit$$0000000A  c_w.l(libinit2.o)
    0x080002ee   0x080002ee   0x00000000   Code   RO         5870    .ARM.Collect$$libinit$$0000000C  c_w.l(libinit2.o)
    0x080002ee   0x080002ee   0x00000000   Code   RO         5872    .ARM.Collect$$libinit$$0000000E  c_w.l(libinit2.o)
    0x080002ee   0x080002ee   0x00000006   Code   RO         5873    .ARM.Collect$$libinit$$0000000F  c_w.l(libinit2.o)
    0x080002f4   0x080002f4   0x00000000   Code   RO         5875    .ARM.Collect$$libinit$$00000011  c_w.l(libinit2.o)
    0x080002f4   0x080002f4   0x0000000c   Code   RO         5876    .ARM.Collect$$libinit$$00000012  c_w.l(libinit2.o)
    0x08000300   0x08000300   0x00000000   Code   RO         5877    .ARM.Collect$$libinit$$00000013  c_w.l(libinit2.o)
    0x08000300   0x08000300   0x00000000   Code   RO         5879    .ARM.Collect$$libinit$$00000015  c_w.l(libinit2.o)
    0x08000300   0x08000300   0x0000000a   Code   RO         5880    .ARM.Collect$$libinit$$00000016  c_w.l(libinit2.o)
    0x0800030a   0x0800030a   0x00000000   Code   RO         5881    .ARM.Collect$$libinit$$00000017  c_w.l(libinit2.o)
    0x0800030a   0x0800030a   0x00000000   Code   RO         5883    .ARM.Collect$$libinit$$00000019  c_w.l(libinit2.o)
    0x0800030a   0x0800030a   0x00000000   Code   RO         5885    .ARM.Collect$$libinit$$0000001B  c_w.l(libinit2.o)
    0x0800030a   0x0800030a   0x00000000   Code   RO         5887    .ARM.Collect$$libinit$$0000001D  c_w.l(libinit2.o)
    0x0800030a   0x0800030a   0x00000000   Code   RO         5889    .ARM.Collect$$libinit$$0000001F  c_w.l(libinit2.o)
    0x0800030a   0x0800030a   0x00000000   Code   RO         5891    .ARM.Collect$$libinit$$00000021  c_w.l(libinit2.o)
    0x0800030a   0x0800030a   0x00000000   Code   RO         5893    .ARM.Collect$$libinit$$00000023  c_w.l(libinit2.o)
    0x0800030a   0x0800030a   0x00000000   Code   RO         5895    .ARM.Collect$$libinit$$00000025  c_w.l(libinit2.o)
    0x0800030a   0x0800030a   0x00000000   Code   RO         5899    .ARM.Collect$$libinit$$0000002C  c_w.l(libinit2.o)
    0x0800030a   0x0800030a   0x00000000   Code   RO         5901    .ARM.Collect$$libinit$$0000002E  c_w.l(libinit2.o)
    0x0800030a   0x0800030a   0x00000000   Code   RO         5903    .ARM.Collect$$libinit$$00000030  c_w.l(libinit2.o)
    0x0800030a   0x0800030a   0x00000000   Code   RO         5905    .ARM.Collect$$libinit$$00000032  c_w.l(libinit2.o)
    0x0800030a   0x0800030a   0x00000002   Code   RO         5906    .ARM.Collect$$libinit$$00000033  c_w.l(libinit2.o)
    0x0800030c   0x0800030c   0x00000002   Code   RO         5993    .ARM.Collect$$libshutdown$$00000000  c_w.l(libshutdown.o)
    0x0800030e   0x0800030e   0x00000000   Code   RO         6031    .ARM.Collect$$libshutdown$$00000002  c_w.l(libshutdown2.o)
    0x0800030e   0x0800030e   0x00000000   Code   RO         6033    .ARM.Collect$$libshutdown$$00000004  c_w.l(libshutdown2.o)
    0x0800030e   0x0800030e   0x00000000   Code   RO         6035    .ARM.Collect$$libshutdown$$00000006  c_w.l(libshutdown2.o)
    0x0800030e   0x0800030e   0x00000000   Code   RO         6038    .ARM.Collect$$libshutdown$$00000009  c_w.l(libshutdown2.o)
    0x0800030e   0x0800030e   0x00000000   Code   RO         6041    .ARM.Collect$$libshutdown$$0000000C  c_w.l(libshutdown2.o)
    0x0800030e   0x0800030e   0x00000000   Code   RO         6043    .ARM.Collect$$libshutdown$$0000000E  c_w.l(libshutdown2.o)
    0x0800030e   0x0800030e   0x00000000   Code   RO         6046    .ARM.Collect$$libshutdown$$00000011  c_w.l(libshutdown2.o)
    0x0800030e   0x0800030e   0x00000002   Code   RO         6047    .ARM.Collect$$libshutdown$$00000012  c_w.l(libshutdown2.o)
    0x08000310   0x08000310   0x00000000   Code   RO         5634    .ARM.Collect$$rtentry$$00000000  c_w.l(__rtentry.o)
    0x08000310   0x08000310   0x00000000   Code   RO         5764    .ARM.Collect$$rtentry$$00000002  c_w.l(__rtentry2.o)
    0x08000310   0x08000310   0x00000006   Code   RO         5776    .ARM.Collect$$rtentry$$00000004  c_w.l(__rtentry4.o)
    0x08000316   0x08000316   0x00000000   Code   RO         5766    .ARM.Collect$$rtentry$$00000009  c_w.l(__rtentry2.o)
    0x08000316   0x08000316   0x00000004   Code   RO         5767    .ARM.Collect$$rtentry$$0000000A  c_w.l(__rtentry2.o)
    0x0800031a   0x0800031a   0x00000000   Code   RO         5769    .ARM.Collect$$rtentry$$0000000C  c_w.l(__rtentry2.o)
    0x0800031a   0x0800031a   0x00000008   Code   RO         5770    .ARM.Collect$$rtentry$$0000000D  c_w.l(__rtentry2.o)
    0x08000322   0x08000322   0x00000002   Code   RO         5911    .ARM.Collect$$rtexit$$00000000  c_w.l(rtexit.o)
    0x08000324   0x08000324   0x00000000   Code   RO         5944    .ARM.Collect$$rtexit$$00000002  c_w.l(rtexit2.o)
    0x08000324   0x08000324   0x00000004   Code   RO         5945    .ARM.Collect$$rtexit$$00000003  c_w.l(rtexit2.o)
    0x08000328   0x08000328   0x00000006   Code   RO         5946    .ARM.Collect$$rtexit$$00000004  c_w.l(rtexit2.o)
    0x0800032e   0x0800032e   0x00000002   PAD
    0x08000330   0x08000330   0x000000be   Code   RO         2973    .emb_text           port.o
    0x080003ee   0x080003ee   0x00000002   PAD
    0x080003f0   0x080003f0   0x00000040   Code   RO            4    .text               startup_stm32f407xx.o
    0x08000430   0x08000430   0x000000ee   Code   RO         5592    .text               c_w.l(lludivv7m.o)
    0x0800051e   0x0800051e   0x00000002   PAD
    0x08000520   0x08000520   0x00000034   Code   RO         5594    .text               c_w.l(vsnprintf.o)
    0x08000554   0x08000554   0x00000070   Code   RO         5596    .text               c_w.l(strtol.o)
    0x080005c4   0x080005c4   0x00000072   Code   RO         5598    .text               c_w.l(strtoul.o)
    0x08000636   0x08000636   0x00000014   Code   RO         5600    .text               c_w.l(strchr.o)
    0x0800064a   0x0800064a   0x00000058   Code   RO         5602    .text               c_w.l(memcmp.o)
    0x080006a2   0x080006a2   0x0000008a   Code   RO         5604    .text               c_w.l(rt_memcpy_v6.o)
    0x0800072c   0x0800072c   0x00000084   Code   RO         5606    .text               c_w.l(rt_memmove_v6.o)
    0x080007b0   0x080007b0   0x00000064   Code   RO         5608    .text               c_w.l(rt_memcpy_w.o)
    0x08000814   0x08000814   0x00000010   Code   RO         5610    .text               c_w.l(aeabi_memset.o)
    0x08000824   0x08000824   0x00000044   Code   RO         5612    .text               c_w.l(rt_memclr.o)
    0x08000868   0x08000868   0x0000004e   Code   RO         5614    .text               c_w.l(rt_memclr_w.o)
    0x080008b6   0x080008b6   0x00000006   Code   RO         5616    .text               c_w.l(heapauxi.o)
    0x080008bc   0x080008bc   0x00000010   Code   RO         5635    .text               c_w.l(rt_ctype_table.o)
    0x080008cc   0x080008cc   0x00000008   Code   RO         5644    .text               c_w.l(rt_errno_addr_intlibspace.o)
    0x080008d4   0x080008d4   0x0000004e   Code   RO         5648    .text               c_w.l(_printf_pad.o)
    0x08000922   0x08000922   0x00000024   Code   RO         5650    .text               c_w.l(_printf_truncate.o)
    0x08000946   0x08000946   0x00000052   Code   RO         5652    .text               c_w.l(_printf_str.o)
    0x08000998   0x08000998   0x00000078   Code   RO         5654    .text               c_w.l(_printf_dec.o)
    0x08000a10   0x08000a10   0x00000028   Code   RO         5656    .text               c_w.l(_printf_charcount.o)
    0x08000a38   0x08000a38   0x00000030   Code   RO         5658    .text               c_w.l(_printf_char_common.o)
    0x08000a68   0x08000a68   0x0000000a   Code   RO         5660    .text               c_w.l(_sputc.o)
    0x08000a72   0x08000a72   0x00000010   Code   RO         5662    .text               c_w.l(_snputc.o)
    0x08000a82   0x08000a82   0x00000002   PAD
    0x08000a84   0x08000a84   0x000000bc   Code   RO         5664    .text               c_w.l(_printf_wctomb.o)
    0x08000b40   0x08000b40   0x0000007c   Code   RO         5667    .text               c_w.l(_printf_longlong_dec.o)
    0x08000bbc   0x08000bbc   0x00000070   Code   RO         5673    .text               c_w.l(_printf_oct_int_ll.o)
    0x08000c2c   0x08000c2c   0x00000094   Code   RO         5693    .text               c_w.l(_printf_hex_int_ll_ptr.o)
    0x08000cc0   0x08000cc0   0x00000188   Code   RO         5713    .text               c_w.l(__printf_flags_ss_wp.o)
    0x08000e48   0x08000e48   0x0000009e   Code   RO         5739    .text               c_w.l(_strtoul.o)
    0x08000ee6   0x08000ee6   0x00000002   PAD
    0x08000ee8   0x08000ee8   0x000000a4   Code   RO         5741    .text               c_w.l(strtod.o)
    0x08000f8c   0x08000f8c   0x0000007a   Code   RO         5743    .text               c_w.l(rt_memmove_w.o)
    0x08001006   0x08001006   0x00000002   PAD
    0x08001008   0x08001008   0x00000008   Code   RO         5760    .text               c_w.l(libspace.o)
    0x08001010   0x08001010   0x00000008   Code   RO         5783    .text               c_w.l(rt_locale_intlibspace.o)
    0x08001018   0x08001018   0x0000008a   Code   RO         5785    .text               c_w.l(lludiv10.o)
    0x080010a2   0x080010a2   0x00000012   Code   RO         5787    .text               c_w.l(isspace.o)
    0x080010b4   0x080010b4   0x000000b2   Code   RO         5789    .text               c_w.l(_printf_intcommon.o)
    0x08001166   0x08001166   0x0000041e   Code   RO         5791    .text               c_w.l(_printf_fp_dec.o)
    0x08001584   0x08001584   0x000002fc   Code   RO         5793    .text               c_w.l(_printf_fp_hex.o)
    0x08001880   0x08001880   0x0000002c   Code   RO         5798    .text               c_w.l(_printf_char.o)
    0x080018ac   0x080018ac   0x0000002c   Code   RO         5800    .text               c_w.l(_printf_wchar.o)
    0x080018d8   0x080018d8   0x0000001c   Code   RO         5803    .text               c_w.l(_chval.o)
    0x080018f4   0x080018f4   0x00000040   Code   RO         5805    .text               c_w.l(_sgetc.o)
    0x08001934   0x08001934   0x00000040   Code   RO         5807    .text               c_w.l(_wcrtomb.o)
    0x08001974   0x08001974   0x0000004a   Code   RO         5817    .text               c_w.l(sys_stackheap_outer.o)
    0x080019be   0x080019be   0x00000002   PAD
    0x080019c0   0x080019c0   0x00000080   Code   RO         5819    .text               c_w.l(_printf_fp_infnan.o)
    0x08001a40   0x08001a40   0x000004f8   Code   RO         5821    .text               c_w.l(scanf_fp.o)
    0x08001f38   0x08001f38   0x000000e4   Code   RO         5823    .text               c_w.l(bigflt0.o)
    0x0800201c   0x0800201c   0x00000012   Code   RO         5848    .text               c_w.l(exit.o)
    0x0800202e   0x0800202e   0x00000002   PAD
    0x08002030   0x08002030   0x00000080   Code   RO         5854    .text               c_w.l(strcmpv7m.o)
    0x080020b0   0x080020b0   0x0000000c   Code   RO         5941    .text               c_w.l(sys_exit.o)
    0x080020bc   0x080020bc   0x00000016   Code   RO         5950    .text               c_w.l(_rserrno.o)
    0x080020d2   0x080020d2   0x00000002   PAD
    0x080020d4   0x080020d4   0x00000320   Code   RO         5952    .text               c_w.l(scanf_hexfp.o)
    0x080023f4   0x080023f4   0x00000134   Code   RO         5954    .text               c_w.l(scanf_infnan.o)
    0x08002528   0x08002528   0x00000002   Code   RO         5978    .text               c_w.l(use_no_semi.o)
    0x0800252a   0x0800252a   0x00000000   Code   RO         5980    .text               c_w.l(indicate_semi.o)
    0x0800252a   0x0800252a   0x00000026   Code   RO         5983    .text               c_w.l(llshl.o)
    0x08002550   0x08002550   0x0000003e   Code   RO         5826    CL$$btod_d2e        c_w.l(btod.o)
    0x0800258e   0x0800258e   0x00000046   Code   RO         5828    CL$$btod_d2e_denorm_low  c_w.l(btod.o)
    0x080025d4   0x080025d4   0x00000060   Code   RO         5827    CL$$btod_d2e_norm_op1  c_w.l(btod.o)
    0x08002634   0x08002634   0x00000338   Code   RO         5836    CL$$btod_div_common  c_w.l(btod.o)
    0x0800296c   0x0800296c   0x00000084   Code   RO         5834    CL$$btod_e2d        c_w.l(btod.o)
    0x080029f0   0x080029f0   0x000000dc   Code   RO         5833    CL$$btod_e2e        c_w.l(btod.o)
    0x08002acc   0x08002acc   0x0000002a   Code   RO         5830    CL$$btod_ediv       c_w.l(btod.o)
    0x08002af6   0x08002af6   0x0000002a   Code   RO         5832    CL$$btod_edivd      c_w.l(btod.o)
    0x08002b20   0x08002b20   0x0000002a   Code   RO         5829    CL$$btod_emul       c_w.l(btod.o)
    0x08002b4a   0x08002b4a   0x0000002a   Code   RO         5831    CL$$btod_emuld      c_w.l(btod.o)
    0x08002b74   0x08002b74   0x00000244   Code   RO         5835    CL$$btod_mult_common  c_w.l(btod.o)
    0x08002db8   0x08002db8   0x00000004   Code   RO          246    i.BusFault_Handler  stm32f4xx_it.o
    0x08002dbc   0x08002dbc   0x00000010   Code   RO          247    i.DMA1_Stream3_IRQHandler  stm32f4xx_it.o
    0x08002dcc   0x08002dcc   0x00000010   Code   RO          248    i.DMA1_Stream4_IRQHandler  stm32f4xx_it.o
    0x08002ddc   0x08002ddc   0x00000010   Code   RO          249    i.DMA2_Stream2_IRQHandler  stm32f4xx_it.o
    0x08002dec   0x08002dec   0x00000010   Code   RO          250    i.DMA2_Stream3_IRQHandler  stm32f4xx_it.o
    0x08002dfc   0x08002dfc   0x00000010   Code   RO          251    i.DMA2_Stream6_IRQHandler  stm32f4xx_it.o
    0x08002e0c   0x08002e0c   0x00000010   Code   RO          252    i.DMA2_Stream7_IRQHandler  stm32f4xx_it.o
    0x08002e1c   0x08002e1c   0x00000034   Code   RO          760    i.DMA_CalcBaseAndBitshift  stm32f4xx_hal_dma.o
    0x08002e50   0x08002e50   0x000000aa   Code   RO          761    i.DMA_CheckFifoParam  stm32f4xx_hal_dma.o
    0x08002efa   0x08002efa   0x0000002c   Code   RO          762    i.DMA_SetConfig     stm32f4xx_hal_dma.o
    0x08002f26   0x08002f26   0x00000002   Code   RO          253    i.DebugMon_Handler  stm32f4xx_it.o
    0x08002f28   0x08002f28   0x00000006   Code   RO           13    i.Error_Handler     main.o
    0x08002f2e   0x08002f2e   0x00000004   Code   RO         5017    i.FLASH_disk_initialize  ff_platform.o
    0x08002f32   0x08002f32   0x00000006   Code   RO         5018    i.FLASH_disk_read   ff_platform.o
    0x08002f38   0x08002f38   0x00000004   Code   RO         5019    i.FLASH_disk_status  ff_platform.o
    0x08002f3c   0x08002f3c   0x00000006   Code   RO         5020    i.FLASH_disk_write  ff_platform.o
    0x08002f42   0x08002f42   0x000000ac   Code   RO          763    i.HAL_DMA_Abort     stm32f4xx_hal_dma.o
    0x08002fee   0x08002fee   0x00000028   Code   RO          764    i.HAL_DMA_Abort_IT  stm32f4xx_hal_dma.o
    0x08003016   0x08003016   0x00000006   Code   RO          766    i.HAL_DMA_GetError  stm32f4xx_hal_dma.o
    0x0800301c   0x0800301c   0x00000240   Code   RO          768    i.HAL_DMA_IRQHandler  stm32f4xx_hal_dma.o
    0x0800325c   0x0800325c   0x000000ec   Code   RO          769    i.HAL_DMA_Init      stm32f4xx_hal_dma.o
    0x08003348   0x08003348   0x00000092   Code   RO          773    i.HAL_DMA_Start_IT  stm32f4xx_hal_dma.o
    0x080033da   0x080033da   0x00000002   PAD
    0x080033dc   0x080033dc   0x00000028   Code   RO         1031    i.HAL_Delay         stm32f4xx_hal.o
    0x08003404   0x08003404   0x000001f4   Code   RO          697    i.HAL_GPIO_Init     stm32f4xx_hal_gpio.o
    0x080035f8   0x080035f8   0x0000000c   Code   RO          701    i.HAL_GPIO_WritePin  stm32f4xx_hal_gpio.o
    0x08003604   0x08003604   0x0000000c   Code   RO         1037    i.HAL_GetTick       stm32f4xx_hal.o
    0x08003610   0x08003610   0x000001d0   Code   RO         1221    i.HAL_I2C_Init      stm32f4xx_hal_i2c.o
    0x080037e0   0x080037e0   0x00000170   Code   RO         1234    i.HAL_I2C_Master_Transmit  stm32f4xx_hal_i2c.o
    0x08003950   0x08003950   0x00000078   Code   RO         4147    i.HAL_I2C_MspInit   iic_driver.o
    0x080039c8   0x080039c8   0x00000244   Code   RO         1876    i.HAL_I2SEx_FullDuplex_IRQHandler  stm32f4xx_hal_i2s_ex.o
    0x08003c0c   0x08003c0c   0x00000002   Code   RO         1880    i.HAL_I2SEx_TxRxCpltCallback  stm32f4xx_hal_i2s_ex.o
    0x08003c0e   0x08003c0e   0x00000002   PAD
    0x08003c10   0x08003c10   0x000002e0   Code   RO         1689    i.HAL_I2S_DMAStop   stm32f4xx_hal_i2s.o
    0x08003ef0   0x08003ef0   0x00000002   Code   RO         1691    i.HAL_I2S_ErrorCallback  stm32f4xx_hal_i2s.o
    0x08003ef2   0x08003ef2   0x0000000c   Code   RO         1694    i.HAL_I2S_IRQHandler  stm32f4xx_hal_i2s.o
    0x08003efe   0x08003efe   0x00000002   PAD
    0x08003f00   0x08003f00   0x000001c8   Code   RO         1695    i.HAL_I2S_Init      stm32f4xx_hal_i2s.o
    0x080040c8   0x080040c8   0x00000190   Code   RO         4093    i.HAL_I2S_MspInit   i2s_driver.o
    0x08004258   0x08004258   0x00000002   Code   RO         1701    i.HAL_I2S_RxCpltCallback  stm32f4xx_hal_i2s.o
    0x0800425a   0x0800425a   0x00000002   PAD
    0x0800425c   0x0800425c   0x000000f4   Code   RO         1704    i.HAL_I2S_Transmit_DMA  stm32f4xx_hal_i2s.o
    0x08004350   0x08004350   0x00000048   Code   RO         5273    i.HAL_I2S_TxCpltCallback  mp3_driver.o
    0x08004398   0x08004398   0x00000002   Code   RO         1707    i.HAL_I2S_TxHalfCpltCallback  stm32f4xx_hal_i2s.o
    0x0800439a   0x0800439a   0x00000002   PAD
    0x0800439c   0x0800439c   0x00000018   Code   RO         1043    i.HAL_IncTick       stm32f4xx_hal.o
    0x080043b4   0x080043b4   0x0000003c   Code   RO         1044    i.HAL_Init          stm32f4xx_hal.o
    0x080043f0   0x080043f0   0x0000004c   Code   RO         1045    i.HAL_InitTick      stm32f4xx_hal.o
    0x0800443c   0x0800443c   0x00000048   Code   RO          364    i.HAL_MspInit       stm32f4xx_hal_msp.o
    0x08004484   0x08004484   0x00000028   Code   RO          874    i.HAL_NVIC_EnableIRQ  stm32f4xx_hal_cortex.o
    0x080044ac   0x080044ac   0x0000007c   Code   RO          880    i.HAL_NVIC_SetPriority  stm32f4xx_hal_cortex.o
    0x08004528   0x08004528   0x00000028   Code   RO          881    i.HAL_NVIC_SetPriorityGrouping  stm32f4xx_hal_cortex.o
    0x08004550   0x08004550   0x00000038   Code   RO          640    i.HAL_RCCEx_DisablePLLI2S  stm32f4xx_hal_rcc_ex.o
    0x08004588   0x08004588   0x00000070   Code   RO          641    i.HAL_RCCEx_EnablePLLI2S  stm32f4xx_hal_rcc_ex.o
    0x080045f8   0x080045f8   0x00000094   Code   RO          643    i.HAL_RCCEx_GetPeriphCLKFreq  stm32f4xx_hal_rcc_ex.o
    0x0800468c   0x0800468c   0x00000002   Code   RO          538    i.HAL_RCC_CSSCallback  stm32f4xx_hal_rcc.o
    0x0800468e   0x0800468e   0x00000002   PAD
    0x08004690   0x08004690   0x00000184   Code   RO          539    i.HAL_RCC_ClockConfig  stm32f4xx_hal_rcc.o
    0x08004814   0x08004814   0x0000000c   Code   RO          544    i.HAL_RCC_GetHCLKFreq  stm32f4xx_hal_rcc.o
    0x08004820   0x08004820   0x00000020   Code   RO          546    i.HAL_RCC_GetPCLK1Freq  stm32f4xx_hal_rcc.o
    0x08004840   0x08004840   0x00000020   Code   RO          547    i.HAL_RCC_GetPCLK2Freq  stm32f4xx_hal_rcc.o
    0x08004860   0x08004860   0x000000b0   Code   RO          548    i.HAL_RCC_GetSysClockFreq  stm32f4xx_hal_rcc.o
    0x08004910   0x08004910   0x00000020   Code   RO          550    i.HAL_RCC_NMI_IRQHandler  stm32f4xx_hal_rcc.o
    0x08004930   0x08004930   0x0000049c   Code   RO          551    i.HAL_RCC_OscConfig  stm32f4xx_hal_rcc.o
    0x08004dcc   0x08004dcc   0x000000a0   Code   RO         1970    i.HAL_SD_Abort      stm32f4xx_hal_sd.o
    0x08004e6c   0x08004e6c   0x00000002   Code   RO         1971    i.HAL_SD_AbortCallback  stm32f4xx_hal_sd.o
    0x08004e6e   0x08004e6e   0x00000002   PAD
    0x08004e70   0x08004e70   0x000000c8   Code   RO         1973    i.HAL_SD_ConfigWideBusOperation  stm32f4xx_hal_sd.o
    0x08004f38   0x08004f38   0x00000002   Code   RO         1976    i.HAL_SD_ErrorCallback  stm32f4xx_hal_sd.o
    0x08004f3a   0x08004f3a   0x00000002   PAD
    0x08004f3c   0x08004f3c   0x000001c8   Code   RO         1978    i.HAL_SD_GetCardCSD  stm32f4xx_hal_sd.o
    0x08005104   0x08005104   0x00000024   Code   RO         1980    i.HAL_SD_GetCardState  stm32f4xx_hal_sd.o
    0x08005128   0x08005128   0x0000021c   Code   RO         1984    i.HAL_SD_IRQHandler  stm32f4xx_hal_sd.o
    0x08005344   0x08005344   0x0000003c   Code   RO         1985    i.HAL_SD_Init       stm32f4xx_hal_sd.o
    0x08005380   0x08005380   0x000000a8   Code   RO         1986    i.HAL_SD_InitCard   stm32f4xx_hal_sd.o
    0x08005428   0x08005428   0x000000f8   Code   RO         4190    i.HAL_SD_MspInit    sd2_driver.o
    0x08005520   0x08005520   0x00000150   Code   RO         1990    i.HAL_SD_ReadBlocks_DMA  stm32f4xx_hal_sd.o
    0x08005670   0x08005670   0x00000048   Code   RO         5021    i.HAL_SD_RxCpltCallback  ff_platform.o
    0x080056b8   0x080056b8   0x00000002   Code   RO         1993    i.HAL_SD_TxCpltCallback  stm32f4xx_hal_sd.o
    0x080056ba   0x080056ba   0x00000002   PAD
    0x080056bc   0x080056bc   0x0000023c   Code   RO         1994    i.HAL_SD_WriteBlocks  stm32f4xx_hal_sd.o
    0x080058f8   0x080058f8   0x00000034   Code   RO          885    i.HAL_SYSTICK_Config  stm32f4xx_hal_cortex.o
    0x0800592c   0x0800592c   0x00000002   Code   RO         2237    i.HAL_UARTEx_RxEventCallback  stm32f4xx_hal_uart.o
    0x0800592e   0x0800592e   0x00000002   PAD
    0x08005930   0x08005930   0x00000060   Code   RO         4237    i.HAL_UART_ErrorCallback  usart_driver.o
    0x08005990   0x08005990   0x00000308   Code   RO         2254    i.HAL_UART_IRQHandler  stm32f4xx_hal_uart.o
    0x08005c98   0x08005c98   0x00000076   Code   RO         2255    i.HAL_UART_Init     stm32f4xx_hal_uart.o
    0x08005d0e   0x08005d0e   0x00000002   PAD
    0x08005d10   0x08005d10   0x00000150   Code   RO         4239    i.HAL_UART_MspInit  usart_driver.o
    0x08005e60   0x08005e60   0x0000002c   Code   RO         2259    i.HAL_UART_Receive_DMA  stm32f4xx_hal_uart.o
    0x08005e8c   0x08005e8c   0x0000005c   Code   RO         4240    i.HAL_UART_RxCpltCallback  usart_driver.o
    0x08005ee8   0x08005ee8   0x00000040   Code   RO         4241    i.HAL_UART_RxHalfCpltCallback  usart_driver.o
    0x08005f28   0x08005f28   0x0000009c   Code   RO         2264    i.HAL_UART_Transmit_DMA  stm32f4xx_hal_uart.o
    0x08005fc4   0x08005fc4   0x00000068   Code   RO         4242    i.HAL_UART_TxCpltCallback  usart_driver.o
    0x0800602c   0x0800602c   0x00000002   Code   RO         2267    i.HAL_UART_TxHalfCpltCallback  stm32f4xx_hal_uart.o
    0x0800602e   0x0800602e   0x00000004   Code   RO          254    i.HardFault_Handler  stm32f4xx_it.o
    0x08006032   0x08006032   0x0000003e   Code   RO         1265    i.I2C_IsAcknowledgeFailed  stm32f4xx_hal_i2c.o
    0x08006070   0x08006070   0x000000c0   Code   RO         1269    i.I2C_MasterRequestWrite  stm32f4xx_hal_i2c.o
    0x08006130   0x08006130   0x00000066   Code   RO         1285    i.I2C_WaitOnBTFFlagUntilTimeout  stm32f4xx_hal_i2c.o
    0x08006196   0x08006196   0x000000be   Code   RO         1286    i.I2C_WaitOnFlagUntilTimeout  stm32f4xx_hal_i2c.o
    0x08006254   0x08006254   0x000000fa   Code   RO         1287    i.I2C_WaitOnMasterAddressFlagUntilTimeout  stm32f4xx_hal_i2c.o
    0x0800634e   0x0800634e   0x00000066   Code   RO         1291    i.I2C_WaitOnTXEFlagUntilTimeout  stm32f4xx_hal_i2c.o
    0x080063b4   0x080063b4   0x0000003a   Code   RO         1883    i.I2SEx_RxISR_I2S   stm32f4xx_hal_i2s_ex.o
    0x080063ee   0x080063ee   0x00000002   PAD
    0x080063f0   0x080063f0   0x0000006c   Code   RO         1884    i.I2SEx_RxISR_I2SExt  stm32f4xx_hal_i2s_ex.o
    0x0800645c   0x0800645c   0x00000038   Code   RO         1885    i.I2SEx_TxISR_I2S   stm32f4xx_hal_i2s_ex.o
    0x08006494   0x08006494   0x0000006c   Code   RO         1886    i.I2SEx_TxISR_I2SExt  stm32f4xx_hal_i2s_ex.o
    0x08006500   0x08006500   0x0000002e   Code   RO         1708    i.I2S_DMAError      stm32f4xx_hal_i2s.o
    0x0800652e   0x0800652e   0x00000028   Code   RO         1711    i.I2S_DMATxCplt     stm32f4xx_hal_i2s.o
    0x08006556   0x08006556   0x0000000e   Code   RO         1712    i.I2S_DMATxHalfCplt  stm32f4xx_hal_i2s.o
    0x08006564   0x08006564   0x000000e0   Code   RO         5274    i.I2S_GateKeeper    mp3_driver.o
    0x08006644   0x08006644   0x000000dc   Code   RO         1713    i.I2S_IRQHandler    stm32f4xx_hal_i2s.o
    0x08006720   0x08006720   0x00000036   Code   RO         1714    i.I2S_Receive_IT    stm32f4xx_hal_i2s.o
    0x08006756   0x08006756   0x00000036   Code   RO         1715    i.I2S_Transmit_IT   stm32f4xx_hal_i2s.o
    0x0800678c   0x0800678c   0x00000054   Code   RO         1716    i.I2S_WaitFlagStateUntilTimeout  stm32f4xx_hal_i2s.o
    0x080067e0   0x080067e0   0x00000094   Code   RO         5275    i.L12_apply_scf_384  mp3_driver.o
    0x08006874   0x08006874   0x000000e0   Code   RO         5276    i.L12_dequantize_granule  mp3_driver.o
    0x08006954   0x08006954   0x000000f8   Code   RO         5277    i.L12_read_scale_info  mp3_driver.o
    0x08006a4c   0x08006a4c   0x000000ac   Code   RO         5278    i.L12_read_scalefactors  mp3_driver.o
    0x08006af8   0x08006af8   0x000000bc   Code   RO         5279    i.L12_subband_alloc_table  mp3_driver.o
    0x08006bb4   0x08006bb4   0x00000090   Code   RO         5280    i.L3_antialias      mp3_driver.o
    0x08006c44   0x08006c44   0x0000002e   Code   RO         5281    i.L3_change_sign    mp3_driver.o
    0x08006c72   0x08006c72   0x00000002   PAD
    0x08006c74   0x08006c74   0x000001ac   Code   RO         5282    i.L3_dct3_9         mp3_driver.o
    0x08006e20   0x08006e20   0x0000017e   Code   RO         5283    i.L3_decode         mp3_driver.o
    0x08006f9e   0x08006f9e   0x00000002   PAD
    0x08006fa0   0x08006fa0   0x000001f4   Code   RO         5284    i.L3_decode_scalefactors  mp3_driver.o
    0x08007194   0x08007194   0x00000442   Code   RO         5285    i.L3_huffman        mp3_driver.o
    0x080075d6   0x080075d6   0x00000002   PAD
    0x080075d8   0x080075d8   0x0000003c   Code   RO         5286    i.L3_idct3          mp3_driver.o
    0x08007614   0x08007614   0x00000158   Code   RO         5287    i.L3_imdct12        mp3_driver.o
    0x0800776c   0x0800776c   0x0000020c   Code   RO         5288    i.L3_imdct36        mp3_driver.o
    0x08007978   0x08007978   0x00000064   Code   RO         5289    i.L3_imdct_gr       mp3_driver.o
    0x080079dc   0x080079dc   0x00000056   Code   RO         5290    i.L3_imdct_short    mp3_driver.o
    0x08007a32   0x08007a32   0x000000b6   Code   RO         5291    i.L3_intensity_stereo  mp3_driver.o
    0x08007ae8   0x08007ae8   0x0000003a   Code   RO         5292    i.L3_intensity_stereo_band  mp3_driver.o
    0x08007b22   0x08007b22   0x00000002   PAD
    0x08007b24   0x08007b24   0x00000044   Code   RO         5293    i.L3_ldexp_q2       mp3_driver.o
    0x08007b68   0x08007b68   0x00000044   Code   RO         5294    i.L3_midside_stereo  mp3_driver.o
    0x08007bac   0x08007bac   0x00000090   Code   RO         5295    i.L3_pow_43         mp3_driver.o
    0x08007c3c   0x08007c3c   0x000000b8   Code   RO         5296    i.L3_read_scalefactors  mp3_driver.o
    0x08007cf4   0x08007cf4   0x0000024c   Code   RO         5297    i.L3_read_side_info  mp3_driver.o
    0x08007f40   0x08007f40   0x00000068   Code   RO         5298    i.L3_reorder        mp3_driver.o
    0x08007fa8   0x08007fa8   0x000000b2   Code   RO         5299    i.L3_restore_reservoir  mp3_driver.o
    0x0800805a   0x0800805a   0x00000044   Code   RO         5300    i.L3_save_reservoir  mp3_driver.o
    0x0800809e   0x0800809e   0x00000002   PAD
    0x080080a0   0x080080a0   0x000000f0   Code   RO         5301    i.L3_stereo_process  mp3_driver.o
    0x08008190   0x08008190   0x00000066   Code   RO         5302    i.L3_stereo_top_band  mp3_driver.o
    0x080081f6   0x080081f6   0x00000002   PAD
    0x080081f8   0x080081f8   0x00000138   Code   RO          222    i.MX_GPIO_Init      gpio.o
    0x08008330   0x08008330   0x00000004   Code   RO          255    i.MemManage_Handler  stm32f4xx_it.o
    0x08008334   0x08008334   0x00000008   Code   RO          256    i.NMI_Handler       stm32f4xx_it.o
    0x0800833c   0x0800833c   0x0000002c   Code   RO         2598    i.SDIO_ConfigData   stm32f4xx_ll_sdmmc.o
    0x08008368   0x08008368   0x00000008   Code   RO         2599    i.SDIO_GetCommandResponse  stm32f4xx_ll_sdmmc.o
    0x08008370   0x08008370   0x0000000a   Code   RO         2602    i.SDIO_GetPowerState  stm32f4xx_ll_sdmmc.o
    0x0800837a   0x0800837a   0x0000000c   Code   RO         2603    i.SDIO_GetResponse  stm32f4xx_ll_sdmmc.o
    0x08008386   0x08008386   0x00000002   PAD
    0x08008388   0x08008388   0x00000010   Code   RO          257    i.SDIO_IRQHandler   stm32f4xx_it.o
    0x08008398   0x08008398   0x00000034   Code   RO         2604    i.SDIO_Init         stm32f4xx_ll_sdmmc.o
    0x080083cc   0x080083cc   0x0000000a   Code   RO         2606    i.SDIO_PowerState_ON  stm32f4xx_ll_sdmmc.o
    0x080083d6   0x080083d6   0x00000008   Code   RO         2607    i.SDIO_ReadFIFO     stm32f4xx_ll_sdmmc.o
    0x080083de   0x080083de   0x00000028   Code   RO         2608    i.SDIO_SendCommand  stm32f4xx_ll_sdmmc.o
    0x08008406   0x08008406   0x0000000c   Code   RO         2610    i.SDIO_WriteFIFO    stm32f4xx_ll_sdmmc.o
    0x08008412   0x08008412   0x00000038   Code   RO         2611    i.SDMMC_CmdAppCommand  stm32f4xx_ll_sdmmc.o
    0x0800844a   0x0800844a   0x00000002   PAD
    0x0800844c   0x0800844c   0x0000003c   Code   RO         2612    i.SDMMC_CmdAppOperCommand  stm32f4xx_ll_sdmmc.o
    0x08008488   0x08008488   0x00000038   Code   RO         2613    i.SDMMC_CmdBlockLength  stm32f4xx_ll_sdmmc.o
    0x080084c0   0x080084c0   0x00000038   Code   RO         2614    i.SDMMC_CmdBusWidth  stm32f4xx_ll_sdmmc.o
    0x080084f8   0x080084f8   0x0000002c   Code   RO         2618    i.SDMMC_CmdGoIdleState  stm32f4xx_ll_sdmmc.o
    0x08008524   0x08008524   0x00000034   Code   RO         2620    i.SDMMC_CmdOperCond  stm32f4xx_ll_sdmmc.o
    0x08008558   0x08008558   0x00000038   Code   RO         2621    i.SDMMC_CmdReadMultiBlock  stm32f4xx_ll_sdmmc.o
    0x08008590   0x08008590   0x00000038   Code   RO         2622    i.SDMMC_CmdReadSingleBlock  stm32f4xx_ll_sdmmc.o
    0x080085c8   0x080085c8   0x0000003a   Code   RO         2625    i.SDMMC_CmdSelDesel  stm32f4xx_ll_sdmmc.o
    0x08008602   0x08008602   0x00000032   Code   RO         2626    i.SDMMC_CmdSendCID  stm32f4xx_ll_sdmmc.o
    0x08008634   0x08008634   0x00000032   Code   RO         2627    i.SDMMC_CmdSendCSD  stm32f4xx_ll_sdmmc.o
    0x08008666   0x08008666   0x00000038   Code   RO         2629    i.SDMMC_CmdSendSCR  stm32f4xx_ll_sdmmc.o
    0x0800869e   0x0800869e   0x00000038   Code   RO         2630    i.SDMMC_CmdSendStatus  stm32f4xx_ll_sdmmc.o
    0x080086d6   0x080086d6   0x00000038   Code   RO         2631    i.SDMMC_CmdSetRelAdd  stm32f4xx_ll_sdmmc.o
    0x0800870e   0x0800870e   0x00000002   PAD
    0x08008710   0x08008710   0x0000003c   Code   RO         2634    i.SDMMC_CmdStopTransfer  stm32f4xx_ll_sdmmc.o
    0x0800874c   0x0800874c   0x00000038   Code   RO         2636    i.SDMMC_CmdWriteMultiBlock  stm32f4xx_ll_sdmmc.o
    0x08008784   0x08008784   0x00000038   Code   RO         2637    i.SDMMC_CmdWriteSingleBlock  stm32f4xx_ll_sdmmc.o
    0x080087bc   0x080087bc   0x00000040   Code   RO         2638    i.SDMMC_GetCmdError  stm32f4xx_ll_sdmmc.o
    0x080087fc   0x080087fc   0x000001ac   Code   RO         2639    i.SDMMC_GetCmdResp1  stm32f4xx_ll_sdmmc.o
    0x080089a8   0x080089a8   0x00000064   Code   RO         2640    i.SDMMC_GetCmdResp2  stm32f4xx_ll_sdmmc.o
    0x08008a0c   0x08008a0c   0x00000058   Code   RO         2641    i.SDMMC_GetCmdResp3  stm32f4xx_ll_sdmmc.o
    0x08008a64   0x08008a64   0x000000b8   Code   RO         2642    i.SDMMC_GetCmdResp6  stm32f4xx_ll_sdmmc.o
    0x08008b1c   0x08008b1c   0x0000006c   Code   RO         2643    i.SDMMC_GetCmdResp7  stm32f4xx_ll_sdmmc.o
    0x08008b88   0x08008b88   0x00000074   Code   RO         1997    i.SD_DMAError       stm32f4xx_hal_sd.o
    0x08008bfc   0x08008bfc   0x00000048   Code   RO         1998    i.SD_DMAReceiveCplt  stm32f4xx_hal_sd.o
    0x08008c44   0x08008c44   0x00000048   Code   RO         1999    i.SD_DMARxAbort     stm32f4xx_hal_sd.o
    0x08008c8c   0x08008c8c   0x00000048   Code   RO         2001    i.SD_DMATxAbort     stm32f4xx_hal_sd.o
    0x08008cd4   0x08008cd4   0x0000014c   Code   RO         2002    i.SD_FindSCR        stm32f4xx_hal_sd.o
    0x08008e20   0x08008e20   0x00000102   Code   RO         2003    i.SD_InitCard       stm32f4xx_hal_sd.o
    0x08008f22   0x08008f22   0x00000002   PAD
    0x08008f24   0x08008f24   0x000000cc   Code   RO         2005    i.SD_PowerON        stm32f4xx_hal_sd.o
    0x08008ff0   0x08008ff0   0x0000004a   Code   RO         2006    i.SD_Read_IT        stm32f4xx_hal_sd.o
    0x0800903a   0x0800903a   0x00000030   Code   RO         2008    i.SD_SendStatus     stm32f4xx_hal_sd.o
    0x0800906a   0x0800906a   0x00000068   Code   RO         2009    i.SD_WideBus_Disable  stm32f4xx_hal_sd.o
    0x080090d2   0x080090d2   0x00000068   Code   RO         2010    i.SD_WideBus_Enable  stm32f4xx_hal_sd.o
    0x0800913a   0x0800913a   0x00000054   Code   RO         2011    i.SD_Write_IT       stm32f4xx_hal_sd.o
    0x0800918e   0x0800918e   0x00000002   PAD
    0x08009190   0x08009190   0x00000060   Code   RO         5022    i.SD_disk_initialize  ff_platform.o
    0x080091f0   0x080091f0   0x000000b0   Code   RO         5023    i.SD_disk_read      ff_platform.o
    0x080092a0   0x080092a0   0x00000010   Code   RO         5024    i.SD_disk_status    ff_platform.o
    0x080092b0   0x080092b0   0x000000b4   Code   RO         5025    i.SD_disk_write     ff_platform.o
    0x08009364   0x08009364   0x00000010   Code   RO          258    i.SPI2_IRQHandler   stm32f4xx_it.o
    0x08009374   0x08009374   0x00000014   Code   RO          259    i.SysTick_Handler   stm32f4xx_it.o
    0x08009388   0x08009388   0x000000b4   Code   RO           14    i.SystemClock_Config  main.o
    0x0800943c   0x0800943c   0x00000014   Code   RO         2892    i.SystemInit        system_stm32f4xx.o
    0x08009450   0x08009450   0x00000012   Code   RO         2268    i.UART_DMAAbortOnError  stm32f4xx_hal_uart.o
    0x08009462   0x08009462   0x00000050   Code   RO         2269    i.UART_DMAError     stm32f4xx_hal_uart.o
    0x080094b2   0x080094b2   0x000000b4   Code   RO         2270    i.UART_DMAReceiveCplt  stm32f4xx_hal_uart.o
    0x08009566   0x08009566   0x00000024   Code   RO         2272    i.UART_DMARxHalfCplt  stm32f4xx_hal_uart.o
    0x0800958a   0x0800958a   0x00000058   Code   RO         2274    i.UART_DMATransmitCplt  stm32f4xx_hal_uart.o
    0x080095e2   0x080095e2   0x0000000e   Code   RO         2276    i.UART_DMATxHalfCplt  stm32f4xx_hal_uart.o
    0x080095f0   0x080095f0   0x0000006c   Code   RO         2278    i.UART_EndRxTransfer  stm32f4xx_hal_uart.o
    0x0800965c   0x0800965c   0x00000020   Code   RO         2279    i.UART_EndTransmit_IT  stm32f4xx_hal_uart.o
    0x0800967c   0x0800967c   0x00000026   Code   RO         2280    i.UART_EndTxTransfer  stm32f4xx_hal_uart.o
    0x080096a2   0x080096a2   0x000000fc   Code   RO         2281    i.UART_Receive_IT   stm32f4xx_hal_uart.o
    0x0800979e   0x0800979e   0x00000002   PAD
    0x080097a0   0x080097a0   0x0000022c   Code   RO         2282    i.UART_SetConfig    stm32f4xx_hal_uart.o
    0x080099cc   0x080099cc   0x000000d8   Code   RO         2283    i.UART_Start_Receive_DMA  stm32f4xx_hal_uart.o
    0x08009aa4   0x08009aa4   0x00000060   Code   RO         2285    i.UART_Transmit_IT  stm32f4xx_hal_uart.o
    0x08009b04   0x08009b04   0x0000006c   Code   RO          260    i.USART1_IRQHandler  stm32f4xx_it.o
    0x08009b70   0x08009b70   0x00000004   Code   RO         5026    i.USB_disk_initialize  ff_platform.o
    0x08009b74   0x08009b74   0x00000006   Code   RO         5027    i.USB_disk_read     ff_platform.o
    0x08009b7a   0x08009b7a   0x00000004   Code   RO         5028    i.USB_disk_status   ff_platform.o
    0x08009b7e   0x08009b7e   0x00000006   Code   RO         5029    i.USB_disk_write    ff_platform.o
    0x08009b84   0x08009b84   0x0000000c   Code   RO         3929    i.UcmdPrintf        ucmd.o
    0x08009b90   0x08009b90   0x00000004   Code   RO          261    i.UsageFault_Handler  stm32f4xx_it.o
    0x08009b94   0x08009b94   0x00000014   Code   RO         4243    i.Usart1_Return_Rx_Avail  usart_driver.o
    0x08009ba8   0x08009ba8   0x0000003c   Code   RO         4365    i.WM8978_I2C_WriteRegister  wm8978_driver.o
    0x08009be4   0x08009be4   0x00000030   Code   RO         5909    i.__ARM_fpclassify  m_wm.l(fpclassify.o)
    0x08009c14   0x08009c14   0x00000010   Code   RO          887    i.__NVIC_GetPriorityGrouping  stm32f4xx_hal_cortex.o
    0x08009c24   0x08009c24   0x00000028   Code   RO          888    i.__NVIC_SetPriority  stm32f4xx_hal_cortex.o
    0x08009c4c   0x08009c4c   0x00000004   PAD
    0x08009c50   0x08009c50   0x000000f8   Code   RO         5933    i.__hardfp___mathlib_tofloat  m_wm.l(narrow.o)
    0x08009d48   0x08009d48   0x000000d0   Code   RO         5998    i.__hardfp_ldexp    m_wm.l(ldexp.o)
    0x08009e18   0x08009e18   0x00000028   Code   RO         5628    i.__hardfp_strtod   m_wm.l(strtod.o)
    0x08009e40   0x08009e40   0x00000020   Code   RO         6054    i.__mathlib_dbl_overflow  m_wm.l(dunder.o)
    0x08009e60   0x08009e60   0x00000020   Code   RO         6056    i.__mathlib_dbl_underflow  m_wm.l(dunder.o)
    0x08009e80   0x08009e80   0x00000012   Code   RO         5934    i.__mathlib_narrow  m_wm.l(narrow.o)
    0x08009e92   0x08009e92   0x00000014   Code   RO         6000    i.__support_ldexp   m_wm.l(ldexp.o)
    0x08009ea6   0x08009ea6   0x0000000e   Code   RO         5706    i._is_digit         c_w.l(__printf_wp.o)
    0x08009eb4   0x08009eb4   0x0000000c   Code   RO         5303    i.bs_init           mp3_driver.o
    0x08009ec0   0x08009ec0   0x0000008a   Code   RO         4533    i.change_bitmap     ff.o
    0x08009f4a   0x08009f4a   0x00000002   PAD
    0x08009f4c   0x08009f4c   0x00000108   Code   RO         4534    i.check_fs          ff.o
    0x0800a054   0x0800a054   0x0000007c   Code   RO         4535    i.chk_share         ff.o
    0x0800a0d0   0x0800a0d0   0x00000028   Code   RO         4536    i.clear_share       ff.o
    0x0800a0f8   0x0800a0f8   0x0000001a   Code   RO         4537    i.clst2sect         ff.o
    0x0800a112   0x0800a112   0x00000002   PAD
    0x0800a114   0x0800a114   0x00000098   Code   RO         4538    i.cmp_lfn           ff.o
    0x0800a1ac   0x0800a1ac   0x000001d0   Code   RO         4539    i.create_chain      ff.o
    0x0800a37c   0x0800a37c   0x000002bc   Code   RO         4540    i.create_name       ff.o
    0x0800a638   0x0800a638   0x00000090   Code   RO         4541    i.create_xdir       ff.o
    0x0800a6c8   0x0800a6c8   0x00000034   Code   RO         4542    i.dbc_1st           ff.o
    0x0800a6fc   0x0800a6fc   0x00000048   Code   RO         4543    i.dbc_2nd           ff.o
    0x0800a744   0x0800a744   0x00000040   Code   RO         4544    i.dec_share         ff.o
    0x0800a784   0x0800a784   0x0000007c   Code   RO         4545    i.dir_alloc         ff.o
    0x0800a800   0x0800a800   0x000000c2   Code   RO         4546    i.dir_clear         ff.o
    0x0800a8c2   0x0800a8c2   0x000001a8   Code   RO         4547    i.dir_find          ff.o
    0x0800aa6a   0x0800aa6a   0x000000e0   Code   RO         4548    i.dir_next          ff.o
    0x0800ab4a   0x0800ab4a   0x000000f8   Code   RO         4549    i.dir_read          ff.o
    0x0800ac42   0x0800ac42   0x00000272   Code   RO         4550    i.dir_register      ff.o
    0x0800aeb4   0x0800aeb4   0x000000aa   Code   RO         4552    i.dir_sdi           ff.o
    0x0800af5e   0x0800af5e   0x0000003c   Code   RO         4485    i.disk_initialize   diskio.o
    0x0800af9a   0x0800af9a   0x00000002   PAD
    0x0800af9c   0x0800af9c   0x0000006c   Code   RO         4486    i.disk_ioctl        diskio.o
    0x0800b008   0x0800b008   0x0000005e   Code   RO         4487    i.disk_read         diskio.o
    0x0800b066   0x0800b066   0x0000003e   Code   RO         4488    i.disk_status       diskio.o
    0x0800b0a4   0x0800b0a4   0x0000005e   Code   RO         4489    i.disk_write        diskio.o
    0x0800b102   0x0800b102   0x00000002   PAD
    0x0800b104   0x0800b104   0x00000028   Code   RO         4553    i.enq_share         ff.o
    0x0800b12c   0x0800b12c   0x000000d0   Code   RO         4554    i.f_chdir           ff.o
    0x0800b1fc   0x0800b1fc   0x00000034   Code   RO         4556    i.f_close           ff.o
    0x0800b230   0x0800b230   0x0000002e   Code   RO         4557    i.f_closedir        ff.o
    0x0800b25e   0x0800b25e   0x00000238   Code   RO         4559    i.f_getcwd          ff.o
    0x0800b496   0x0800b496   0x00000002   PAD
    0x0800b498   0x0800b498   0x000000a8   Code   RO         4563    i.f_mount           ff.o
    0x0800b540   0x0800b540   0x0000035c   Code   RO         4564    i.f_open            ff.o
    0x0800b89c   0x0800b89c   0x000000d0   Code   RO         4565    i.f_opendir         ff.o
    0x0800b96c   0x0800b96c   0x00000264   Code   RO         4566    i.f_read            ff.o
    0x0800bbd0   0x0800bbd0   0x0000008e   Code   RO         4567    i.f_readdir         ff.o
    0x0800bc5e   0x0800bc5e   0x00000002   PAD
    0x0800bc60   0x0800bc60   0x000001c8   Code   RO         4570    i.f_sync            ff.o
    0x0800be28   0x0800be28   0x0000000c   Code   RO         5120    i.ff_memalloc       ffsystem.o
    0x0800be34   0x0800be34   0x0000000c   Code   RO         5121    i.ff_memfree        ffsystem.o
    0x0800be40   0x0800be40   0x00000024   Code   RO         5122    i.ff_mutex_create   ffsystem.o
    0x0800be64   0x0800be64   0x00000014   Code   RO         5123    i.ff_mutex_delete   ffsystem.o
    0x0800be78   0x0800be78   0x0000001c   Code   RO         5124    i.ff_mutex_give     ffsystem.o
    0x0800be94   0x0800be94   0x00000020   Code   RO         5125    i.ff_mutex_take     ffsystem.o
    0x0800beb4   0x0800beb4   0x00000068   Code   RO         5164    i.ff_oem2uni        ffunicode.o
    0x0800bf1c   0x0800bf1c   0x00000074   Code   RO         5165    i.ff_uni2oem        ffunicode.o
    0x0800bf90   0x0800bf90   0x000000b0   Code   RO         5166    i.ff_wtoupper       ffunicode.o
    0x0800c040   0x0800c040   0x00000036   Code   RO         4574    i.fill_first_frag   ff.o
    0x0800c076   0x0800c076   0x00000044   Code   RO         4575    i.fill_last_frag    ff.o
    0x0800c0ba   0x0800c0ba   0x000000a4   Code   RO         4576    i.find_bitmap       ff.o
    0x0800c15e   0x0800c15e   0x00000078   Code   RO         4577    i.find_volume       ff.o
    0x0800c1d6   0x0800c1d6   0x000002c2   Code   RO         4578    i.follow_path       ff.o
    0x0800c498   0x0800c498   0x0000008c   Code   RO         5970    i.frexp             m_wm.l(frexp.o)
    0x0800c524   0x0800c524   0x000000e8   Code   RO         4579    i.gen_numname       ff.o
    0x0800c60c   0x0800c60c   0x0000005a   Code   RO         5304    i.get_bits          mp3_driver.o
    0x0800c666   0x0800c666   0x00000194   Code   RO         4580    i.get_fat           ff.o
    0x0800c7fa   0x0800c7fa   0x000002ca   Code   RO         4581    i.get_fileinfo      ff.o
    0x0800cac4   0x0800cac4   0x000000a4   Code   RO         4582    i.get_ldnumber      ff.o
    0x0800cb68   0x0800cb68   0x00000034   Code   RO         5305    i.hdr_bitrate_kbps  mp3_driver.o
    0x0800cb9c   0x0800cb9c   0x0000004e   Code   RO         5306    i.hdr_compare       mp3_driver.o
    0x0800cbea   0x0800cbea   0x00000044   Code   RO         5307    i.hdr_frame_bytes   mp3_driver.o
    0x0800cc2e   0x0800cc2e   0x00000028   Code   RO         5308    i.hdr_frame_samples  mp3_driver.o
    0x0800cc56   0x0800cc56   0x00000020   Code   RO         5309    i.hdr_padding       mp3_driver.o
    0x0800cc76   0x0800cc76   0x00000002   PAD
    0x0800cc78   0x0800cc78   0x00000028   Code   RO         5310    i.hdr_sample_rate_hz  mp3_driver.o
    0x0800cca0   0x0800cca0   0x00000040   Code   RO         5311    i.hdr_valid         mp3_driver.o
    0x0800cce0   0x0800cce0   0x00000040   Code   RO         4094    i.i2s2_init         i2s_driver.o
    0x0800cd20   0x0800cd20   0x00000110   Code   RO         4095    i.i2s_set_freq      i2s_driver.o
    0x0800ce30   0x0800ce30   0x00000048   Code   RO         5312    i.i2s_stop          mp3_driver.o
    0x0800ce78   0x0800ce78   0x0000007c   Code   RO         4245    i.iUsart1_Printf    usart_driver.o
    0x0800cef4   0x0800cef4   0x0000003c   Code   RO         4148    i.iic1_init         iic_driver.o
    0x0800cf30   0x0800cf30   0x000000bc   Code   RO         4583    i.inc_share         ff.o
    0x0800cfec   0x0800cfec   0x0000004a   Code   RO         4584    i.init_alloc_info   ff.o
    0x0800d036   0x0800d036   0x0000000c   Code   RO         4585    i.ld_16             ff.o
    0x0800d042   0x0800d042   0x00000018   Code   RO         4586    i.ld_32             ff.o
    0x0800d05a   0x0800d05a   0x00000062   Code   RO         4587    i.ld_64             ff.o
    0x0800d0bc   0x0800d0bc   0x00000026   Code   RO         4588    i.ld_clust          ff.o
    0x0800d0e2   0x0800d0e2   0x00000002   PAD
    0x0800d0e4   0x0800d0e4   0x000000c8   Code   RO         4965    i.list_curdir       ff_app.o
    0x0800d1ac   0x0800d1ac   0x00000030   Code   RO         4966    i.list_curdir_Wrap  ff_app.o
    0x0800d1dc   0x0800d1dc   0x00000040   Code   RO         4589    i.load_obj_xdir     ff.o
    0x0800d21c   0x0800d21c   0x0000010e   Code   RO         4590    i.load_xdir         ff.o
    0x0800d32a   0x0800d32a   0x00000002   PAD
    0x0800d32c   0x0800d32c   0x0000003c   Code   RO         4591    i.lock_volume       ff.o
    0x0800d368   0x0800d368   0x0000007c   Code   RO           15    i.main              main.o
    0x0800d3e4   0x0800d3e4   0x00000494   Code   RO         4592    i.mount_volume      ff.o
    0x0800d878   0x0800d878   0x00000034   Code   RO         4593    i.move_window       ff.o
    0x0800d8ac   0x0800d8ac   0x0000035c   Code   RO         5313    i.mp3_play          mp3_driver.o
    0x0800dc08   0x0800dc08   0x00000022   Code   RO         5314    i.mp3_player_buf_free  mp3_driver.o
    0x0800dc2a   0x0800dc2a   0x00000002   PAD
    0x0800dc2c   0x0800dc2c   0x00000050   Code   RO         5315    i.mp3_player_init   mp3_driver.o
    0x0800dc7c   0x0800dc7c   0x00000374   Code   RO         5316    i.mp3d_DCT_II       mp3_driver.o
    0x0800dff0   0x0800dff0   0x000000de   Code   RO         5317    i.mp3d_find_frame   mp3_driver.o
    0x0800e0ce   0x0800e0ce   0x00000050   Code   RO         5318    i.mp3d_match_frame  mp3_driver.o
    0x0800e11e   0x0800e11e   0x00000002   PAD
    0x0800e120   0x0800e120   0x00000050   Code   RO         5319    i.mp3d_scale_pcm    mp3_driver.o
    0x0800e170   0x0800e170   0x000006be   Code   RO         5320    i.mp3d_synth        mp3_driver.o
    0x0800e82e   0x0800e82e   0x0000008c   Code   RO         5321    i.mp3d_synth_granule  mp3_driver.o
    0x0800e8ba   0x0800e8ba   0x00000002   PAD
    0x0800e8bc   0x0800e8bc   0x000001f4   Code   RO         5322    i.mp3d_synth_pair   mp3_driver.o
    0x0800eab0   0x0800eab0   0x00000318   Code   RO         5323    i.mp3dec_decode_frame  mp3_driver.o
    0x0800edc8   0x0800edc8   0x0000000a   Code   RO         5324    i.mp3dec_init       mp3_driver.o
    0x0800edd2   0x0800edd2   0x00000002   PAD
    0x0800edd4   0x0800edd4   0x000000b8   Code   RO         4967    i.open_file         ff_app.o
    0x0800ee8c   0x0800ee8c   0x00000044   Code   RO         4968    i.open_file_Wrap    ff_app.o
    0x0800eed0   0x0800eed0   0x0000008c   Code   RO         4594    i.pick_lfn          ff.o
    0x0800ef5c   0x0800ef5c   0x000000cc   Code   RO         3277    i.prvAddCurrentTaskToDelayedList  tasks.o
    0x0800f028   0x0800f028   0x000000f0   Code   RO         3278    i.prvAddNewTaskToReadyList  tasks.o
    0x0800f118   0x0800f118   0x0000005c   Code   RO         3679    i.prvCheckForValidListAndQueue  timers.o
    0x0800f174   0x0800f174   0x00000048   Code   RO         3279    i.prvCheckTasksWaitingTermination  tasks.o
    0x0800f1bc   0x0800f1bc   0x0000002a   Code   RO         3050    i.prvCopyDataFromQueue  queue.o
    0x0800f1e6   0x0800f1e6   0x0000007e   Code   RO         3051    i.prvCopyDataToQueue  queue.o
    0x0800f264   0x0800f264   0x0000009c   Code   RO         3280    i.prvCreateIdleTasks  tasks.o
    0x0800f300   0x0800f300   0x000000b8   Code   RO         3281    i.prvCreateStaticTask  tasks.o
    0x0800f3b8   0x0800f3b8   0x0000005e   Code   RO         3282    i.prvCreateTask     tasks.o
    0x0800f416   0x0800f416   0x00000050   Code   RO         3283    i.prvDeleteTCB      tasks.o
    0x0800f466   0x0800f466   0x00000014   Code   RO         3052    i.prvGetHighestPriorityOfWaitToReceiveList  queue.o
    0x0800f47a   0x0800f47a   0x00000002   PAD
    0x0800f47c   0x0800f47c   0x00000028   Code   RO         3680    i.prvGetNextExpireTime  timers.o
    0x0800f4a4   0x0800f4a4   0x0000006c   Code   RO         3853    i.prvHeapInit       heap_4.o
    0x0800f510   0x0800f510   0x00000028   Code   RO         3284    i.prvIdleTask       tasks.o
    0x0800f538   0x0800f538   0x0000001e   Code   RO         3053    i.prvInitialiseMutex  queue.o
    0x0800f556   0x0800f556   0x00000026   Code   RO         3054    i.prvInitialiseNewQueue  queue.o
    0x0800f57c   0x0800f57c   0x000000f6   Code   RO         3285    i.prvInitialiseNewTask  tasks.o
    0x0800f672   0x0800f672   0x00000002   PAD
    0x0800f674   0x0800f674   0x00000068   Code   RO         3286    i.prvInitialiseTaskLists  tasks.o
    0x0800f6dc   0x0800f6dc   0x000000a0   Code   RO         3854    i.prvInsertBlockIntoFreeList  heap_4.o
    0x0800f77c   0x0800f77c   0x00000058   Code   RO         3682    i.prvInsertTimerInActiveList  timers.o
    0x0800f7d4   0x0800f7d4   0x0000001a   Code   RO         3055    i.prvIsQueueEmpty   queue.o
    0x0800f7ee   0x0800f7ee   0x0000001e   Code   RO         3056    i.prvIsQueueFull    queue.o
    0x0800f80c   0x0800f80c   0x00000044   Code   RO         3683    i.prvProcessExpiredTimer  timers.o
    0x0800f850   0x0800f850   0x00000128   Code   RO         3684    i.prvProcessReceivedCommands  timers.o
    0x0800f978   0x0800f978   0x00000074   Code   RO         3685    i.prvProcessTimerOrBlockTask  timers.o
    0x0800f9ec   0x0800f9ec   0x00000028   Code   RO         3686    i.prvReloadTimer    timers.o
    0x0800fa14   0x0800fa14   0x00000030   Code   RO         3287    i.prvResetNextTaskUnblockTime  tasks.o
    0x0800fa44   0x0800fa44   0x0000002c   Code   RO         3687    i.prvSampleTimeNow  timers.o
    0x0800fa70   0x0800fa70   0x00000044   Code   RO         3688    i.prvSwitchTimerLists  timers.o
    0x0800fab4   0x0800fab4   0x00000014   Code   RO         3288    i.prvTaskCheckFreeStackSpace  tasks.o
    0x0800fac8   0x0800fac8   0x00000040   Code   RO         2974    i.prvTaskExitError  port.o
    0x0800fb08   0x0800fb08   0x00000078   Code   RO         3289    i.prvTaskIsTaskSuspended  tasks.o
    0x0800fb80   0x0800fb80   0x0000001a   Code   RO         3689    i.prvTimerTask      timers.o
    0x0800fb9a   0x0800fb9a   0x0000007e   Code   RO         3057    i.prvUnlockQueue    queue.o
    0x0800fc18   0x0800fc18   0x00000144   Code   RO         4595    i.put_fat           ff.o
    0x0800fd5c   0x0800fd5c   0x00000080   Code   RO         4596    i.put_lfn           ff.o
    0x0800fddc   0x0800fddc   0x000000e4   Code   RO         4597    i.put_utf           ff.o
    0x0800fec0   0x0800fec0   0x000001fc   Code   RO         3856    i.pvPortMalloc      heap_4.o
    0x080100bc   0x080100bc   0x00000014   Code   RO         3290    i.pvTaskIncrementMutexHeldCount  tasks.o
    0x080100d0   0x080100d0   0x0000002c   Code   RO         2975    i.pxPortInitialiseStack  port.o
    0x080100fc   0x080100fc   0x0000014a   Code   RO         4598    i.remove_chain      ff.o
    0x08010246   0x08010246   0x00000002   PAD
    0x08010248   0x08010248   0x00000070   Code   RO         4191    i.sd2_init          sd2_driver.o
    0x080102b8   0x080102b8   0x0000000c   Code   RO         4599    i.st_16             ff.o
    0x080102c4   0x080102c4   0x00000018   Code   RO         4600    i.st_32             ff.o
    0x080102dc   0x080102dc   0x0000005c   Code   RO         4601    i.st_64             ff.o
    0x08010338   0x08010338   0x00000024   Code   RO         4602    i.st_clust          ff.o
    0x0801035c   0x0801035c   0x00000072   Code   RO         4603    i.store_xdir        ff.o
    0x080103ce   0x080103ce   0x00000020   Code   RO         4604    i.sum_sfn           ff.o
    0x080103ee   0x080103ee   0x00000002   PAD
    0x080103f0   0x080103f0   0x000000fc   Code   RO         4605    i.sync_fs           ff.o
    0x080104ec   0x080104ec   0x0000004a   Code   RO         4606    i.sync_window       ff.o
    0x08010536   0x08010536   0x00000002   PAD
    0x08010538   0x08010538   0x000000b0   Code   RO         4607    i.tchar2uni         ff.o
    0x080105e8   0x080105e8   0x0000000c   Code   RO         5325    i.ucMP3_Return_opened  mp3_driver.o
    0x080105f4   0x080105f4   0x00000010   Code   RO         5326    i.ucMP3_Return_pump  mp3_driver.o
    0x08010604   0x08010604   0x00000028   Code   RO         3930    i.ucUcmdDataPending  ucmd.o
    0x0801062c   0x0801062c   0x00000224   Code   RO         3931    i.ucUcmdParseLine   ucmd.o
    0x08010850   0x08010850   0x00000030   Code   RO         3932    i.ucUcmdQueuePush   ucmd.o
    0x08010880   0x08010880   0x00000098   Code   RO         4246    i.ucUsartReceiveData  usart_driver.o
    0x08010918   0x08010918   0x00000028   Code   RO         4247    i.ucUsartRxSnap     usart_driver.o
    0x08010940   0x08010940   0x00000040   Code   RO         4608    i.unlock_volume     ff.o
    0x08010980   0x08010980   0x00000070   Code   RO         3933    i.usUcmdFindCmd     ucmd.o
    0x080109f0   0x080109f0   0x00000004   Code   RO         3934    i.usUcmdReturn_configUCMD_CMDBUF_SIZE  ucmd.o
    0x080109f4   0x080109f4   0x00000028   Code   RO         2925    i.uxListRemove      list.o
    0x08010a1c   0x08010a1c   0x0000000c   Code   RO         3295    i.uxTaskGetNumberOfTasks  tasks.o
    0x08010a28   0x08010a28   0x00000048   Code   RO         3296    i.uxTaskGetStackHighWaterMark  tasks.o
    0x08010a70   0x08010a70   0x00000018   Code   RO         3300    i.vApplicationGetIdleTaskMemory  tasks.o
    0x08010a88   0x08010a88   0x00000018   Code   RO         3301    i.vApplicationGetTimerTaskMemory  tasks.o
    0x08010aa0   0x08010aa0   0x00000028   Code   RO          388    i.vApplicationStackOverflowHook  apptask.o
    0x08010ac8   0x08010ac8   0x00000020   Code   RO         3935    i.vCmdAdd           ucmd.o
    0x08010ae8   0x08010ae8   0x0000004c   Code   RO         3936    i.vCmdAdd_Wrap      ucmd.o
    0x08010b34   0x08010b34   0x0000001c   Code   RO         3937    i.vCmdEcho          ucmd.o
    0x08010b50   0x08010b50   0x00000044   Code   RO         3938    i.vCmdEcho_Wrap     ucmd.o
    0x08010b94   0x08010b94   0x00000020   Code   RO         3939    i.vCmdLed           ucmd.o
    0x08010bb4   0x08010bb4   0x00000044   Code   RO         3940    i.vCmdLed_Wrap      ucmd.o
    0x08010bf8   0x08010bf8   0x00000054   Code   RO         3941    i.vCmdPwm           ucmd.o
    0x08010c4c   0x08010c4c   0x00000068   Code   RO         3942    i.vCmdPwm_Wrap      ucmd.o
    0x08010cb4   0x08010cb4   0x00000058   Code   RO         3943    i.vCmdThermo        ucmd.o
    0x08010d0c   0x08010d0c   0x00000060   Code   RO         3944    i.vCmdThermo_Wrap   ucmd.o
    0x08010d6c   0x08010d6c   0x00000098   Code   RO         4969    i.vFindFileType     ff_app.o
    0x08010e04   0x08010e04   0x000002c8   Code   RO          389    i.vInitTask         apptask.o
    0x080110cc   0x080110cc   0x0000001a   Code   RO         2926    i.vListInitialise   list.o
    0x080110e6   0x080110e6   0x00000006   Code   RO         2927    i.vListInitialiseItem  list.o
    0x080110ec   0x080110ec   0x00000034   Code   RO         2928    i.vListInsert       list.o
    0x08011120   0x08011120   0x00000018   Code   RO         2929    i.vListInsertEnd    list.o
    0x08011138   0x08011138   0x00000144   Code   RO          390    i.vMusic_Daemon     apptask.o
    0x0801127c   0x0801127c   0x000000c8   Code   RO          391    i.vMusic_Daemon_Stop  apptask.o
    0x08011344   0x08011344   0x0000002c   Code   RO          392    i.vMusic_Pause      apptask.o
    0x08011370   0x08011370   0x00000030   Code   RO          393    i.vMusic_Pause_Wrap  apptask.o
    0x080113a0   0x080113a0   0x00000044   Code   RO          394    i.vMusic_Play       apptask.o
    0x080113e4   0x080113e4   0x00000044   Code   RO          395    i.vMusic_Play_Wrap  apptask.o
    0x08011428   0x08011428   0x00000060   Code   RO          396    i.vMusic_Player     apptask.o
    0x08011488   0x08011488   0x0000002c   Code   RO          397    i.vMusic_Resume     apptask.o
    0x080114b4   0x080114b4   0x00000030   Code   RO          398    i.vMusic_Resume_Wrap  apptask.o
    0x080114e4   0x080114e4   0x0000002c   Code   RO          399    i.vMusic_Stop       apptask.o
    0x08011510   0x08011510   0x00000030   Code   RO          400    i.vMusic_Stop_Wrap  apptask.o
    0x08011540   0x08011540   0x00000054   Code   RO         2977    i.vPortEnterCritical  port.o
    0x08011594   0x08011594   0x0000003c   Code   RO         2978    i.vPortExitCritical  port.o
    0x080115d0   0x080115d0   0x000000dc   Code   RO         3857    i.vPortFree         heap_4.o
    0x080116ac   0x080116ac   0x00000018   Code   RO         2979    i.vPortSetupTimerInterrupt  port.o
    0x080116c4   0x080116c4   0x00000078   Code   RO         2980    i.vPortValidateInterruptPriority  port.o
    0x0801173c   0x0801173c   0x0000002c   Code   RO         3063    i.vQueueDelete      queue.o
    0x08011768   0x08011768   0x0000004a   Code   RO         3064    i.vQueueWaitForMessageRestricted  queue.o
    0x080117b2   0x080117b2   0x00000002   PAD
    0x080117b4   0x080117b4   0x00000110   Code   RO         5030    i.vSD_GateKeeper    ff_platform.o
    0x080118c4   0x080118c4   0x00000134   Code   RO         3303    i.vTaskDelete       tasks.o
    0x080119f8   0x080119f8   0x00000018   Code   RO         3306    i.vTaskInternalSetTimeOutState  tasks.o
    0x08011a10   0x08011a10   0x0000000c   Code   RO         3307    i.vTaskMissedYield  tasks.o
    0x08011a1c   0x08011a1c   0x00000038   Code   RO         3308    i.vTaskPlaceOnEventList  tasks.o
    0x08011a54   0x08011a54   0x00000068   Code   RO         3309    i.vTaskPlaceOnEventListRestricted  tasks.o
    0x08011abc   0x08011abc   0x0000011c   Code   RO         3311    i.vTaskPriorityDisinheritAfterTimeout  tasks.o
    0x08011bd8   0x08011bd8   0x000000d4   Code   RO         3315    i.vTaskResume       tasks.o
    0x08011cac   0x08011cac   0x0000007c   Code   RO         3317    i.vTaskStartScheduler  tasks.o
    0x08011d28   0x08011d28   0x00000124   Code   RO         3318    i.vTaskSuspend      tasks.o
    0x08011e4c   0x08011e4c   0x00000010   Code   RO         3319    i.vTaskSuspendAll   tasks.o
    0x08011e5c   0x08011e5c   0x000000e8   Code   RO         3320    i.vTaskSwitchContext  tasks.o
    0x08011f44   0x08011f44   0x0000002c   Code   RO         3945    i.vUcmdCommandParsing  ucmd.o
    0x08011f70   0x08011f70   0x00000044   Code   RO          401    i.vUcmdDrainOnce    apptask.o
    0x08011fb4   0x08011fb4   0x00000058   Code   RO         3946    i.vUcmdGetFunList   ucmd.o
    0x0801200c   0x0801200c   0x00000030   Code   RO         3947    i.vUcmdGetFunList_Wrap  ucmd.o
    0x0801203c   0x0801203c   0x00000010   Code   RO         3948    i.vUcmdGetHelp      ucmd.o
    0x0801204c   0x0801204c   0x00000030   Code   RO         3949    i.vUcmdGetHelp_Wrap  ucmd.o
    0x0801207c   0x0801207c   0x00000074   Code   RO         3950    i.vUcmdPrintDec     ucmd.o
    0x080120f0   0x080120f0   0x00000054   Code   RO         3951    i.vUcmdUserCommandExecution  ucmd.o
    0x08012144   0x08012144   0x00000028   Code   RO          402    i.vUcmd_Daemon      apptask.o
    0x0801216c   0x0801216c   0x00000020   Code   RO         4248    i.vUsart1_IRQHandler  usart_driver.o
    0x0801218c   0x0801218c   0x0000009c   Code   RO         4249    i.vUsart1_Init      usart_driver.o
    0x08012228   0x08012228   0x000000b8   Code   RO         4250    i.vUsart1_Tx_GateKeeper  usart_driver.o
    0x080122e0   0x080122e0   0x00000038   Code   RO         4251    i.vUsart_Tx_Start   usart_driver.o
    0x08012318   0x08012318   0x00000054   Code   RO         4609    i.validate          ff.o
    0x0801236c   0x0801236c   0x0000004c   Code   RO         4366    i.wm8978_CfgAudioIF  wm8978_driver.o
    0x080123b8   0x080123b8   0x00000266   Code   RO         4367    i.wm8978_CfgAudioPath  wm8978_driver.o
    0x0801261e   0x0801261e   0x00000008   Code   RO         4369    i.wm8978_Init       wm8978_driver.o
    0x08012626   0x08012626   0x000000ac   Code   RO         4371    i.wm8978_OutMute    wm8978_driver.o
    0x080126d2   0x080126d2   0x00000008   Code   RO         4372    i.wm8978_PowerDown  wm8978_driver.o
    0x080126da   0x080126da   0x00000002   PAD
    0x080126dc   0x080126dc   0x00000010   Code   RO         4375    i.wm8978_ReadReg    wm8978_driver.o
    0x080126ec   0x080126ec   0x0000003c   Code   RO         4376    i.wm8978_Reset      wm8978_driver.o
    0x08012728   0x08012728   0x00000022   Code   RO         4379    i.wm8978_SetOUT1Volume  wm8978_driver.o
    0x0801274a   0x0801274a   0x00000002   PAD
    0x0801274c   0x0801274c   0x00000020   Code   RO         4381    i.wm8978_WriteReg   wm8978_driver.o
    0x0801276c   0x0801276c   0x00000018   Code   RO         5327    i.xMP3_Return_fil   mp3_driver.o
    0x08012784   0x08012784   0x00000010   Code   RO         5328    i.xMP3_Return_mp3_player_buf  mp3_driver.o
    0x08012794   0x08012794   0x00000168   Code   RO         2981    i.xPortStartScheduler  port.o
    0x080128fc   0x080128fc   0x00000034   Code   RO         2982    i.xPortSysTickHandler  port.o
    0x08012930   0x08012930   0x0000003c   Code   RO         3065    i.xQueueCreateCountingSemaphore  queue.o
    0x0801296c   0x0801296c   0x00000022   Code   RO         3067    i.xQueueCreateMutex  queue.o
    0x0801298e   0x0801298e   0x0000006c   Code   RO         3069    i.xQueueGenericCreate  queue.o
    0x080129fa   0x080129fa   0x0000009a   Code   RO         3070    i.xQueueGenericCreateStatic  queue.o
    0x08012a94   0x08012a94   0x000000dc   Code   RO         3072    i.xQueueGenericReset  queue.o
    0x08012b70   0x08012b70   0x000001a8   Code   RO         3073    i.xQueueGenericSend  queue.o
    0x08012d18   0x08012d18   0x000000fe   Code   RO         3075    i.xQueueGiveFromISR  queue.o
    0x08012e16   0x08012e16   0x00000002   PAD
    0x08012e18   0x08012e18   0x00000168   Code   RO         3081    i.xQueueReceive     queue.o
    0x08012f80   0x08012f80   0x00000194   Code   RO         3083    i.xQueueSemaphoreTake  queue.o
    0x08013114   0x08013114   0x00000090   Code   RO         3322    i.xTaskCheckForTimeOut  tasks.o
    0x080131a4   0x080131a4   0x00000038   Code   RO         3323    i.xTaskCreate       tasks.o
    0x080131dc   0x080131dc   0x00000040   Code   RO         3324    i.xTaskCreateStatic  tasks.o
    0x0801321c   0x0801321c   0x00000020   Code   RO         3332    i.xTaskGetSchedulerState  tasks.o
    0x0801323c   0x0801323c   0x0000000c   Code   RO         3334    i.xTaskGetTickCount  tasks.o
    0x08013248   0x08013248   0x000001cc   Code   RO         3336    i.xTaskIncrementTick  tasks.o
    0x08013414   0x08013414   0x000000f8   Code   RO         3337    i.xTaskPriorityDisinherit  tasks.o
    0x0801350c   0x0801350c   0x000000f4   Code   RO         3338    i.xTaskPriorityInherit  tasks.o
    0x08013600   0x08013600   0x00000130   Code   RO         3339    i.xTaskRemoveFromEventList  tasks.o
    0x08013730   0x08013730   0x0000019c   Code   RO         3340    i.xTaskResumeAll    tasks.o
    0x080138cc   0x080138cc   0x00000078   Code   RO         3697    i.xTimerCreateTimerTask  timers.o
    0x08013944   0x08013944   0x0000003a   Code   RO         4610    i.xdir_sum          ff.o
    0x0801397e   0x0801397e   0x0000004c   Code   RO         4611    i.xname_sum         ff.o
    0x080139ca   0x080139ca   0x00000002   PAD
    0x080139cc   0x080139cc   0x0000002c   Code   RO         5810    locale$$code        c_w.l(lc_ctype_c.o)
    0x080139f8   0x080139f8   0x0000002c   Code   RO         5813    locale$$code        c_w.l(lc_numeric_c.o)
    0x08013a24   0x08013a24   0x00000062   Code   RO         5620    x$fpl$d2f           fz_wm.l(d2f.o)
    0x08013a86   0x08013a86   0x00000002   PAD
    0x08013a88   0x08013a88   0x00000010   Code   RO         6071    x$fpl$dcheck1       fz_wm.l(dcheck1.o)
    0x08013a98   0x08013a98   0x00000018   Code   RO         5994    x$fpl$dcmpinf       fz_wm.l(dcmpi.o)
    0x08013ab0   0x08013ab0   0x00000078   Code   RO         5964    x$fpl$deqf          fz_wm.l(deqf.o)
    0x08013b28   0x08013b28   0x0000005e   Code   RO         5622    x$fpl$dfix          fz_wm.l(dfix.o)
    0x08013b86   0x08013b86   0x00000002   PAD
    0x08013b88   0x08013b88   0x00000078   Code   RO         5996    x$fpl$dleqf         fz_wm.l(dleqf.o)
    0x08013c00   0x08013c00   0x00000154   Code   RO         5626    x$fpl$dmul          fz_wm.l(dmul.o)
    0x08013d54   0x08013d54   0x0000009c   Code   RO         5745    x$fpl$dnaninf       fz_wm.l(dnaninf.o)
    0x08013df0   0x08013df0   0x0000000c   Code   RO         5747    x$fpl$dretinf       fz_wm.l(dretinf.o)
    0x08013dfc   0x08013dfc   0x0000006c   Code   RO         5966    x$fpl$drleqf        fz_wm.l(drleqf.o)
    0x08013e68   0x08013e68   0x0000000a   Code   RO         5925    x$fpl$fpinit        fz_wm.l(fpinit.o)
    0x08013e72   0x08013e72   0x0000000a   Code   RO         5749    x$fpl$fretinf       fz_wm.l(fretinf.o)
    0x08013e7c   0x08013e7c   0x00000006   Code   RO         5907    x$fpl$ieeestatus    fz_wm.l(istatus.o)
    0x08013e82   0x08013e82   0x00000004   Code   RO         5751    x$fpl$printf1       fz_wm.l(printf1.o)
    0x08013e86   0x08013e86   0x00000004   Code   RO         5753    x$fpl$printf2       fz_wm.l(printf2.o)
    0x08013e8a   0x08013e8a   0x00000064   Code   RO         6077    x$fpl$retnan        fz_wm.l(retnan.o)
    0x08013eee   0x08013eee   0x0000005c   Code   RO         6048    x$fpl$scalbn        fz_wm.l(scalbn.o)
    0x08013f4a   0x08013f4a   0x00000004   Code   RO         5815    x$fpl$scanf1        fz_wm.l(scanf1.o)
    0x08013f4e   0x08013f4e   0x00000008   Code   RO         5927    x$fpl$scanf2        fz_wm.l(scanf2.o)
    0x08013f56   0x08013f56   0x00000030   Code   RO         6079    x$fpl$trapveneer    fz_wm.l(trapv.o)
    0x08013f86   0x08013f86   0x00000000   Code   RO         5759    x$fpl$usenofp       fz_wm.l(usenofp.o)
    0x08013f86   0x08013f86   0x00000008   Data   RO          775    .constdata          stm32f4xx_hal_dma.o
    0x08013f8e   0x08013f8e   0x00000018   Data   RO         2893    .constdata          system_stm32f4xx.o
    0x08013fa6   0x08013fa6   0x00000002   PAD
    0x08013fa8   0x08013fa8   0x00000074   Data   RO         4382    .constdata          wm8978_driver.o
    0x0801401c   0x0801401c   0x0000001b   Data   RO         4613    .constdata          ff.o
    0x08014037   0x08014037   0x00000001   PAD
    0x08014038   0x08014038   0x0002abb6   Data   RO         5167    .constdata          ffunicode.o
    0x0803ebee   0x0803ebee   0x00000002   PAD
    0x0803ebf0   0x0803ebf0   0x00001ecc   Data   RO         5330    .constdata          mp3_driver.o
    0x08040abc   0x08040abc   0x00000008   Data   RO         5665    .constdata          c_w.l(_printf_wctomb.o)
    0x08040ac4   0x08040ac4   0x00000028   Data   RO         5694    .constdata          c_w.l(_printf_hex_int_ll_ptr.o)
    0x08040aec   0x08040aec   0x00000011   Data   RO         5714    .constdata          c_w.l(__printf_flags_ss_wp.o)
    0x08040afd   0x08040afd   0x00000026   Data   RO         5794    .constdata          c_w.l(_printf_fp_hex.o)
    0x08040b23   0x08040b23   0x00000001   PAD
    0x08040b24   0x08040b24   0x00000094   Data   RO         5824    .constdata          c_w.l(bigflt0.o)
    0x08040bb8   0x08040bb8   0x000002ea   Data   RO         3953    .conststring        ucmd.o
    0x08040ea2   0x08040ea2   0x00000002   PAD
    0x08040ea4   0x08040ea4   0x00000003   Data   RO         4614    .conststring        ff.o
    0x08040ea7   0x08040ea7   0x00000001   PAD
    0x08040ea8   0x08040ea8   0x00000054   Data   RO         4970    .conststring        ff_app.o
    0x08040efc   0x08040efc   0x00000043   Data   RO         5331    .conststring        mp3_driver.o
    0x08040f3f   0x08040f3f   0x00000001   PAD
    0x08040f40   0x08040f40   0x00000040   Data   RO         6081    Region$$Table       anon$$obj.o
    0x08040f80   0x08040f80   0x00000008   Data   RO         5921    c$$dinf             fz_wm.l(fpconst.o)
    0x08040f88   0x08040f88   0x00000008   Data   RO         5924    c$$dmax             fz_wm.l(fpconst.o)
    0x08040f90   0x08040f90   0x00000110   Data   RO         5809    locale$$data        c_w.l(lc_ctype_c.o)
    0x080410a0   0x080410a0   0x0000001c   Data   RO         5812    locale$$data        c_w.l(lc_numeric_c.o)


    Execution Region RW_IRAM1 (Exec base: 0x20000000, Load base: 0x080410bc, Size: 0x0001aef0, Max: 0x0001c000, ABSOLUTE)

    Exec Addr    Load Addr    Size         Type   Attr      Idx    E Section Name        Object

    0x20000000   0x080410bc   0x00000014   Data   RW          403    .data               apptask.o
    0x20000014   0x080410d0   0x0000000c   Data   RW         2983    .data               port.o
    0x20000020   0x080410dc   0x0000001c   Data   RW         3865    .data               heap_4.o
    0x2000003c   0x080410f8   0x000000b4   Data   RW         3954    .data               ucmd.o
    0x200000f0   0x080411ac   0x00000014   Data   RW         4971    .data               ff_app.o
    0x20000104   0x080411c0   0x00000009   Data   RW         5032    .data               ff_platform.o
    0x2000010d   0x080411c9   0x00000003   PAD
    0x20000110   0x080411cc   0x00000008   Data   RW         5126    .data               ffsystem.o
    0x20000118        -       0x00016000   Zero   RW         3864    .bss                heap_4.o
    0x20016118        -       0x000000b0   Zero   RW         3952    .bss                ucmd.o
    0x200161c8        -       0x00000108   Zero   RW         4096    .bss                i2s_driver.o
    0x200162d0        -       0x00000054   Zero   RW         4149    .bss                iic_driver.o
    0x20016324        -       0x00000144   Zero   RW         4192    .bss                sd2_driver.o
    0x20016468        -       0x00000020   Zero   RW         4612    .bss                ff.o
    0x20016488        -       0x00000200   Zero   RW         5031    .bss                ff_platform.o
    0x20016688        -       0x00001c68   Zero   RW         5329    .bss                mp3_driver.o
    0x200182f0        -       0x00000400   Zero   RW            2    HEAP                startup_stm32f407xx.o
    0x200186f0        -       0x00002800   Zero   RW            1    STACK               startup_stm32f407xx.o


    Execution Region RW_IRAM2 (Exec base: 0x2001c000, Load base: 0x080411d4, Size: 0x00002ef8, Max: 0x00004000, ABSOLUTE)

    Exec Addr    Load Addr    Size         Type   Attr      Idx    E Section Name        Object

    0x2001c000   0x080411d4   0x00000009   Data   RW         1051    .data               stm32f4xx_hal.o
    0x2001c009   0x080411dd   0x00000003   PAD
    0x2001c00c   0x080411e0   0x00000004   Data   RW         2894    .data               system_stm32f4xx.o
    0x2001c010   0x080411e4   0x00000040   Data   RW         3343    .data               tasks.o
    0x2001c050   0x08041224   0x00000014   Data   RW         3707    .data               timers.o
    0x2001c064   0x08041238   0x00000008   Data   RW         4097    .data               i2s_driver.o
    0x2001c06c   0x08041240   0x0000001c   Data   RW         4253    .data               usart_driver.o
    0x2001c088   0x0804125c   0x00000074   Data   RW         4383    .data               wm8978_driver.o
    0x2001c0fc   0x080412d0   0x00000009   Data   RW         4615    .data               ff.o
    0x2001c105   0x080412d9   0x00000003   PAD
    0x2001c108   0x080412dc   0x00000011   Data   RW         5332    .data               mp3_driver.o
    0x2001c119   0x080412ed   0x00000003   PAD
    0x2001c11c        -       0x00000b8c   Zero   RW         3342    .bss                tasks.o
    0x2001cca8        -       0x000000e8   Zero   RW         3706    .bss                timers.o
    0x2001cd90        -       0x00002108   Zero   RW         4252    .bss                usart_driver.o
    0x2001ee98        -       0x00000060   Zero   RW         5761    .bss                c_w.l(libspace.o)


==============================================================================

Image component sizes


      Code (inc. data)   RO Data    RW Data    ZI Data      Debug   Object Name

      1892        716          0         20          0      31590   apptask.o
       418          6          0          0          0       5262   diskio.o
     14532        188         30          9         32      73525   ff.o
       652        200         84         20          0       4399   ff_app.o
       852         68          0          9        512      10310   ff_platform.o
       140         18          0          8          0       4227   ffsystem.o
       396         28     175030          0          0       3096   ffunicode.o
       312         18          0          0          0       1119   gpio.o
       996         82          0         28      90112       5935   heap_4.o
       736         56          0          8        264       2958   i2s_driver.o
       180         26          0          0         84       1812   iic_driver.o
       148          0          0          0          0       6086   list.o
       310         28          0          0          0     711752   main.o
     12988        392       7951         17       7272      63049   mp3_driver.o
       998         92          0         12          0      11585   port.o
      2574         20          0          0          0      66153   queue.o
       360         32          0          0        324      32124   sd2_driver.o
        64         26        392          0      11264        852   startup_stm32f407xx.o
       212         36          0          9          0       9469   stm32f4xx_hal.o
       312         22          0          0          0      34427   stm32f4xx_hal_cortex.o
      1442         16          8          0          0       7713   stm32f4xx_hal_dma.o
       512         46          0          0          0       2132   stm32f4xx_hal_gpio.o
      1730         32          0          0          0       8397   stm32f4xx_hal_i2c.o
      1966         40          0          0          0      10863   stm32f4xx_hal_i2s.o
       912         26          0          0          0       4683   stm32f4xx_hal_i2s_ex.o
        72          4          0          0          0        878   stm32f4xx_hal_msp.o
      1854         88          0          0          0       6819   stm32f4xx_hal_rcc.o
       316         36          0          0          0       2692   stm32f4xx_hal_rcc_ex.o
      4074         62          0          0          0      20356   stm32f4xx_hal_sd.o
      2812         40          0          0          0      15417   stm32f4xx_hal_uart.o
       282         62          0          0          0       8598   stm32f4xx_it.o
      2102         46          0          0          0      24803   stm32f4xx_ll_sdmmc.o
        20          6         24          4          0       1151   system_stm32f4xx.o
      5400        510          0         64       2956      43809   tasks.o
       998        110          0         20        232      49912   timers.o
      1884        360        746        180        176      20097   ucmd.o
      1456        224          0         28       8456      10949   usart_driver.o
      1080         26        116        116          0       7418   wm8978_driver.o

    ----------------------------------------------------------------------
     68084       3792     184454        564     121684    1326417   Object Totals
         0          0         64          0          0          0   (incl. Generated)
       100          4          9         12          0          0   (incl. Padding)

    ----------------------------------------------------------------------

      Code (inc. data)   RO Data    RW Data    ZI Data      Debug   Library Member Name

        90          0          0          0          0          0   __dczerorl2.o
         8          0          0          0          0         68   __main.o
       392          4         17          0          0         92   __printf_flags_ss_wp.o
        14          0          0          0          0         68   __printf_wp.o
         0          0          0          0          0          0   __rtentry.o
        12          0          0          0          0          0   __rtentry2.o
         6          0          0          0          0          0   __rtentry4.o
        52          8          0          0          0          0   __scatter.o
        26          0          0          0          0          0   __scatter_copy.o
        28          0          0          0          0          0   __scatter_zi.o
        28          0          0          0          0         68   _chval.o
         6          0          0          0          0          0   _printf_a.o
         6          0          0          0          0          0   _printf_c.o
        44          0          0          0          0        108   _printf_char.o
        48          6          0          0          0         96   _printf_char_common.o
        40          0          0          0          0         68   _printf_charcount.o
         6          0          0          0          0          0   _printf_d.o
       120         16          0          0          0         92   _printf_dec.o
         6          0          0          0          0          0   _printf_e.o
         6          0          0          0          0          0   _printf_f.o
      1054          0          0          0          0        216   _printf_fp_dec.o
       764          8         38          0          0        100   _printf_fp_hex.o
       128         16          0          0          0         84   _printf_fp_infnan.o
         6          0          0          0          0          0   _printf_g.o
       148          4         40          0          0        160   _printf_hex_int_ll_ptr.o
         6          0          0          0          0          0   _printf_i.o
       178          0          0          0          0         88   _printf_intcommon.o
        10          0          0          0          0          0   _printf_l.o
         6          0          0          0          0          0   _printf_lc.o
        10          0          0          0          0          0   _printf_ll.o
         6          0          0          0          0          0   _printf_lld.o
         6          0          0          0          0          0   _printf_lli.o
         6          0          0          0          0          0   _printf_llo.o
         6          0          0          0          0          0   _printf_llu.o
         6          0          0          0          0          0   _printf_llx.o
       124         16          0          0          0         92   _printf_longlong_dec.o
         6          0          0          0          0          0   _printf_ls.o
         6          0          0          0          0          0   _printf_n.o
         6          0          0          0          0          0   _printf_o.o
       112         10          0          0          0        124   _printf_oct_int_ll.o
         6          0          0          0          0          0   _printf_p.o
        78          0          0          0          0        108   _printf_pad.o
         0          0          0          0          0          0   _printf_percent.o
         4          0          0          0          0          0   _printf_percent_end.o
         6          0          0          0          0          0   _printf_s.o
        82          0          0          0          0         80   _printf_str.o
        36          0          0          0          0         84   _printf_truncate.o
         6          0          0          0          0          0   _printf_u.o
        44          0          0          0          0        108   _printf_wchar.o
       188          6          8          0          0         92   _printf_wctomb.o
         6          0          0          0          0          0   _printf_x.o
        22          0          0          0          0        100   _rserrno.o
        64          0          0          0          0         84   _sgetc.o
        16          0          0          0          0         68   _snputc.o
        10          0          0          0          0         68   _sputc.o
       158          0          0          0          0         92   _strtoul.o
        64          0          0          0          0         92   _wcrtomb.o
        16          0          0          0          0         68   aeabi_memset.o
       228          4        148          0          0         96   bigflt0.o
      2152        136          0          0          0        960   btod.o
        18          0          0          0          0         80   exit.o
         6          0          0          0          0        152   heapauxi.o
         0          0          0          0          0          0   indicate_semi.o
        18          0          0          0          0         76   isspace.o
        44         10        272          0          0         76   lc_ctype_c.o
        44         10         28          0          0         76   lc_numeric_c.o
         2          0          0          0          0          0   libinit.o
        34          0          0          0          0          0   libinit2.o
         2          0          0          0          0          0   libshutdown.o
         2          0          0          0          0          0   libshutdown2.o
         8          4          0          0         96         68   libspace.o
        38          0          0          0          0         68   llshl.o
       138          0          0          0          0         80   lludiv10.o
       238          0          0          0          0        100   lludivv7m.o
        88          0          0          0          0         76   memcmp.o
        16          4          0          0          0         76   rt_ctype_table.o
         8          4          0          0          0         68   rt_errno_addr_intlibspace.o
         8          4          0          0          0         68   rt_locale_intlibspace.o
        68          0          0          0          0         68   rt_memclr.o
        78          0          0          0          0         80   rt_memclr_w.o
       138          0          0          0          0         68   rt_memcpy_v6.o
       100          0          0          0          0         80   rt_memcpy_w.o
       132          0          0          0          0         68   rt_memmove_v6.o
       122          0          0          0          0         80   rt_memmove_w.o
         2          0          0          0          0          0   rtexit.o
        10          0          0          0          0          0   rtexit2.o
      1272         16          0          0          0        168   scanf_fp.o
       800         14          0          0          0        100   scanf_hexfp.o
       308         16          0          0          0        100   scanf_infnan.o
        20          0          0          0          0         68   strchr.o
       128          0          0          0          0         68   strcmpv7m.o
       164         14          0          0          0        120   strtod.o
       112          0          0          0          0         88   strtol.o
       114          0          0          0          0         92   strtoul.o
        12          4          0          0          0         68   sys_exit.o
        74          0          0          0          0         80   sys_stackheap_outer.o
         2          0          0          0          0         68   use_no_semi.o
        52          4          0          0          0         80   vsnprintf.o
        98          4          0          0          0        140   d2f.o
        16          4          0          0          0        116   dcheck1.o
        24          0          0          0          0        116   dcmpi.o
       120          4          0          0          0        140   deqf.o
        94          4          0          0          0        140   dfix.o
       120          4          0          0          0        140   dleqf.o
       340         12          0          0          0        152   dmul.o
       156          4          0          0          0        140   dnaninf.o
        12          0          0          0          0        116   dretinf.o
       108          0          0          0          0        128   drleqf.o
         0          0         16          0          0          0   fpconst.o
        10          0          0          0          0        116   fpinit.o
        10          0          0          0          0        116   fretinf.o
         6          0          0          0          0        116   istatus.o
         4          0          0          0          0        116   printf1.o
         4          0          0          0          0        116   printf2.o
       100          0          0          0          0        116   retnan.o
        92          0          0          0          0        116   scalbn.o
         4          0          0          0          0        116   scanf1.o
         8          0          0          0          0        132   scanf2.o
        48          0          0          0          0        116   trapv.o
         0          0          0          0          0          0   usenofp.o
        64         16          0          0          0        248   dunder.o
        48          0          0          0          0        124   fpclassify.o
       140         22          0          0          0        132   frexp.o
       228          8          0          0          0        308   ldexp.o
       266         16          0          0          0        308   narrow.o
        40         10          0          0          0        128   strtod.o

    ----------------------------------------------------------------------
     13322        446        568          0         96       9984   Library Totals
        24          0          1          0          0          0   (incl. Padding)

    ----------------------------------------------------------------------

      Code (inc. data)   RO Data    RW Data    ZI Data      Debug   Library Name

     11138        338        551          0         96       6232   c_w.l
      1374         36         16          0          0       2504   fz_wm.l
       786         72          0          0          0       1248   m_wm.l

    ----------------------------------------------------------------------
     13322        446        568          0         96       9984   Library Totals

    ----------------------------------------------------------------------

==============================================================================


      Code (inc. data)   RO Data    RW Data    ZI Data      Debug   

     81406       4238     185022        564     121780    1283885   Grand Totals
     81406       4238     185022        564     121780    1283885   ELF Image Totals
     81406       4238     185022        564          0          0   ROM Totals

==============================================================================

    Total RO  Size (Code + RO Data)               266428 ( 260.18kB)
    Total RW  Size (RW Data + ZI Data)            122344 ( 119.48kB)
    Total ROM Size (Code + RO Data + RW Data)     266992 ( 260.73kB)

==============================================================================

