Component: ARM Compiler 5.06 update 7 (build 960) Tool: armlink [4d3601]

==============================================================================

Section Cross References

    startup_stm32f407xx.o(STACK) refers (Special) to heapauxi.o(.text) for __use_two_region_memory
    startup_stm32f407xx.o(HEAP) refers (Special) to heapauxi.o(.text) for __use_two_region_memory
    startup_stm32f407xx.o(RESET) refers (Special) to heapauxi.o(.text) for __use_two_region_memory
    startup_stm32f407xx.o(RESET) refers to startup_stm32f407xx.o(STACK) for __initial_sp
    startup_stm32f407xx.o(RESET) refers to startup_stm32f407xx.o(.text) for Reset_Handler
    startup_stm32f407xx.o(RESET) refers to stm32f4xx_it.o(i.NMI_Handler) for NMI_Handler
    startup_stm32f407xx.o(RESET) refers to stm32f4xx_it.o(i.HardFault_Handler) for HardFault_Handler
    startup_stm32f407xx.o(RESET) refers to stm32f4xx_it.o(i.MemManage_Handler) for MemManage_Handler
    startup_stm32f407xx.o(RESET) refers to stm32f4xx_it.o(i.BusFault_Handler) for BusFault_Handler
    startup_stm32f407xx.o(RESET) refers to stm32f4xx_it.o(i.UsageFault_Handler) for UsageFault_Handler
    startup_stm32f407xx.o(RESET) refers to port.o(.emb_text) for SVC_Handler
    startup_stm32f407xx.o(RESET) refers to stm32f4xx_it.o(i.DebugMon_Handler) for DebugMon_Handler
    startup_stm32f407xx.o(RESET) refers to stm32f4xx_it.o(i.SysTick_Handler) for SysTick_Handler
    startup_stm32f407xx.o(RESET) refers to stm32f4xx_it.o(i.DMA1_Stream3_IRQHandler) for DMA1_Stream3_IRQHandler
    startup_stm32f407xx.o(RESET) refers to stm32f4xx_it.o(i.DMA1_Stream4_IRQHandler) for DMA1_Stream4_IRQHandler
    startup_stm32f407xx.o(RESET) refers to stm32f4xx_it.o(i.SPI2_IRQHandler) for SPI2_IRQHandler
    startup_stm32f407xx.o(RESET) refers to stm32f4xx_it.o(i.USART1_IRQHandler) for USART1_IRQHandler
    startup_stm32f407xx.o(RESET) refers to stm32f4xx_it.o(i.SDIO_IRQHandler) for SDIO_IRQHandler
    startup_stm32f407xx.o(RESET) refers to stm32f4xx_it.o(i.DMA2_Stream2_IRQHandler) for DMA2_Stream2_IRQHandler
    startup_stm32f407xx.o(RESET) refers to stm32f4xx_it.o(i.DMA2_Stream3_IRQHandler) for DMA2_Stream3_IRQHandler
    startup_stm32f407xx.o(RESET) refers to stm32f4xx_it.o(i.DMA2_Stream6_IRQHandler) for DMA2_Stream6_IRQHandler
    startup_stm32f407xx.o(RESET) refers to stm32f4xx_it.o(i.DMA2_Stream7_IRQHandler) for DMA2_Stream7_IRQHandler
    startup_stm32f407xx.o(.text) refers (Special) to heapauxi.o(.text) for __use_two_region_memory
    startup_stm32f407xx.o(.text) refers to system_stm32f4xx.o(i.SystemInit) for SystemInit
    startup_stm32f407xx.o(.text) refers to __main.o(!!!main) for __main
    startup_stm32f407xx.o(.text) refers to startup_stm32f407xx.o(HEAP) for Heap_Mem
    startup_stm32f407xx.o(.text) refers to startup_stm32f407xx.o(STACK) for Stack_Mem
    main.o(i.SystemClock_Config) refers to rt_memclr_w.o(.text) for __aeabi_memclr4
    main.o(i.SystemClock_Config) refers to stm32f4xx_hal_rcc.o(i.HAL_RCC_OscConfig) for HAL_RCC_OscConfig
    main.o(i.SystemClock_Config) refers to main.o(i.Error_Handler) for Error_Handler
    main.o(i.SystemClock_Config) refers to stm32f4xx_hal_rcc.o(i.HAL_RCC_ClockConfig) for HAL_RCC_ClockConfig
    main.o(i.main) refers to stm32f4xx_hal.o(i.HAL_Init) for HAL_Init
    main.o(i.main) refers to main.o(i.SystemClock_Config) for SystemClock_Config
    main.o(i.main) refers to gpio.o(i.MX_GPIO_Init) for MX_GPIO_Init
    main.o(i.main) refers to stm32f4xx_hal.o(i.HAL_Delay) for HAL_Delay
    main.o(i.main) refers to iic_driver.o(i.iic1_init) for iic1_init
    main.o(i.main) refers to wm8978_driver.o(i.wm8978_Init) for wm8978_Init
    main.o(i.main) refers to wm8978_driver.o(i.wm8978_CfgAudioIF) for wm8978_CfgAudioIF
    main.o(i.main) refers to wm8978_driver.o(i.wm8978_CfgAudioPath) for wm8978_CfgAudioPath
    main.o(i.main) refers to wm8978_driver.o(i.wm8978_SetOUT1Volume) for wm8978_SetOUT1Volume
    main.o(i.main) refers to i2s_driver.o(i.i2s2_init) for i2s2_init
    main.o(i.main) refers to tasks.o(i.xTaskCreate) for xTaskCreate
    main.o(i.main) refers to stm32f4xx_hal_gpio.o(i.HAL_GPIO_WritePin) for HAL_GPIO_WritePin
    main.o(i.main) refers to tasks.o(i.vTaskStartScheduler) for vTaskStartScheduler
    main.o(i.main) refers to apptask.o(i.vInitTask) for vInitTask
    gpio.o(i.MX_GPIO_Init) refers to rt_memclr_w.o(.text) for __aeabi_memclr4
    gpio.o(i.MX_GPIO_Init) refers to stm32f4xx_hal_gpio.o(i.HAL_GPIO_Init) for HAL_GPIO_Init
    gpio.o(i.MX_GPIO_Init) refers to stm32f4xx_hal_gpio.o(i.HAL_GPIO_WritePin) for HAL_GPIO_WritePin
    stm32f4xx_it.o(i.DMA1_Stream3_IRQHandler) refers to stm32f4xx_hal_dma.o(i.HAL_DMA_IRQHandler) for HAL_DMA_IRQHandler
    stm32f4xx_it.o(i.DMA1_Stream3_IRQHandler) refers to i2s_driver.o(.bss) for i2s_dmarx
    stm32f4xx_it.o(i.DMA1_Stream4_IRQHandler) refers to stm32f4xx_hal_dma.o(i.HAL_DMA_IRQHandler) for HAL_DMA_IRQHandler
    stm32f4xx_it.o(i.DMA1_Stream4_IRQHandler) refers to i2s_driver.o(.bss) for i2s_dmatx
[...]
    xSDQueue                                 0x2001c06c   Data           4  ff_platform.o(.data)
    I2S_IRQ_Semaphore                        0x2001c074   Data           4  mp3_driver.o(.data)
    I2S_GateQueue                            0x2001c078   Data           4  mp3_driver.o(.data)
    xUsaer1_Tx_Queue                         0x2001c08c   Data           4  usart_driver.o(.data)
    husart1                                  0x2001cd88   Data          72  usart_driver.o(.bss)
    hdma_usart1_rx                           0x2001cdd0   Data          96  usart_driver.o(.bss)
    hdma_usart1_tx                           0x2001ce30   Data          96  usart_driver.o(.bss)
    __libspace_start                         0x2001ee90   Data          96  libspace.o(.bss)
    __temporary_stack_top$libspace           0x2001eef0   Data           0  libspace.o(.bss)



==============================================================================

Memory Map of the image

  Image Entry point : 0x08000189

  Load Region LR_IROM1 (Base: 0x08000000, Size: 0x0003e608, Max: 0x00100000, ABSOLUTE)

    Execution Region ER_IROM1 (Exec base: 0x08000000, Load base: 0x08000000, Size: 0x0003e3d8, Max: 0x00100000, ABSOLUTE)

    Exec Addr    Load Addr    Size         Type   Attr      Idx    E Section Name        Object

    0x08000000   0x08000000   0x00000188   Data   RO            3    RESET               startup_stm32f407xx.o
    0x08000188   0x08000188   0x00000008   Code   RO         8917  * !!!main             c_w.l(__main.o)
    0x08000190   0x08000190   0x00000034   Code   RO         9384    !!!scatter          c_w.l(__scatter.o)
    0x080001c4   0x080001c4   0x0000005a   Code   RO         9382    !!dczerorl2         c_w.l(__dczerorl2.o)
    0x0800021e   0x0800021e   0x00000002   PAD
    0x08000220   0x08000220   0x0000001a   Code   RO         9386    !!handler_copy      c_w.l(__scatter_copy.o)
    0x0800023a   0x0800023a   0x00000002   PAD
    0x0800023c   0x0800023c   0x0000001c   Code   RO         9388    !!handler_zi        c_w.l(__scatter_zi.o)
    0x08000258   0x08000258   0x00000000   Code   RO         9028    .ARM.Collect$$_printf_percent$$00000000  c_w.l(_printf_percent.o)
    0x08000258   0x08000258   0x00000006   Code   RO         9017    .ARM.Collect$$_printf_percent$$00000001  c_w.l(_printf_n.o)
    0x0800025e   0x0800025e   0x00000006   Code   RO         9019    .ARM.Collect$$_printf_percent$$00000002  c_w.l(_printf_p.o)
    0x08000264   0x08000264   0x00000006   Code   RO         9024    .ARM.Collect$$_printf_percent$$00000003  c_w.l(_printf_f.o)
    0x0800026a   0x0800026a   0x00000006   Code   RO         9025    .ARM.Collect$$_printf_percent$$00000004  c_w.l(_printf_e.o)
    0x08000270   0x08000270   0x00000006   Code   RO         9026    .ARM.Collect$$_printf_percent$$00000005  c_w.l(_printf_g.o)
    0x08000276   0x08000276   0x00000006   Code   RO         9027    .ARM.Collect$$_printf_percent$$00000006  c_w.l(_printf_a.o)
    0x0800027c   0x0800027c   0x0000000a   Code   RO         9032    .ARM.Collect$$_printf_percent$$00000007  c_w.l(_printf_ll.o)
    0x08000286   0x08000286   0x00000006   Code   RO         9021    .ARM.Collect$$_printf_percent$$00000008  c_w.l(_printf_i.o)
    0x0800028c   0x0800028c   0x00000006   Code   RO         9022    .ARM.Collect$$_printf_percent$$00000009  c_w.l(_printf_d.o)
    0x08000292   0x08000292   0x00000006   Code   RO         9023    .ARM.Collect$$_printf_percent$$0000000A  c_w.l(_printf_u.o)
    0x08000298   0x08000298   0x00000006   Code   RO         9020    .ARM.Collect$$_printf_percent$$0000000B  c_w.l(_printf_o.o)
    0x0800029e   0x0800029e   0x00000006   Code   RO         9018    .ARM.Collect$$_printf_percent$$0000000C  c_w.l(_printf_x.o)
    0x080002a4   0x080002a4   0x00000006   Code   RO         9029    .ARM.Collect$$_printf_percent$$0000000D  c_w.l(_printf_lli.o)
    0x080002aa   0x080002aa   0x00000006   Code   RO         9030    .ARM.Collect$$_printf_percent$$0000000E  c_w.l(_printf_lld.o)
    0x080002b0   0x080002b0   0x00000006   Code   RO         9031    .ARM.Collect$$_printf_percent$$0000000F  c_w.l(_printf_llu.o)
    0x080002b6   0x080002b6   0x00000006   Code   RO         9036    .ARM.Collect$$_printf_percent$$00000010  c_w.l(_printf_llo.o)
    0x080002bc   0x080002bc   0x00000006   Code   RO         9037    .ARM.Collect$$_printf_percent$$00000011  c_w.l(_printf_llx.o)
    0x080002c2   0x080002c2   0x0000000a   Code   RO         9033    .ARM.Collect$$_printf_percent$$00000012  c_w.l(_printf_l.o)
    0x080002cc   0x080002cc   0x00000006   Code   RO         9015    .ARM.Collect$$_printf_percent$$00000013  c_w.l(_printf_c.o)
    0x080002d2   0x080002d2   0x00000006   Code   RO         9016    .ARM.Collect$$_printf_percent$$00000014  c_w.l(_printf_s.o)
    0x080002d8   0x080002d8   0x00000006   Code   RO         9034    .ARM.Collect$$_printf_percent$$00000015  c_w.l(_printf_lc.o)
    0x080002de   0x080002de   0x00000006   Code   RO         9035    .ARM.Collect$$_printf_percent$$00000016  c_w.l(_printf_ls.o)
    0x080002e4   0x080002e4   0x00000004   Code   RO         9101    .ARM.Collect$$_printf_percent$$00000017  c_w.l(_printf_percent_end.o)
    0x080002e8   0x080002e8   0x00000002   Code   RO         9160    .ARM.Collect$$libinit$$00000000  c_w.l(libinit.o)
    0x080002ea   0x080002ea   0x00000004   Code   RO         9161    .ARM.Collect$$libinit$$00000001  c_w.l(libinit2.o)
    0x080002ee   0x080002ee   0x00000000   Code   RO         9164    .ARM.Collect$$libinit$$00000004  c_w.l(libinit2.o)
    0x080002ee   0x080002ee   0x00000000   Code   RO         9167    .ARM.Collect$$libinit$$0000000A  c_w.l(libinit2.o)
    0x080002ee   0x080002ee   0x00000000   Code   RO         9169    .ARM.Collect$$libinit$$0000000C  c_w.l(libinit2.o)
    0x080002ee   0x080002ee   0x00000000   Code   RO         9171    .ARM.Collect$$libinit$$0000000E  c_w.l(libinit2.o)
    0x080002ee   0x080002ee   0x00000006   Code   RO         9172    .ARM.Collect$$libinit$$0000000F  c_w.l(libinit2.o)
    0x080002f4   0x080002f4   0x00000000   Code   RO         9174    .ARM.Collect$$libinit$$00000011  c_w.l(libinit2.o)
    0x080002f4   0x080002f4   0x0000000c   Code   RO         9175    .ARM.Collect$$libinit$$00000012  c_w.l(libinit2.o)
    0x08000300   0x08000300   0x00000000   Code   RO         9176    .ARM.Collect$$libinit$$00000013  c_w.l(libinit2.o)
    0x08000300   0x08000300   0x00000000   Code   RO         9178    .ARM.Collect$$libinit$$00000015  c_w.l(libinit2.o)
    0x08000300   0x08000300   0x0000000a   Code   RO         9179    .ARM.Collect$$libinit$$00000016  c_w.l(libinit2.o)
    0x0800030a   0x0800030a   0x00000000   Code   RO         9180    .ARM.Collect$$libinit$$00000017  c_w.l(libinit2.o)
    0x0800030a   0x0800030a   0x00000000   Code   RO         9182    .ARM.Collect$$libinit$$00000019  c_w.l(libinit2.o)
    0x0800030a   0x0800030a   0x00000000   Code   RO         9184    .ARM.Collect$$libinit$$0000001B  c_w.l(libinit2.o)
    0x0800030a   0x0800030a   0x00000000   Code   RO         9186    .ARM.Collect$$libinit$$0000001D  c_w.l(libinit2.o)
    0x0800030a   0x0800030a   0x00000000   Code   RO         9188    .ARM.Collect$$libinit$$0000001F  c_w.l(libinit2.o)
    0x0800030a   0x0800030a   0x00000000   Code   RO         9190    .ARM.Collect$$libinit$$00000021  c_w.l(libinit2.o)
    0x0800030a   0x0800030a   0x00000000   Code   RO         9192    .ARM.Collect$$libinit$$00000023  c_w.l(libinit2.o)
    0x0800030a   0x0800030a   0x00000000   Code   RO         9194    .ARM.Collect$$libinit$$00000025  c_w.l(libinit2.o)
    0x0800030a   0x0800030a   0x00000000   Code   RO         9198    .ARM.Collect$$libinit$$0000002C  c_w.l(libinit2.o)
    0x0800030a   0x0800030a   0x00000000   Code   RO         9200    .ARM.Collect$$libinit$$0000002E  c_w.l(libinit2.o)
    0x0800030a   0x0800030a   0x00000000   Code   RO         9202    .ARM.Collect$$libinit$$00000030  c_w.l(libinit2.o)
    0x0800030a   0x0800030a   0x00000000   Code   RO         9204    .ARM.Collect$$libinit$$00000032  c_w.l(libinit2.o)
    0x0800030a   0x0800030a   0x00000002   Code   RO         9205    .ARM.Collect$$libinit$$00000033  c_w.l(libinit2.o)
    0x0800030c   0x0800030c   0x00000002   Code   RO         9292    .ARM.Collect$$libshutdown$$00000000  c_w.l(libshutdown.o)
    0x0800030e   0x0800030e   0x00000000   Code   RO         9330    .ARM.Collect$$libshutdown$$00000002  c_w.l(libshutdown2.o)
    0x0800030e   0x0800030e   0x00000000   Code   RO         9332    .ARM.Collect$$libshutdown$$00000004  c_w.l(libshutdown2.o)
    0x0800030e   0x0800030e   0x00000000   Code   RO         9334    .ARM.Collect$$libshutdown$$00000006  c_w.l(libshutdown2.o)
    0x0800030e   0x0800030e   0x00000000   Code   RO         9337    .ARM.Collect$$libshutdown$$00000009  c_w.l(libshutdown2.o)
    0x0800030e   0x0800030e   0x00000000   Code   RO         9340    .ARM.Collect$$libshutdown$$0000000C  c_w.l(libshutdown2.o)
    0x0800030e   0x0800030e   0x00000000   Code   RO         9342    .ARM.Collect$$libshutdown$$0000000E  c_w.l(libshutdown2.o)
    0x0800030e   0x0800030e   0x00000000   Code   RO         9345    .ARM.Collect$$libshutdown$$00000011  c_w.l(libshutdown2.o)
    0x0800030e   0x0800030e   0x00000002   Code   RO         9346    .ARM.Collect$$libshutdown$$00000012  c_w.l(libshutdown2.o)
    0x08000310   0x08000310   0x00000000   Code   RO         8933    .ARM.Collect$$rtentry$$00000000  c_w.l(__rtentry.o)
    0x08000310   0x08000310   0x00000000   Code   RO         9063    .ARM.Collect$$rtentry$$00000002  c_w.l(__rtentry2.o)
    0x08000310   0x08000310   0x00000006   Code   RO         9075    .ARM.Collect$$rtentry$$00000004  c_w.l(__rtentry4.o)
    0x08000316   0x08000316   0x00000000   Code   RO         9065    .ARM.Collect$$rtentry$$00000009  c_w.l(__rtentry2.o)
    0x08000316   0x08000316   0x00000004   Code   RO         9066    .ARM.Collect$$rtentry$$0000000A  c_w.l(__rtentry2.o)
    0x0800031a   0x0800031a   0x00000000   Code   RO         9068    .ARM.Collect$$rtentry$$0000000C  c_w.l(__rtentry2.o)
    0x0800031a   0x0800031a   0x00000008   Code   RO         9069    .ARM.Collect$$rtentry$$0000000D  c_w.l(__rtentry2.o)
    0x08000322   0x08000322   0x00000002   Code   RO         9210    .ARM.Collect$$rtexit$$00000000  c_w.l(rtexit.o)
    0x08000324   0x08000324   0x00000000   Code   RO         9243    .ARM.Collect$$rtexit$$00000002  c_w.l(rtexit2.o)
    0x08000324   0x08000324   0x00000004   Code   RO         9244    .ARM.Collect$$rtexit$$00000003  c_w.l(rtexit2.o)
    0x08000328   0x08000328   0x00000006   Code   RO         9245    .ARM.Collect$$rtexit$$00000004  c_w.l(rtexit2.o)
    0x0800032e   0x0800032e   0x00000002   PAD
    0x08000330   0x08000330   0x000000be   Code   RO         6195    .emb_text           port.o
    0x080003ee   0x080003ee   0x00000002   PAD
    0x080003f0   0x080003f0   0x00000040   Code   RO            4    .text               startup_stm32f407xx.o
    0x08000430   0x08000430   0x000000ee   Code   RO         8889    .text               c_w.l(lludivv7m.o)
    0x0800051e   0x0800051e   0x00000002   PAD
    0x08000520   0x08000520   0x00000034   Code   RO         8891    .text               c_w.l(vsnprintf.o)
    0x08000554   0x08000554   0x00000070   Code   RO         8893    .text               c_w.l(strtol.o)
    0x080005c4   0x080005c4   0x00000072   Code   RO         8895    .text               c_w.l(strtoul.o)
    0x08000636   0x08000636   0x00000014   Code   RO         8897    .text               c_w.l(strchr.o)
    0x0800064a   0x0800064a   0x00000058   Code   RO         8899    .text               c_w.l(memcmp.o)
    0x080006a2   0x080006a2   0x0000008a   Code   RO         8901    .text               c_w.l(rt_memcpy_v6.o)
    0x0800072c   0x0800072c   0x00000084   Code   RO         8903    .text               c_w.l(rt_memmove_v6.o)
    0x080007b0   0x080007b0   0x00000064   Code   RO         8905    .text               c_w.l(rt_memcpy_w.o)
    0x08000814   0x08000814   0x00000010   Code   RO         8909    .text               c_w.l(aeabi_memset.o)
    0x08000824   0x08000824   0x00000044   Code   RO         8911    .text               c_w.l(rt_memclr.o)
    0x08000868   0x08000868   0x0000004e   Code   RO         8913    .text               c_w.l(rt_memclr_w.o)
    0x080008b6   0x080008b6   0x00000006   Code   RO         8915    .text               c_w.l(heapauxi.o)
    0x080008bc   0x080008bc   0x00000010   Code   RO         8934    .text               c_w.l(rt_ctype_table.o)
    0x080008cc   0x080008cc   0x00000008   Code   RO         8943    .text               c_w.l(rt_errno_addr_intlibspace.o)
    0x080008d4   0x080008d4   0x0000004e   Code   RO         8947    .text               c_w.l(_printf_pad.o)
    0x08000922   0x08000922   0x00000024   Code   RO         8949    .text               c_w.l(_printf_truncate.o)
    0x08000946   0x08000946   0x00000052   Code   RO         8951    .text               c_w.l(_printf_str.o)
    0x08000998   0x08000998   0x00000078   Code   RO         8953    .text               c_w.l(_printf_dec.o)
    0x08000a10   0x08000a10   0x00000028   Code   RO         8955    .text               c_w.l(_printf_charcount.o)
    0x08000a38   0x08000a38   0x00000030   Code   RO         8957    .text               c_w.l(_printf_char_common.o)
    0x08000a68   0x08000a68   0x0000000a   Code   RO         8959    .text               c_w.l(_sputc.o)
    0x08000a72   0x08000a72   0x00000010   Code   RO         8961    .text               c_w.l(_snputc.o)
    0x08000a82   0x08000a82   0x00000002   PAD
    0x08000a84   0x08000a84   0x000000bc   Code   RO         8963    .text               c_w.l(_printf_wctomb.o)
    0x08000b40   0x08000b40   0x0000007c   Code   RO         8966    .text               c_w.l(_printf_longlong_dec.o)
    0x08000bbc   0x08000bbc   0x00000070   Code   RO         8972    .text               c_w.l(_printf_oct_int_ll.o)
    0x08000c2c   0x08000c2c   0x00000094   Code   RO         8992    .text               c_w.l(_printf_hex_int_ll_ptr.o)
    0x08000cc0   0x08000cc0   0x00000188   Code   RO         9012    .text               c_w.l(__printf_flags_ss_wp.o)
    0x08000e48   0x08000e48   0x0000009e   Code   RO         9038    .text               c_w.l(_strtoul.o)
    0x08000ee6   0x08000ee6   0x00000002   PAD
    0x08000ee8   0x08000ee8   0x000000a4   Code   RO         9040    .text               c_w.l(strtod.o)
    0x08000f8c   0x08000f8c   0x0000007a   Code   RO         9042    .text               c_w.l(rt_memmove_w.o)
    0x08001006   0x08001006   0x00000002   PAD
    0x08001008   0x08001008   0x00000008   Code   RO         9059    .text               c_w.l(libspace.o)
    0x08001010   0x08001010   0x00000008   Code   RO         9082    .text               c_w.l(rt_locale_intlibspace.o)
    0x08001018   0x08001018   0x0000008a   Code   RO         9084    .text               c_w.l(lludiv10.o)
    0x080010a2   0x080010a2   0x00000012   Code   RO         9086    .text               c_w.l(isspace.o)
    0x080010b4   0x080010b4   0x000000b2   Code   RO         9088    .text               c_w.l(_printf_intcommon.o)
    0x08001166   0x08001166   0x0000041e   Code   RO         9090    .text               c_w.l(_printf_fp_dec.o)
    0x08001584   0x08001584   0x000002fc   Code   RO         9092    .text               c_w.l(_printf_fp_hex.o)
    0x08001880   0x08001880   0x0000002c   Code   RO         9097    .text               c_w.l(_printf_char.o)
    0x080018ac   0x080018ac   0x0000002c   Code   RO         9099    .text               c_w.l(_printf_wchar.o)
    0x080018d8   0x080018d8   0x0000001c   Code   RO         9102    .text               c_w.l(_chval.o)
    0x080018f4   0x080018f4   0x00000040   Code   RO         9104    .text               c_w.l(_sgetc.o)
    0x08001934   0x08001934   0x00000040   Code   RO         9106    .text               c_w.l(_wcrtomb.o)
    0x08001974   0x08001974   0x0000004a   Code   RO         9116    .text               c_w.l(sys_stackheap_outer.o)
    0x080019be   0x080019be   0x00000002   PAD
    0x080019c0   0x080019c0   0x00000080   Code   RO         9118    .text               c_w.l(_printf_fp_infnan.o)
    0x08001a40   0x08001a40   0x000004f8   Code   RO         9120    .text               c_w.l(scanf_fp.o)
    0x08001f38   0x08001f38   0x000000e4   Code   RO         9122    .text               c_w.l(bigflt0.o)
    0x0800201c   0x0800201c   0x00000012   Code   RO         9147    .text               c_w.l(exit.o)
    0x0800202e   0x0800202e   0x00000002   PAD
    0x08002030   0x08002030   0x00000080   Code   RO         9153    .text               c_w.l(strcmpv7m.o)
    0x080020b0   0x080020b0   0x0000000c   Code   RO         9240    .text               c_w.l(sys_exit.o)
    0x080020bc   0x080020bc   0x00000016   Code   RO         9249    .text               c_w.l(_rserrno.o)
    0x080020d2   0x080020d2   0x00000002   PAD
    0x080020d4   0x080020d4   0x00000320   Code   RO         9251    .text               c_w.l(scanf_hexfp.o)
    0x080023f4   0x080023f4   0x00000134   Code   RO         9253    .text               c_w.l(scanf_infnan.o)
    0x08002528   0x08002528   0x00000002   Code   RO         9277    .text               c_w.l(use_no_semi.o)
    0x0800252a   0x0800252a   0x00000000   Code   RO         9279    .text               c_w.l(indicate_semi.o)
    0x0800252a   0x0800252a   0x00000026   Code   RO         9282    .text               c_w.l(llshl.o)
    0x08002550   0x08002550   0x0000003e   Code   RO         9125    CL$$btod_d2e        c_w.l(btod.o)
    0x0800258e   0x0800258e   0x00000046   Code   RO         9127    CL$$btod_d2e_denorm_low  c_w.l(btod.o)
    0x080025d4   0x080025d4   0x00000060   Code   RO         9126    CL$$btod_d2e_norm_op1  c_w.l(btod.o)
    0x08002634   0x08002634   0x00000338   Code   RO         9135    CL$$btod_div_common  c_w.l(btod.o)
    0x0800296c   0x0800296c   0x00000084   Code   RO         9133    CL$$btod_e2d        c_w.l(btod.o)
    0x080029f0   0x080029f0   0x000000dc   Code   RO         9132    CL$$btod_e2e        c_w.l(btod.o)
    0x08002acc   0x08002acc   0x0000002a   Code   RO         9129    CL$$btod_ediv       c_w.l(btod.o)
    0x08002af6   0x08002af6   0x0000002a   Code   RO         9131    CL$$btod_edivd      c_w.l(btod.o)
    0x08002b20   0x08002b20   0x0000002a   Code   RO         9128    CL$$btod_emul       c_w.l(btod.o)
    0x08002b4a   0x08002b4a   0x0000002a   Code   RO         9130    CL$$btod_emuld      c_w.l(btod.o)
    0x08002b74   0x08002b74   0x00000244   Code   RO         9134    CL$$btod_mult_common  c_w.l(btod.o)
    0x08002db8   0x08002db8   0x00000002   Code   RO          246    i.BusFault_Handler  stm32f4xx_it.o
    0x08002dba   0x08002dba   0x00000002   PAD
    0x08002dbc   0x08002dbc   0x0000000c   Code   RO          247    i.DMA1_Stream3_IRQHandler  stm32f4xx_it.o
    0x08002dc8   0x08002dc8   0x0000000c   Code   RO          248    i.DMA1_Stream4_IRQHandler  stm32f4xx_it.o
    0x08002dd4   0x08002dd4   0x0000000c   Code   RO          249    i.DMA2_Stream2_IRQHandler  stm32f4xx_it.o
    0x08002de0   0x08002de0   0x0000000c   Code   RO          250    i.DMA2_Stream3_IRQHandler  stm32f4xx_it.o
    0x08002dec   0x08002dec   0x0000000c   Code   RO          251    i.DMA2_Stream6_IRQHandler  stm32f4xx_it.o
    0x08002df8   0x08002df8   0x0000000c   Code   RO          252    i.DMA2_Stream7_IRQHandler  stm32f4xx_it.o
    0x08002e04   0x08002e04   0x0000002c   Code   RO         1042    i.DMA_CalcBaseAndBitshift  stm32f4xx_hal_dma.o
    0x08002e30   0x08002e30   0x00000078   Code   RO         1043    i.DMA_CheckFifoParam  stm32f4xx_hal_dma.o
    0x08002ea8   0x08002ea8   0x0000002a   Code   RO         1044    i.DMA_SetConfig     stm32f4xx_hal_dma.o
    0x08002ed2   0x08002ed2   0x00000002   Code   RO          253    i.DebugMon_Handler  stm32f4xx_it.o
    0x08002ed4   0x08002ed4   0x00000004   Code   RO           13    i.Error_Handler     main.o
    0x08002ed8   0x08002ed8   0x00000004   Code   RO         8004    i.FLASH_disk_initialize  ff_platform.o
    0x08002edc   0x08002edc   0x00000004   Code   RO         8005    i.FLASH_disk_read   ff_platform.o
    0x08002ee0   0x08002ee0   0x00000004   Code   RO         8006    i.FLASH_disk_status  ff_platform.o
    0x08002ee4   0x08002ee4   0x00000004   Code   RO         8007    i.FLASH_disk_write  ff_platform.o
    0x08002ee8   0x08002ee8   0x0000008e   Code   RO         1045    i.HAL_DMA_Abort     stm32f4xx_hal_dma.o
    0x08002f76   0x08002f76   0x00000024   Code   RO         1046    i.HAL_DMA_Abort_IT  stm32f4xx_hal_dma.o
    0x08002f9a   0x08002f9a   0x00000004   Code   RO         1048    i.HAL_DMA_GetError  stm32f4xx_hal_dma.o
    0x08002f9e   0x08002f9e   0x00000002   PAD
    0x08002fa0   0x08002fa0   0x000001d0   Code   RO         1050    i.HAL_DMA_IRQHandler  stm32f4xx_hal_dma.o
    0x08003170   0x08003170   0x000000d4   Code   RO         1051    i.HAL_DMA_Init      stm32f4xx_hal_dma.o
    0x08003244   0x08003244   0x0000006e   Code   RO         1055    i.HAL_DMA_Start_IT  stm32f4xx_hal_dma.o
    0x080032b2   0x080032b2   0x00000002   PAD
    0x080032b4   0x080032b4   0x00000024   Code   RO         1482    i.HAL_Delay         stm32f4xx_hal.o
    0x080032d8   0x080032d8   0x000001d0   Code   RO          938    i.HAL_GPIO_Init     stm32f4xx_hal_gpio.o
    0x080034a8   0x080034a8   0x0000000e   Code   RO          942    i.HAL_GPIO_WritePin  stm32f4xx_hal_gpio.o
    0x080034b6   0x080034b6   0x00000002   PAD
    0x080034b8   0x080034b8   0x0000000c   Code   RO         1488    i.HAL_GetTick       stm32f4xx_hal.o
    0x080034c4   0x080034c4   0x00000198   Code   RO         2140    i.HAL_I2C_Init      stm32f4xx_hal_i2c.o
    0x0800365c   0x0800365c   0x00000148   Code   RO         2153    i.HAL_I2C_Master_Transmit  stm32f4xx_hal_i2c.o
    0x080037a4   0x080037a4   0x00000064   Code   RO         8238    i.HAL_I2C_MspInit   iic_driver.o
    0x08003808   0x08003808   0x000001bc   Code   RO         2813    i.HAL_I2SEx_FullDuplex_IRQHandler  stm32f4xx_hal_i2s_ex.o
    0x080039c4   0x080039c4   0x00000002   Code   RO         2817    i.HAL_I2SEx_TxRxCpltCallback  stm32f4xx_hal_i2s_ex.o
    0x080039c6   0x080039c6   0x00000002   PAD
    0x080039c8   0x080039c8   0x00000244   Code   RO         2626    i.HAL_I2S_DMAStop   stm32f4xx_hal_i2s.o
    0x08003c0c   0x08003c0c   0x00000002   Code   RO         2628    i.HAL_I2S_ErrorCallback  stm32f4xx_hal_i2s.o
    0x08003c0e   0x08003c0e   0x00000004   Code   RO         2631    i.HAL_I2S_IRQHandler  stm32f4xx_hal_i2s.o
    0x08003c12   0x08003c12   0x00000002   PAD
    0x08003c14   0x08003c14   0x00000194   Code   RO         2632    i.HAL_I2S_Init      stm32f4xx_hal_i2s.o
    0x08003da8   0x08003da8   0x00000154   Code   RO         8184    i.HAL_I2S_MspInit   i2s_driver.o
    0x08003efc   0x08003efc   0x00000002   Code   RO         2638    i.HAL_I2S_RxCpltCallback  stm32f4xx_hal_i2s.o
    0x08003efe   0x08003efe   0x00000002   PAD
    0x08003f00   0x08003f00   0x000000c4   Code   RO         2641    i.HAL_I2S_Transmit_DMA  stm32f4xx_hal_i2s.o
    0x08003fc4   0x08003fc4   0x00000040   Code   RO         8280    i.HAL_I2S_TxCpltCallback  mp3_driver.o
    0x08004004   0x08004004   0x00000002   Code   RO         2644    i.HAL_I2S_TxHalfCpltCallback  stm32f4xx_hal_i2s.o
    0x08004006   0x08004006   0x00000002   PAD
    0x08004008   0x08004008   0x00000010   Code   RO         1494    i.HAL_IncTick       stm32f4xx_hal.o
    0x08004018   0x08004018   0x00000034   Code   RO         1495    i.HAL_Init          stm32f4xx_hal.o
    0x0800404c   0x0800404c   0x00000044   Code   RO         1496    i.HAL_InitTick      stm32f4xx_hal.o
    0x08004090   0x08004090   0x00000030   Code   RO          364    i.HAL_MspInit       stm32f4xx_hal_msp.o
    0x080040c0   0x080040c0   0x0000001a   Code   RO         1330    i.HAL_NVIC_EnableIRQ  stm32f4xx_hal_cortex.o
    0x080040da   0x080040da   0x00000002   PAD
    0x080040dc   0x080040dc   0x00000040   Code   RO         1336    i.HAL_NVIC_SetPriority  stm32f4xx_hal_cortex.o
    0x0800411c   0x0800411c   0x00000024   Code   RO         1337    i.HAL_NVIC_SetPriorityGrouping  stm32f4xx_hal_cortex.o
    0x08004140   0x08004140   0x00000034   Code   RO          640    i.HAL_RCCEx_DisablePLLI2S  stm32f4xx_hal_rcc_ex.o
    0x08004174   0x08004174   0x00000068   Code   RO          641    i.HAL_RCCEx_EnablePLLI2S  stm32f4xx_hal_rcc_ex.o
    0x080041dc   0x080041dc   0x00000068   Code   RO          643    i.HAL_RCCEx_GetPeriphCLKFreq  stm32f4xx_hal_rcc_ex.o
    0x08004244   0x08004244   0x00000002   Code   RO          538    i.HAL_RCC_CSSCallback  stm32f4xx_hal_rcc.o
    0x08004246   0x08004246   0x00000002   PAD
    0x08004248   0x08004248   0x0000014c   Code   RO          539    i.HAL_RCC_ClockConfig  stm32f4xx_hal_rcc.o
    0x08004394   0x08004394   0x0000000c   Code   RO          544    i.HAL_RCC_GetHCLKFreq  stm32f4xx_hal_rcc.o
    0x080043a0   0x080043a0   0x00000020   Code   RO          546    i.HAL_RCC_GetPCLK1Freq  stm32f4xx_hal_rcc.o
    0x080043c0   0x080043c0   0x00000020   Code   RO          547    i.HAL_RCC_GetPCLK2Freq  stm32f4xx_hal_rcc.o
    0x080043e0   0x080043e0   0x0000006c   Code   RO          548    i.HAL_RCC_GetSysClockFreq  stm32f4xx_hal_rcc.o
    0x0800444c   0x0800444c   0x0000001c   Code   RO          550    i.HAL_RCC_NMI_IRQHandler  stm32f4xx_hal_rcc.o
    0x08004468   0x08004468   0x000003c0   Code   RO          551    i.HAL_RCC_OscConfig  stm32f4xx_hal_rcc.o
    0x08004828   0x08004828   0x00000096   Code   RO         3213    i.HAL_SD_Abort      stm32f4xx_hal_sd.o
    0x080048be   0x080048be   0x00000002   Code   RO         3214    i.HAL_SD_AbortCallback  stm32f4xx_hal_sd.o
    0x080048c0   0x080048c0   0x000000c4   Code   RO         3216    i.HAL_SD_ConfigWideBusOperation  stm32f4xx_hal_sd.o
    0x08004984   0x08004984   0x00000002   Code   RO         3219    i.HAL_SD_ErrorCallback  stm32f4xx_hal_sd.o
    0x08004986   0x08004986   0x00000002   PAD
    0x08004988   0x08004988   0x00000194   Code   RO         3221    i.HAL_SD_GetCardCSD  stm32f4xx_hal_sd.o
    0x08004b1c   0x08004b1c   0x00000020   Code   RO         3223    i.HAL_SD_GetCardState  stm32f4xx_hal_sd.o
    0x08004b3c   0x08004b3c   0x000001d4   Code   RO         3227    i.HAL_SD_IRQHandler  stm32f4xx_hal_sd.o
    0x08004d10   0x08004d10   0x0000003e   Code   RO         3228    i.HAL_SD_Init       stm32f4xx_hal_sd.o
    0x08004d4e   0x08004d4e   0x00000002   PAD
    0x08004d50   0x08004d50   0x00000098   Code   RO         3229    i.HAL_SD_InitCard   stm32f4xx_hal_sd.o
    0x08004de8   0x08004de8   0x000000dc   Code   RO         8601    i.HAL_SD_MspInit    sd2_driver.o
    0x08004ec4   0x08004ec4   0x0000013c   Code   RO         3233    i.HAL_SD_ReadBlocks_DMA  stm32f4xx_hal_sd.o
    0x08005000   0x08005000   0x00000040   Code   RO         8008    i.HAL_SD_RxCpltCallback  ff_platform.o
    0x08005040   0x08005040   0x00000002   Code   RO         3236    i.HAL_SD_TxCpltCallback  stm32f4xx_hal_sd.o
    0x08005042   0x08005042   0x00000002   PAD
    0x08005044   0x08005044   0x000001f4   Code   RO         3237    i.HAL_SD_WriteBlocks  stm32f4xx_hal_sd.o
    0x08005238   0x08005238   0x00000028   Code   RO         1341    i.HAL_SYSTICK_Config  stm32f4xx_hal_cortex.o
    0x08005260   0x08005260   0x00000002   Code   RO         4876    i.HAL_UARTEx_RxEventCallback  stm32f4xx_hal_uart.o
    0x08005262   0x08005262   0x00000002   PAD
    0x08005264   0x08005264   0x0000003c   Code   RO         8648    i.HAL_UART_ErrorCallback  usart_driver.o
    0x080052a0   0x080052a0   0x00000248   Code   RO         4893    i.HAL_UART_IRQHandler  stm32f4xx_hal_uart.o
    0x080054e8   0x080054e8   0x00000066   Code   RO         4894    i.HAL_UART_Init     stm32f4xx_hal_uart.o
    0x0800554e   0x0800554e   0x00000002   PAD
    0x08005550   0x08005550   0x0000011c   Code   RO         8650    i.HAL_UART_MspInit  usart_driver.o
    0x0800566c   0x0800566c   0x0000001c   Code   RO         4898    i.HAL_UART_Receive_DMA  stm32f4xx_hal_uart.o
    0x08005688   0x08005688   0x00000050   Code   RO         8651    i.HAL_UART_RxCpltCallback  usart_driver.o
    0x080056d8   0x080056d8   0x0000003c   Code   RO         8652    i.HAL_UART_RxHalfCpltCallback  usart_driver.o
    0x08005714   0x08005714   0x0000008c   Code   RO         4903    i.HAL_UART_Transmit_DMA  stm32f4xx_hal_uart.o
    0x080057a0   0x080057a0   0x00000050   Code   RO         8653    i.HAL_UART_TxCpltCallback  usart_driver.o
    0x080057f0   0x080057f0   0x00000002   Code   RO         4906    i.HAL_UART_TxHalfCpltCallback  stm32f4xx_hal_uart.o
    0x080057f2   0x080057f2   0x00000002   Code   RO          254    i.HardFault_Handler  stm32f4xx_it.o
    0x080057f4   0x080057f4   0x0000002e   Code   RO         2184    i.I2C_IsAcknowledgeFailed  stm32f4xx_hal_i2c.o
    0x08005822   0x08005822   0x00000002   PAD
    0x08005824   0x08005824   0x000000b0   Code   RO         2188    i.I2C_MasterRequestWrite  stm32f4xx_hal_i2c.o
    0x080058d4   0x080058d4   0x00000058   Code   RO         2204    i.I2C_WaitOnBTFFlagUntilTimeout  stm32f4xx_hal_i2c.o
    0x0800592c   0x0800592c   0x000000ac   Code   RO         2205    i.I2C_WaitOnFlagUntilTimeout  stm32f4xx_hal_i2c.o
    0x080059d8   0x080059d8   0x000000c8   Code   RO         2206    i.I2C_WaitOnMasterAddressFlagUntilTimeout  stm32f4xx_hal_i2c.o
    0x08005aa0   0x08005aa0   0x00000058   Code   RO         2210    i.I2C_WaitOnTXEFlagUntilTimeout  stm32f4xx_hal_i2c.o
    0x08005af8   0x08005af8   0x00000036   Code   RO         2820    i.I2SEx_RxISR_I2S   stm32f4xx_hal_i2s_ex.o
    0x08005b2e   0x08005b2e   0x00000002   PAD
    0x08005b30   0x08005b30   0x00000060   Code   RO         2821    i.I2SEx_RxISR_I2SExt  stm32f4xx_hal_i2s_ex.o
    0x08005b90   0x08005b90   0x00000036   Code   RO         2822    i.I2SEx_TxISR_I2S   stm32f4xx_hal_i2s_ex.o
    0x08005bc6   0x08005bc6   0x00000002   PAD
    0x08005bc8   0x08005bc8   0x00000060   Code   RO         2823    i.I2SEx_TxISR_I2SExt  stm32f4xx_hal_i2s_ex.o
    0x08005c28   0x08005c28   0x00000028   Code   RO         2645    i.I2S_DMAError      stm32f4xx_hal_i2s.o
    0x08005c50   0x08005c50   0x00000026   Code   RO         2648    i.I2S_DMATxCplt     stm32f4xx_hal_i2s.o
    0x08005c76   0x08005c76   0x0000000a   Code   RO         2649    i.I2S_DMATxHalfCplt  stm32f4xx_hal_i2s.o
    0x08005c80   0x08005c80   0x000000c4   Code   RO         8281    i.I2S_GateKeeper    mp3_driver.o
    0x08005d44   0x08005d44   0x000000aa   Code   RO         2650    i.I2S_IRQHandler    stm32f4xx_hal_i2s.o
    0x08005dee   0x08005dee   0x00000032   Code   RO         2651    i.I2S_Receive_IT    stm32f4xx_hal_i2s.o
    0x08005e20   0x08005e20   0x00000032   Code   RO         2652    i.I2S_Transmit_IT   stm32f4xx_hal_i2s.o
    0x08005e52   0x08005e52   0x0000004c   Code   RO         2653    i.I2S_WaitFlagStateUntilTimeout  stm32f4xx_hal_i2s.o
    0x08005e9e   0x08005e9e   0x00000074   Code   RO         8282    i.L12_apply_scf_384  mp3_driver.o
    0x08005f12   0x08005f12   0x000000d2   Code   RO         8283    i.L12_dequantize_granule  mp3_driver.o
    0x08005fe4   0x08005fe4   0x000000e8   Code   RO         8284    i.L12_read_scale_info  mp3_driver.o
    0x080060cc   0x080060cc   0x00000090   Code   RO         8285    i.L12_read_scalefactors  mp3_driver.o
    0x0800615c   0x0800615c   0x0000009c   Code   RO         8286    i.L12_subband_alloc_table  mp3_driver.o
    0x080061f8   0x080061f8   0x00000060   Code   RO         8287    i.L3_antialias      mp3_driver.o
    0x08006258   0x08006258   0x00000028   Code   RO         8288    i.L3_change_sign    mp3_driver.o
    0x08006280   0x08006280   0x00000138   Code   RO         8289    i.L3_dct3_9         mp3_driver.o
    0x080063b8   0x080063b8   0x00000142   Code   RO         8290    i.L3_decode         mp3_driver.o
    0x080064fa   0x080064fa   0x00000002   PAD
    0x080064fc   0x080064fc   0x000001ac   Code   RO         8291    i.L3_decode_scalefactors  mp3_driver.o
    0x080066a8   0x080066a8   0x0000039c   Code   RO         8292    i.L3_huffman        mp3_driver.o
    0x08006a44   0x08006a44   0x00000034   Code   RO         8293    i.L3_idct3          mp3_driver.o
    0x08006a78   0x08006a78   0x000000f8   Code   RO         8294    i.L3_imdct12        mp3_driver.o
    0x08006b70   0x08006b70   0x000001ac   Code   RO         8295    i.L3_imdct36        mp3_driver.o
    0x08006d1c   0x08006d1c   0x00000064   Code   RO         8296    i.L3_imdct_gr       mp3_driver.o
    0x08006d80   0x08006d80   0x00000062   Code   RO         8297    i.L3_imdct_short    mp3_driver.o
    0x08006de2   0x08006de2   0x000000a0   Code   RO         8298    i.L3_intensity_stereo  mp3_driver.o
    0x08006e82   0x08006e82   0x00000032   Code   RO         8299    i.L3_intensity_stereo_band  mp3_driver.o
    0x08006eb4   0x08006eb4   0x00000040   Code   RO         8300    i.L3_ldexp_q2       mp3_driver.o
    0x08006ef4   0x08006ef4   0x00000032   Code   RO         8301    i.L3_midside_stereo  mp3_driver.o
    0x08006f26   0x08006f26   0x00000002   PAD
    0x08006f28   0x08006f28   0x0000008c   Code   RO         8302    i.L3_pow_43         mp3_driver.o
    0x08006fb4   0x08006fb4   0x0000009e   Code   RO         8303    i.L3_read_scalefactors  mp3_driver.o
    0x08007052   0x08007052   0x00000002   PAD
    0x08007054   0x08007054   0x00000230   Code   RO         8304    i.L3_read_side_info  mp3_driver.o
    0x08007284   0x08007284   0x0000004c   Code   RO         8305    i.L3_reorder        mp3_driver.o
    0x080072d0   0x080072d0   0x0000008e   Code   RO         8306    i.L3_restore_reservoir  mp3_driver.o
    0x0800735e   0x0800735e   0x0000003e   Code   RO         8307    i.L3_save_reservoir  mp3_driver.o
    0x0800739c   0x0800739c   0x000000d4   Code   RO         8308    i.L3_stereo_process  mp3_driver.o
    0x08007470   0x08007470   0x00000060   Code   RO         8309    i.L3_stereo_top_band  mp3_driver.o
    0x080074d0   0x080074d0   0x000000d8   Code   RO          222    i.MX_GPIO_Init      gpio.o
    0x080075a8   0x080075a8   0x00000002   Code   RO          255    i.MemManage_Handler  stm32f4xx_it.o
    0x080075aa   0x080075aa   0x00000006   Code   RO          256    i.NMI_Handler       stm32f4xx_it.o
    0x080075b0   0x080075b0   0x00000024   Code   RO         5599    i.SDIO_ConfigData   stm32f4xx_ll_sdmmc.o
    0x080075d4   0x080075d4   0x00000006   Code   RO         5600    i.SDIO_GetCommandResponse  stm32f4xx_ll_sdmmc.o
    0x080075da   0x080075da   0x00000008   Code   RO         5603    i.SDIO_GetPowerState  stm32f4xx_ll_sdmmc.o
    0x080075e2   0x080075e2   0x00000006   Code   RO         5604    i.SDIO_GetResponse  stm32f4xx_ll_sdmmc.o
    0x080075e8   0x080075e8   0x0000000c   Code   RO          257    i.SDIO_IRQHandler   stm32f4xx_it.o
    0x080075f4   0x080075f4   0x0000002a   Code   RO         5605    i.SDIO_Init         stm32f4xx_ll_sdmmc.o
    0x0800761e   0x0800761e   0x00000008   Code   RO         5607    i.SDIO_PowerState_ON  stm32f4xx_ll_sdmmc.o
    0x08007626   0x08007626   0x00000006   Code   RO         5608    i.SDIO_ReadFIFO     stm32f4xx_ll_sdmmc.o
    0x0800762c   0x0800762c   0x00000020   Code   RO         5609    i.SDIO_SendCommand  stm32f4xx_ll_sdmmc.o
    0x0800764c   0x0800764c   0x0000000a   Code   RO         5611    i.SDIO_WriteFIFO    stm32f4xx_ll_sdmmc.o
    0x08007656   0x08007656   0x00000032   Code   RO         5612    i.SDMMC_CmdAppCommand  stm32f4xx_ll_sdmmc.o
    0x08007688   0x08007688   0x00000034   Code   RO         5613    i.SDMMC_CmdAppOperCommand  stm32f4xx_ll_sdmmc.o
    0x080076bc   0x080076bc   0x00000032   Code   RO         5614    i.SDMMC_CmdBlockLength  stm32f4xx_ll_sdmmc.o
    0x080076ee   0x080076ee   0x00000032   Code   RO         5615    i.SDMMC_CmdBusWidth  stm32f4xx_ll_sdmmc.o
    0x08007720   0x08007720   0x00000028   Code   RO         5619    i.SDMMC_CmdGoIdleState  stm32f4xx_ll_sdmmc.o
    0x08007748   0x08007748   0x00000030   Code   RO         5621    i.SDMMC_CmdOperCond  stm32f4xx_ll_sdmmc.o
    0x08007778   0x08007778   0x00000032   Code   RO         5622    i.SDMMC_CmdReadMultiBlock  stm32f4xx_ll_sdmmc.o
    0x080077aa   0x080077aa   0x00000032   Code   RO         5623    i.SDMMC_CmdReadSingleBlock  stm32f4xx_ll_sdmmc.o
    0x080077dc   0x080077dc   0x00000032   Code   RO         5626    i.SDMMC_CmdSelDesel  stm32f4xx_ll_sdmmc.o
    0x0800780e   0x0800780e   0x0000002c   Code   RO         5627    i.SDMMC_CmdSendCID  stm32f4xx_ll_sdmmc.o
    0x0800783a   0x0800783a   0x0000002c   Code   RO         5628    i.SDMMC_CmdSendCSD  stm32f4xx_ll_sdmmc.o
    0x08007866   0x08007866   0x00000030   Code   RO         5630    i.SDMMC_CmdSendSCR  stm32f4xx_ll_sdmmc.o
    0x08007896   0x08007896   0x00000032   Code   RO         5631    i.SDMMC_CmdSendStatus  stm32f4xx_ll_sdmmc.o
    0x080078c8   0x080078c8   0x00000030   Code   RO         5632    i.SDMMC_CmdSetRelAdd  stm32f4xx_ll_sdmmc.o
    0x080078f8   0x080078f8   0x00000034   Code   RO         5635    i.SDMMC_CmdStopTransfer  stm32f4xx_ll_sdmmc.o
    0x0800792c   0x0800792c   0x00000032   Code   RO         5637    i.SDMMC_CmdWriteMultiBlock  stm32f4xx_ll_sdmmc.o
    0x0800795e   0x0800795e   0x00000032   Code   RO         5638    i.SDMMC_CmdWriteSingleBlock  stm32f4xx_ll_sdmmc.o
    0x08007990   0x08007990   0x00000030   Code   RO         5639    i.SDMMC_GetCmdError  stm32f4xx_ll_sdmmc.o
    0x080079c0   0x080079c0   0x00000124   Code   RO         5640    i.SDMMC_GetCmdResp1  stm32f4xx_ll_sdmmc.o
    0x08007ae4   0x08007ae4   0x00000054   Code   RO         5641    i.SDMMC_GetCmdResp2  stm32f4xx_ll_sdmmc.o
    0x08007b38   0x08007b38   0x00000044   Code   RO         5642    i.SDMMC_GetCmdResp3  stm32f4xx_ll_sdmmc.o
    0x08007b7c   0x08007b7c   0x0000008c   Code   RO         5643    i.SDMMC_GetCmdResp6  stm32f4xx_ll_sdmmc.o
    0x08007c08   0x08007c08   0x00000058   Code   RO         5644    i.SDMMC_GetCmdResp7  stm32f4xx_ll_sdmmc.o
    0x08007c60   0x08007c60   0x00000064   Code   RO         3240    i.SD_DMAError       stm32f4xx_hal_sd.o
    0x08007cc4   0x08007cc4   0x00000042   Code   RO         3241    i.SD_DMAReceiveCplt  stm32f4xx_hal_sd.o
    0x08007d06   0x08007d06   0x00000044   Code   RO         3242    i.SD_DMARxAbort     stm32f4xx_hal_sd.o
    0x08007d4a   0x08007d4a   0x00000044   Code   RO         3244    i.SD_DMATxAbort     stm32f4xx_hal_sd.o
    0x08007d8e   0x08007d8e   0x00000120   Code   RO         3245    i.SD_FindSCR        stm32f4xx_hal_sd.o
    0x08007eae   0x08007eae   0x000000ea   Code   RO         3246    i.SD_InitCard       stm32f4xx_hal_sd.o
    0x08007f98   0x08007f98   0x000000ac   Code   RO         3248    i.SD_PowerON        stm32f4xx_hal_sd.o
    0x08008044   0x08008044   0x00000036   Code   RO         3249    i.SD_Read_IT        stm32f4xx_hal_sd.o
    0x0800807a   0x0800807a   0x0000002e   Code   RO         3251    i.SD_SendStatus     stm32f4xx_hal_sd.o
    0x080080a8   0x080080a8   0x00000052   Code   RO         3252    i.SD_WideBus_Disable  stm32f4xx_hal_sd.o
    0x080080fa   0x080080fa   0x00000052   Code   RO         3253    i.SD_WideBus_Enable  stm32f4xx_hal_sd.o
    0x0800814c   0x0800814c   0x00000042   Code   RO         3254    i.SD_Write_IT       stm32f4xx_hal_sd.o
    0x0800818e   0x0800818e   0x00000002   PAD
    0x08008190   0x08008190   0x00000048   Code   RO         8009    i.SD_disk_initialize  ff_platform.o
    0x080081d8   0x080081d8   0x0000009c   Code   RO         8010    i.SD_disk_read      ff_platform.o
    0x08008274   0x08008274   0x0000000c   Code   RO         8011    i.SD_disk_status    ff_platform.o
    0x08008280   0x08008280   0x0000009c   Code   RO         8012    i.SD_disk_write     ff_platform.o
    0x0800831c   0x0800831c   0x0000000c   Code   RO          258    i.SPI2_IRQHandler   stm32f4xx_it.o
    0x08008328   0x08008328   0x00000016   Code   RO          259    i.SysTick_Handler   stm32f4xx_it.o
    0x0800833e   0x0800833e   0x00000002   PAD
    0x08008340   0x08008340   0x00000098   Code   RO           14    i.SystemClock_Config  main.o
    0x080083d8   0x080083d8   0x00000010   Code   RO         6006    i.SystemInit        system_stm32f4xx.o
    0x080083e8   0x080083e8   0x0000000e   Code   RO         4907    i.UART_DMAAbortOnError  stm32f4xx_hal_uart.o
    0x080083f6   0x080083f6   0x0000004a   Code   RO         4908    i.UART_DMAError     stm32f4xx_hal_uart.o
    0x08008440   0x08008440   0x00000086   Code   RO         4909    i.UART_DMAReceiveCplt  stm32f4xx_hal_uart.o
    0x080084c6   0x080084c6   0x0000001e   Code   RO         4911    i.UART_DMARxHalfCplt  stm32f4xx_hal_uart.o
    0x080084e4   0x080084e4   0x00000042   Code   RO         4913    i.UART_DMATransmitCplt  stm32f4xx_hal_uart.o
    0x08008526   0x08008526   0x0000000a   Code   RO         4915    i.UART_DMATxHalfCplt  stm32f4xx_hal_uart.o
    0x08008530   0x08008530   0x0000004e   Code   RO         4917    i.UART_EndRxTransfer  stm32f4xx_hal_uart.o
    0x0800857e   0x0800857e   0x0000001a   Code   RO         4918    i.UART_EndTransmit_IT  stm32f4xx_hal_uart.o
    0x08008598   0x08008598   0x0000001c   Code   RO         4919    i.UART_EndTxTransfer  stm32f4xx_hal_uart.o
    0x080085b4   0x080085b4   0x000000c8   Code   RO         4920    i.UART_Receive_IT   stm32f4xx_hal_uart.o
    0x0800867c   0x0800867c   0x00000114   Code   RO         4921    i.UART_SetConfig    stm32f4xx_hal_uart.o
    0x08008790   0x08008790   0x000000a4   Code   RO         4922    i.UART_Start_Receive_DMA  stm32f4xx_hal_uart.o
    0x08008834   0x08008834   0x0000005e   Code   RO         4924    i.UART_Transmit_IT  stm32f4xx_hal_uart.o
    0x08008892   0x08008892   0x00000002   PAD
    0x08008894   0x08008894   0x00000050   Code   RO          260    i.USART1_IRQHandler  stm32f4xx_it.o
    0x080088e4   0x080088e4   0x00000004   Code   RO         8013    i.USB_disk_initialize  ff_platform.o
    0x080088e8   0x080088e8   0x00000004   Code   RO         8014    i.USB_disk_read     ff_platform.o
    0x080088ec   0x080088ec   0x00000004   Code   RO         8015    i.USB_disk_status   ff_platform.o
    0x080088f0   0x080088f0   0x00000004   Code   RO         8016    i.USB_disk_write    ff_platform.o
    0x080088f4   0x080088f4   0x00000004   Code   RO         7310    i.UcmdPrintf        ucmd.o
    0x080088f8   0x080088f8   0x00000002   Code   RO          261    i.UsageFault_Handler  stm32f4xx_it.o
    0x080088fa   0x080088fa   0x00000002   PAD
    0x080088fc   0x080088fc   0x00000010   Code   RO         8654    i.Usart1_Return_Rx_Avail  usart_driver.o
    0x0800890c   0x0800890c   0x00000030   Code   RO         8770    i.WM8978_I2C_WriteRegister  wm8978_driver.o
    0x0800893c   0x0800893c   0x00000030   Code   RO         9208    i.__ARM_fpclassify  m_wm.l(fpclassify.o)
    0x0800896c   0x0800896c   0x00000020   Code   RO         1343    i.__NVIC_SetPriority  stm32f4xx_hal_cortex.o
    0x0800898c   0x0800898c   0x00000004   PAD
    0x08008990   0x08008990   0x000000f8   Code   RO         9232    i.__hardfp___mathlib_tofloat  m_wm.l(narrow.o)
    0x08008a88   0x08008a88   0x000000d0   Code   RO         9297    i.__hardfp_ldexp    m_wm.l(ldexp.o)
    0x08008b58   0x08008b58   0x00000028   Code   RO         8927    i.__hardfp_strtod   m_wm.l(strtod.o)
    0x08008b80   0x08008b80   0x00000020   Code   RO         9353    i.__mathlib_dbl_overflow  m_wm.l(dunder.o)
    0x08008ba0   0x08008ba0   0x00000020   Code   RO         9355    i.__mathlib_dbl_underflow  m_wm.l(dunder.o)
    0x08008bc0   0x08008bc0   0x00000012   Code   RO         9233    i.__mathlib_narrow  m_wm.l(narrow.o)
    0x08008bd2   0x08008bd2   0x00000014   Code   RO         9299    i.__support_ldexp   m_wm.l(ldexp.o)
    0x08008be6   0x08008be6   0x0000000e   Code   RO         9005    i._is_digit         c_w.l(__printf_wp.o)
    0x08008bf4   0x08008bf4   0x0000000c   Code   RO         8310    i.bs_init           mp3_driver.o
    0x08008c00   0x08008c00   0x0000007c   Code   RO         7522    i.change_bitmap     ff.o
    0x08008c7c   0x08008c7c   0x000000f8   Code   RO         7523    i.check_fs          ff.o
    0x08008d74   0x08008d74   0x00000060   Code   RO         7524    i.chk_share         ff.o
    0x08008dd4   0x08008dd4   0x00000020   Code   RO         7525    i.clear_share       ff.o
    0x08008df4   0x08008df4   0x00000018   Code   RO         7526    i.clst2sect         ff.o
    0x08008e0c   0x08008e0c   0x00000094   Code   RO         7527    i.cmp_lfn           ff.o
    0x08008ea0   0x08008ea0   0x0000018a   Code   RO         7528    i.create_chain      ff.o
    0x0800902a   0x0800902a   0x00000002   PAD
    0x0800902c   0x0800902c   0x00000270   Code   RO         7529    i.create_name       ff.o
    0x0800929c   0x0800929c   0x00000080   Code   RO         7530    i.create_xdir       ff.o
    0x0800931c   0x0800931c   0x00000010   Code   RO         7531    i.dbc_1st           ff.o
    0x0800932c   0x0800932c   0x0000001a   Code   RO         7532    i.dbc_2nd           ff.o
    0x08009346   0x08009346   0x00000002   PAD
    0x08009348   0x08009348   0x00000030   Code   RO         7533    i.dec_share         ff.o
    0x08009378   0x08009378   0x0000005e   Code   RO         7534    i.dir_alloc         ff.o
    0x080093d6   0x080093d6   0x000000b4   Code   RO         7535    i.dir_clear         ff.o
    0x0800948a   0x0800948a   0x0000014e   Code   RO         7536    i.dir_find          ff.o
    0x080095d8   0x080095d8   0x000000de   Code   RO         7537    i.dir_next          ff.o
    0x080096b6   0x080096b6   0x000000e6   Code   RO         7538    i.dir_read          ff.o
    0x0800979c   0x0800979c   0x00000208   Code   RO         7539    i.dir_register      ff.o
    0x080099a4   0x080099a4   0x000000a8   Code   RO         7541    i.dir_sdi           ff.o
    0x08009a4c   0x08009a4c   0x00000030   Code   RO         7474    i.disk_initialize   diskio.o
    0x08009a7c   0x08009a7c   0x00000054   Code   RO         7475    i.disk_ioctl        diskio.o
    0x08009ad0   0x08009ad0   0x00000040   Code   RO         7476    i.disk_read         diskio.o
    0x08009b10   0x08009b10   0x00000032   Code   RO         7477    i.disk_status       diskio.o
    0x08009b42   0x08009b42   0x00000040   Code   RO         7478    i.disk_write        diskio.o
    0x08009b82   0x08009b82   0x00000002   PAD
    0x08009b84   0x08009b84   0x00000028   Code   RO         7542    i.enq_share         ff.o
    0x08009bac   0x08009bac   0x000000c6   Code   RO         7543    i.f_chdir           ff.o
    0x08009c72   0x08009c72   0x00000034   Code   RO         7545    i.f_close           ff.o
    0x08009ca6   0x08009ca6   0x0000002c   Code   RO         7546    i.f_closedir        ff.o
    0x08009cd2   0x08009cd2   0x000001ec   Code   RO         7548    i.f_getcwd          ff.o
    0x08009ebe   0x08009ebe   0x00000002   PAD
    0x08009ec0   0x08009ec0   0x000000a0   Code   RO         7552    i.f_mount           ff.o
    0x08009f60   0x08009f60   0x000002e0   Code   RO         7553    i.f_open            ff.o
    0x0800a240   0x0800a240   0x000000cc   Code   RO         7554    i.f_opendir         ff.o
    0x0800a30c   0x0800a30c   0x000001e8   Code   RO         7555    i.f_read            ff.o
    0x0800a4f4   0x0800a4f4   0x00000090   Code   RO         7556    i.f_readdir         ff.o
    0x0800a584   0x0800a584   0x00000198   Code   RO         7559    i.f_sync            ff.o
    0x0800a71c   0x0800a71c   0x00000004   Code   RO         8110    i.ff_memalloc       ffsystem.o
    0x0800a720   0x0800a720   0x00000004   Code   RO         8111    i.ff_memfree        ffsystem.o
    0x0800a724   0x0800a724   0x0000001c   Code   RO         8112    i.ff_mutex_create   ffsystem.o
    0x0800a740   0x0800a740   0x00000010   Code   RO         8113    i.ff_mutex_delete   ffsystem.o
    0x0800a750   0x0800a750   0x00000014   Code   RO         8114    i.ff_mutex_give     ffsystem.o
    0x0800a764   0x0800a764   0x0000001c   Code   RO         8115    i.ff_mutex_take     ffsystem.o
    0x0800a780   0x0800a780   0x00000050   Code   RO         8154    i.ff_oem2uni        ffunicode.o
    0x0800a7d0   0x0800a7d0   0x00000058   Code   RO         8155    i.ff_uni2oem        ffunicode.o
    0x0800a828   0x0800a828   0x00000094   Code   RO         8156    i.ff_wtoupper       ffunicode.o
    0x0800a8bc   0x0800a8bc   0x0000002e   Code   RO         7563    i.fill_first_frag   ff.o
    0x0800a8ea   0x0800a8ea   0x00000032   Code   RO         7564    i.fill_last_frag    ff.o
    0x0800a91c   0x0800a91c   0x00000086   Code   RO         7565    i.find_bitmap       ff.o
    0x0800a9a2   0x0800a9a2   0x00000062   Code   RO         7566    i.find_volume       ff.o
    0x0800aa04   0x0800aa04   0x00000276   Code   RO         7567    i.follow_path       ff.o
    0x0800ac7a   0x0800ac7a   0x00000006   PAD
    0x0800ac80   0x0800ac80   0x0000008c   Code   RO         9269    i.frexp             m_wm.l(frexp.o)
    0x0800ad0c   0x0800ad0c   0x000000a4   Code   RO         7568    i.gen_numname       ff.o
    0x0800adb0   0x0800adb0   0x00000042   Code   RO         8311    i.get_bits          mp3_driver.o
    0x0800adf2   0x0800adf2   0x0000014c   Code   RO         7569    i.get_fat           ff.o
    0x0800af3e   0x0800af3e   0x0000023e   Code   RO         7570    i.get_fileinfo      ff.o
    0x0800b17c   0x0800b17c   0x00000094   Code   RO         7571    i.get_ldnumber      ff.o
    0x0800b210   0x0800b210   0x00000030   Code   RO         8312    i.hdr_bitrate_kbps  mp3_driver.o
    0x0800b240   0x0800b240   0x00000046   Code   RO         8313    i.hdr_compare       mp3_driver.o
    0x0800b286   0x0800b286   0x0000003e   Code   RO         8314    i.hdr_frame_bytes   mp3_driver.o
    0x0800b2c4   0x0800b2c4   0x00000026   Code   RO         8315    i.hdr_frame_samples  mp3_driver.o
    0x0800b2ea   0x0800b2ea   0x0000001c   Code   RO         8316    i.hdr_padding       mp3_driver.o
    0x0800b306   0x0800b306   0x00000002   PAD
    0x0800b308   0x0800b308   0x00000028   Code   RO         8317    i.hdr_sample_rate_hz  mp3_driver.o
    0x0800b330   0x0800b330   0x00000036   Code   RO         8318    i.hdr_valid         mp3_driver.o
    0x0800b366   0x0800b366   0x00000002   PAD
    0x0800b368   0x0800b368   0x00000040   Code   RO         8185    i.i2s2_init         i2s_driver.o
    0x0800b3a8   0x0800b3a8   0x000000dc   Code   RO         8186    i.i2s_set_freq      i2s_driver.o
    0x0800b484   0x0800b484   0x00000048   Code   RO         8319    i.i2s_stop          mp3_driver.o
    0x0800b4cc   0x0800b4cc   0x00000074   Code   RO         8656    i.iUsart1_Printf    usart_driver.o
    0x0800b540   0x0800b540   0x0000003c   Code   RO         8239    i.iic1_init         iic_driver.o
    0x0800b57c   0x0800b57c   0x0000008c   Code   RO         7572    i.inc_share         ff.o
    0x0800b608   0x0800b608   0x00000046   Code   RO         7573    i.init_alloc_info   ff.o
    0x0800b64e   0x0800b64e   0x0000000a   Code   RO         7574    i.ld_16             ff.o
    0x0800b658   0x0800b658   0x00000016   Code   RO         7575    i.ld_32             ff.o
    0x0800b66e   0x0800b66e   0x00000058   Code   RO         7576    i.ld_64             ff.o
    0x0800b6c6   0x0800b6c6   0x00000026   Code   RO         7577    i.ld_clust          ff.o
    0x0800b6ec   0x0800b6ec   0x000000b8   Code   RO         7952    i.list_curdir       ff_app.o
    0x0800b7a4   0x0800b7a4   0x00000028   Code   RO         7953    i.list_curdir_Wrap  ff_app.o
    0x0800b7cc   0x0800b7cc   0x0000003a   Code   RO         7578    i.load_obj_xdir     ff.o
    0x0800b806   0x0800b806   0x000000e8   Code   RO         7579    i.load_xdir         ff.o
    0x0800b8ee   0x0800b8ee   0x00000002   PAD
    0x0800b8f0   0x0800b8f0   0x00000038   Code   RO         7580    i.lock_volume       ff.o
    0x0800b928   0x0800b928   0x00000078   Code   RO           15    i.main              main.o
    0x0800b9a0   0x0800b9a0   0x000003f0   Code   RO         7581    i.mount_volume      ff.o
    0x0800bd90   0x0800bd90   0x00000034   Code   RO         7582    i.move_window       ff.o
    0x0800bdc4   0x0800bdc4   0x00000304   Code   RO         8320    i.mp3_play          mp3_driver.o
    0x0800c0c8   0x0800c0c8   0x00000020   Code   RO         8321    i.mp3_player_buf_free  mp3_driver.o
    0x0800c0e8   0x0800c0e8   0x00000048   Code   RO         8322    i.mp3_player_init   mp3_driver.o
    0x0800c130   0x0800c130   0x00000288   Code   RO         8323    i.mp3d_DCT_II       mp3_driver.o
    0x0800c3b8   0x0800c3b8   0x000000d6   Code   RO         8324    i.mp3d_find_frame   mp3_driver.o
    0x0800c48e   0x0800c48e   0x00000050   Code   RO         8325    i.mp3d_match_frame  mp3_driver.o
    0x0800c4de   0x0800c4de   0x00000002   PAD
    0x0800c4e0   0x0800c4e0   0x00000044   Code   RO         8326    i.mp3d_scale_pcm    mp3_driver.o
    0x0800c524   0x0800c524   0x00000548   Code   RO         8327    i.mp3d_synth        mp3_driver.o
    0x0800ca6c   0x0800ca6c   0x00000092   Code   RO         8328    i.mp3d_synth_granule  mp3_driver.o
    0x0800cafe   0x0800cafe   0x00000002   PAD
    0x0800cb00   0x0800cb00   0x00000164   Code   RO         8329    i.mp3d_synth_pair   mp3_driver.o
    0x0800cc64   0x0800cc64   0x0000030c   Code   RO         8330    i.mp3dec_decode_frame  mp3_driver.o
    0x0800cf70   0x0800cf70   0x0000000c   Code   RO         8331    i.mp3dec_init       mp3_driver.o
    0x0800cf7c   0x0800cf7c   0x000000a8   Code   RO         7954    i.open_file         ff_app.o
    0x0800d024   0x0800d024   0x00000034   Code   RO         7955    i.open_file_Wrap    ff_app.o
    0x0800d058   0x0800d058   0x00000080   Code   RO         7583    i.pick_lfn          ff.o
    0x0800d0d8   0x0800d0d8   0x00000094   Code   RO         6661    i.prvAddCurrentTaskToDelayedList  tasks.o
    0x0800d16c   0x0800d16c   0x000000a8   Code   RO         6662    i.prvAddNewTaskToReadyList  tasks.o
    0x0800d214   0x0800d214   0x00000048   Code   RO         7060    i.prvCheckForValidListAndQueue  timers.o
    0x0800d25c   0x0800d25c   0x0000003c   Code   RO         6663    i.prvCheckTasksWaitingTermination  tasks.o
    0x0800d298   0x0800d298   0x00000028   Code   RO         6272    i.prvCopyDataFromQueue  queue.o
    0x0800d2c0   0x0800d2c0   0x0000006e   Code   RO         6273    i.prvCopyDataToQueue  queue.o
    0x0800d32e   0x0800d32e   0x00000002   PAD
    0x0800d330   0x0800d330   0x00000078   Code   RO         6664    i.prvCreateIdleTasks  tasks.o
    0x0800d3a8   0x0800d3a8   0x0000006c   Code   RO         6665    i.prvCreateStaticTask  tasks.o
    0x0800d414   0x0800d414   0x00000060   Code   RO         6666    i.prvCreateTask     tasks.o
    0x0800d474   0x0800d474   0x00000040   Code   RO         6667    i.prvDeleteTCB      tasks.o
    0x0800d4b4   0x0800d4b4   0x00000014   Code   RO         6274    i.prvGetHighestPriorityOfWaitToReceiveList  queue.o
    0x0800d4c8   0x0800d4c8   0x00000024   Code   RO         7061    i.prvGetNextExpireTime  timers.o
    0x0800d4ec   0x0800d4ec   0x00000048   Code   RO         7234    i.prvHeapInit       heap_4.o
    0x0800d534   0x0800d534   0x00000028   Code   RO         6668    i.prvIdleTask       tasks.o
    0x0800d55c   0x0800d55c   0x00000018   Code   RO         6275    i.prvInitialiseMutex  queue.o
    0x0800d574   0x0800d574   0x00000018   Code   RO         6276    i.prvInitialiseNewQueue  queue.o
    0x0800d58c   0x0800d58c   0x000000be   Code   RO         6669    i.prvInitialiseNewTask  tasks.o
    0x0800d64a   0x0800d64a   0x00000002   PAD
    0x0800d64c   0x0800d64c   0x00000058   Code   RO         6670    i.prvInitialiseTaskLists  tasks.o
    0x0800d6a4   0x0800d6a4   0x0000007c   Code   RO         7235    i.prvInsertBlockIntoFreeList  heap_4.o
    0x0800d720   0x0800d720   0x00000040   Code   RO         7063    i.prvInsertTimerInActiveList  timers.o
    0x0800d760   0x0800d760   0x0000001a   Code   RO         6277    i.prvIsQueueEmpty   queue.o
    0x0800d77a   0x0800d77a   0x0000001e   Code   RO         6278    i.prvIsQueueFull    queue.o
    0x0800d798   0x0800d798   0x00000040   Code   RO         7064    i.prvProcessExpiredTimer  timers.o
    0x0800d7d8   0x0800d7d8   0x000000ec   Code   RO         7065    i.prvProcessReceivedCommands  timers.o
    0x0800d8c4   0x0800d8c4   0x0000006c   Code   RO         7066    i.prvProcessTimerOrBlockTask  timers.o
    0x0800d930   0x0800d930   0x00000028   Code   RO         7067    i.prvReloadTimer    timers.o
    0x0800d958   0x0800d958   0x00000020   Code   RO         6671    i.prvResetNextTaskUnblockTime  tasks.o
    0x0800d978   0x0800d978   0x0000002c   Code   RO         7068    i.prvSampleTimeNow  timers.o
    0x0800d9a4   0x0800d9a4   0x0000002c   Code   RO         7069    i.prvSwitchTimerLists  timers.o
    0x0800d9d0   0x0800d9d0   0x00000012   Code   RO         6672    i.prvTaskCheckFreeStackSpace  tasks.o
    0x0800d9e2   0x0800d9e2   0x00000002   PAD
    0x0800d9e4   0x0800d9e4   0x0000002c   Code   RO         6196    i.prvTaskExitError  port.o
    0x0800da10   0x0800da10   0x0000004c   Code   RO         6673    i.prvTaskIsTaskSuspended  tasks.o
    0x0800da5c   0x0800da5c   0x00000014   Code   RO         7070    i.prvTimerTask      timers.o
    0x0800da70   0x0800da70   0x0000006a   Code   RO         6279    i.prvUnlockQueue    queue.o
    0x0800dada   0x0800dada   0x0000010e   Code   RO         7584    i.put_fat           ff.o
    0x0800dbe8   0x0800dbe8   0x00000074   Code   RO         7585    i.put_lfn           ff.o
    0x0800dc5c   0x0800dc5c   0x000000c4   Code   RO         7586    i.put_utf           ff.o
    0x0800dd20   0x0800dd20   0x00000144   Code   RO         7237    i.pvPortMalloc      heap_4.o
    0x0800de64   0x0800de64   0x00000014   Code   RO         6674    i.pvTaskIncrementMutexHeldCount  tasks.o
    0x0800de78   0x0800de78   0x00000024   Code   RO         6197    i.pxPortInitialiseStack  port.o
    0x0800de9c   0x0800de9c   0x0000011e   Code   RO         7587    i.remove_chain      ff.o
    0x0800dfba   0x0800dfba   0x00000002   PAD
    0x0800dfbc   0x0800dfbc   0x00000058   Code   RO         8602    i.sd2_init          sd2_driver.o
    0x0800e014   0x0800e014   0x00000008   Code   RO         7588    i.st_16             ff.o
    0x0800e01c   0x0800e01c   0x00000010   Code   RO         7589    i.st_32             ff.o
    0x0800e02c   0x0800e02c   0x00000048   Code   RO         7590    i.st_64             ff.o
    0x0800e074   0x0800e074   0x00000028   Code   RO         7591    i.st_clust          ff.o
    0x0800e09c   0x0800e09c   0x00000068   Code   RO         7592    i.store_xdir        ff.o
    0x0800e104   0x0800e104   0x0000001a   Code   RO         7593    i.sum_sfn           ff.o
    0x0800e11e   0x0800e11e   0x00000002   PAD
    0x0800e120   0x0800e120   0x000000e0   Code   RO         7594    i.sync_fs           ff.o
    0x0800e200   0x0800e200   0x00000048   Code   RO         7595    i.sync_window       ff.o
    0x0800e248   0x0800e248   0x000000a0   Code   RO         7596    i.tchar2uni         ff.o
    0x0800e2e8   0x0800e2e8   0x0000000c   Code   RO         8332    i.ucMP3_Return_opened  mp3_driver.o
    0x0800e2f4   0x0800e2f4   0x00000014   Code   RO         8333    i.ucMP3_Return_pump  mp3_driver.o
    0x0800e308   0x0800e308   0x0000001c   Code   RO         7311    i.ucUcmdDataPending  ucmd.o
    0x0800e324   0x0800e324   0x000001f0   Code   RO         7312    i.ucUcmdParseLine   ucmd.o
    0x0800e514   0x0800e514   0x00000020   Code   RO         7313    i.ucUcmdQueuePush   ucmd.o
    0x0800e534   0x0800e534   0x0000007c   Code   RO         8657    i.ucUsartReceiveData  usart_driver.o
    0x0800e5b0   0x0800e5b0   0x00000028   Code   RO         8658    i.ucUsartRxSnap     usart_driver.o
    0x0800e5d8   0x0800e5d8   0x00000040   Code   RO         7597    i.unlock_volume     ff.o
    0x0800e618   0x0800e618   0x00000048   Code   RO         7314    i.usUcmdFindCmd     ucmd.o
    0x0800e660   0x0800e660   0x00000004   Code   RO         7315    i.usUcmdReturn_configUCMD_CMDBUF_SIZE  ucmd.o
    0x0800e664   0x0800e664   0x00000024   Code   RO         6156    i.uxListRemove      list.o
    0x0800e688   0x0800e688   0x0000000c   Code   RO         6679    i.uxTaskGetNumberOfTasks  tasks.o
    0x0800e694   0x0800e694   0x00000024   Code   RO         6680    i.uxTaskGetStackHighWaterMark  tasks.o
    0x0800e6b8   0x0800e6b8   0x00000018   Code   RO         6684    i.vApplicationGetIdleTaskMemory  tasks.o
    0x0800e6d0   0x0800e6d0   0x00000018   Code   RO         6685    i.vApplicationGetTimerTaskMemory  tasks.o
    0x0800e6e8   0x0800e6e8   0x00000020   Code   RO          388    i.vApplicationStackOverflowHook  apptask.o
    0x0800e708   0x0800e708   0x0000001c   Code   RO         7316    i.vCmdAdd           ucmd.o
    0x0800e724   0x0800e724   0x0000004c   Code   RO         7317    i.vCmdAdd_Wrap      ucmd.o
    0x0800e770   0x0800e770   0x0000001c   Code   RO         7318    i.vCmdEcho          ucmd.o
    0x0800e78c   0x0800e78c   0x00000034   Code   RO         7319    i.vCmdEcho_Wrap     ucmd.o
    0x0800e7c0   0x0800e7c0   0x00000018   Code   RO         7320    i.vCmdLed           ucmd.o
    0x0800e7d8   0x0800e7d8   0x00000034   Code   RO         7321    i.vCmdLed_Wrap      ucmd.o
    0x0800e80c   0x0800e80c   0x00000050   Code   RO         7322    i.vCmdPwm           ucmd.o
    0x0800e85c   0x0800e85c   0x00000064   Code   RO         7323    i.vCmdPwm_Wrap      ucmd.o
    0x0800e8c0   0x0800e8c0   0x00000044   Code   RO         7324    i.vCmdThermo        ucmd.o
    0x0800e904   0x0800e904   0x00000064   Code   RO         7325    i.vCmdThermo_Wrap   ucmd.o
    0x0800e968   0x0800e968   0x0000006c   Code   RO         7956    i.vFindFileType     ff_app.o
    0x0800e9d4   0x0800e9d4   0x00000294   Code   RO          389    i.vInitTask         apptask.o
    0x0800ec68   0x0800ec68   0x00000016   Code   RO         6157    i.vListInitialise   list.o
    0x0800ec7e   0x0800ec7e   0x00000006   Code   RO         6158    i.vListInitialiseItem  list.o
    0x0800ec84   0x0800ec84   0x00000030   Code   RO         6159    i.vListInsert       list.o
    0x0800ecb4   0x0800ecb4   0x00000018   Code   RO         6160    i.vListInsertEnd    list.o
    0x0800eccc   0x0800eccc   0x00000138   Code   RO          390    i.vMusic_Daemon     apptask.o
    0x0800ee04   0x0800ee04   0x000000b0   Code   RO          391    i.vMusic_Daemon_Stop  apptask.o
    0x0800eeb4   0x0800eeb4   0x0000002c   Code   RO          392    i.vMusic_Pause      apptask.o
    0x0800eee0   0x0800eee0   0x00000028   Code   RO          393    i.vMusic_Pause_Wrap  apptask.o
    0x0800ef08   0x0800ef08   0x00000040   Code   RO          394    i.vMusic_Play       apptask.o
    0x0800ef48   0x0800ef48   0x00000034   Code   RO          395    i.vMusic_Play_Wrap  apptask.o
    0x0800ef7c   0x0800ef7c   0x00000058   Code   RO          396    i.vMusic_Player     apptask.o
    0x0800efd4   0x0800efd4   0x0000002c   Code   RO          397    i.vMusic_Resume     apptask.o
    0x0800f000   0x0800f000   0x00000028   Code   RO          398    i.vMusic_Resume_Wrap  apptask.o
    0x0800f028   0x0800f028   0x0000002c   Code   RO          399    i.vMusic_Stop       apptask.o
    0x0800f054   0x0800f054   0x00000028   Code   RO          400    i.vMusic_Stop_Wrap  apptask.o
    0x0800f07c   0x0800f07c   0x00000040   Code   RO         6199    i.vPortEnterCritical  port.o
    0x0800f0bc   0x0800f0bc   0x0000002c   Code   RO         6200    i.vPortExitCritical  port.o
    0x0800f0e8   0x0800f0e8   0x00000094   Code   RO         7238    i.vPortFree         heap_4.o
    0x0800f17c   0x0800f17c   0x00000018   Code   RO         6201    i.vPortSetupTimerInterrupt  port.o
    0x0800f194   0x0800f194   0x00000054   Code   RO         6202    i.vPortValidateInterruptPriority  port.o
    0x0800f1e8   0x0800f1e8   0x00000022   Code   RO         6285    i.vQueueDelete      queue.o
    0x0800f20a   0x0800f20a   0x00000046   Code   RO         6286    i.vQueueWaitForMessageRestricted  queue.o
    0x0800f250   0x0800f250   0x000000f4   Code   RO         8017    i.vSD_GateKeeper    ff_platform.o
    0x0800f344   0x0800f344   0x000000d4   Code   RO         6687    i.vTaskDelete       tasks.o
    0x0800f418   0x0800f418   0x00000010   Code   RO         6690    i.vTaskInternalSetTimeOutState  tasks.o
    0x0800f428   0x0800f428   0x0000000c   Code   RO         6691    i.vTaskMissedYield  tasks.o
    0x0800f434   0x0800f434   0x00000034   Code   RO         6692    i.vTaskPlaceOnEventList  tasks.o
    0x0800f468   0x0800f468   0x00000054   Code   RO         6693    i.vTaskPlaceOnEventListRestricted  tasks.o
    0x0800f4bc   0x0800f4bc   0x000000c4   Code   RO         6695    i.vTaskPriorityDisinheritAfterTimeout  tasks.o
    0x0800f580   0x0800f580   0x000000a4   Code   RO         6699    i.vTaskResume       tasks.o
    0x0800f624   0x0800f624   0x00000054   Code   RO         6701    i.vTaskStartScheduler  tasks.o
    0x0800f678   0x0800f678   0x000000d8   Code   RO         6702    i.vTaskSuspend      tasks.o
    0x0800f750   0x0800f750   0x00000010   Code   RO         6703    i.vTaskSuspendAll   tasks.o
    0x0800f760   0x0800f760   0x0000009c   Code   RO         6704    i.vTaskSwitchContext  tasks.o
    0x0800f7fc   0x0800f7fc   0x00000028   Code   RO         7326    i.vUcmdCommandParsing  ucmd.o
    0x0800f824   0x0800f824   0x00000040   Code   RO          401    i.vUcmdDrainOnce    apptask.o
    0x0800f864   0x0800f864   0x00000048   Code   RO         7327    i.vUcmdGetFunList   ucmd.o
    0x0800f8ac   0x0800f8ac   0x00000028   Code   RO         7328    i.vUcmdGetFunList_Wrap  ucmd.o
    0x0800f8d4   0x0800f8d4   0x0000000c   Code   RO         7329    i.vUcmdGetHelp      ucmd.o
    0x0800f8e0   0x0800f8e0   0x00000028   Code   RO         7330    i.vUcmdGetHelp_Wrap  ucmd.o
    0x0800f908   0x0800f908   0x0000005e   Code   RO         7331    i.vUcmdPrintDec     ucmd.o
    0x0800f966   0x0800f966   0x00000002   PAD
    0x0800f968   0x0800f968   0x00000040   Code   RO         7332    i.vUcmdUserCommandExecution  ucmd.o
    0x0800f9a8   0x0800f9a8   0x00000020   Code   RO          402    i.vUcmd_Daemon      apptask.o
    0x0800f9c8   0x0800f9c8   0x0000001c   Code   RO         8659    i.vUsart1_IRQHandler  usart_driver.o
    0x0800f9e4   0x0800f9e4   0x00000080   Code   RO         8660    i.vUsart1_Init      usart_driver.o
    0x0800fa64   0x0800fa64   0x00000090   Code   RO         8661    i.vUsart1_Tx_GateKeeper  usart_driver.o
    0x0800faf4   0x0800faf4   0x00000024   Code   RO         8662    i.vUsart_Tx_Start   usart_driver.o
    0x0800fb18   0x0800fb18   0x0000004e   Code   RO         7598    i.validate          ff.o
    0x0800fb66   0x0800fb66   0x00000042   Code   RO         8771    i.wm8978_CfgAudioIF  wm8978_driver.o
    0x0800fba8   0x0800fba8   0x00000204   Code   RO         8772    i.wm8978_CfgAudioPath  wm8978_driver.o
    0x0800fdac   0x0800fdac   0x00000004   Code   RO         8774    i.wm8978_Init       wm8978_driver.o
    0x0800fdb0   0x0800fdb0   0x0000008e   Code   RO         8776    i.wm8978_OutMute    wm8978_driver.o
    0x0800fe3e   0x0800fe3e   0x00000004   Code   RO         8777    i.wm8978_PowerDown  wm8978_driver.o
    0x0800fe42   0x0800fe42   0x00000002   PAD
    0x0800fe44   0x0800fe44   0x0000000c   Code   RO         8780    i.wm8978_ReadReg    wm8978_driver.o
    0x0800fe50   0x0800fe50   0x00000038   Code   RO         8781    i.wm8978_Reset      wm8978_driver.o
    0x0800fe88   0x0800fe88   0x00000020   Code   RO         8784    i.wm8978_SetOUT1Volume  wm8978_driver.o
    0x0800fea8   0x0800fea8   0x0000001c   Code   RO         8786    i.wm8978_WriteReg   wm8978_driver.o
    0x0800fec4   0x0800fec4   0x00000010   Code   RO         8334    i.xMP3_Return_fil   mp3_driver.o
    0x0800fed4   0x0800fed4   0x00000010   Code   RO         8335    i.xMP3_Return_mp3_player_buf  mp3_driver.o
    0x0800fee4   0x0800fee4   0x000000fc   Code   RO         6203    i.xPortStartScheduler  port.o
    0x0800ffe0   0x0800ffe0   0x0000002c   Code   RO         6204    i.xPortSysTickHandler  port.o
    0x0801000c   0x0801000c   0x0000002c   Code   RO         6287    i.xQueueCreateCountingSemaphore  queue.o
    0x08010038   0x08010038   0x00000018   Code   RO         6289    i.xQueueCreateMutex  queue.o
    0x08010050   0x08010050   0x00000056   Code   RO         6291    i.xQueueGenericCreate  queue.o
    0x080100a6   0x080100a6   0x0000004c   Code   RO         6292    i.xQueueGenericCreateStatic  queue.o
    0x080100f2   0x080100f2   0x00000002   PAD
    0x080100f4   0x080100f4   0x000000b4   Code   RO         6294    i.xQueueGenericReset  queue.o
    0x080101a8   0x080101a8   0x00000164   Code   RO         6295    i.xQueueGenericSend  queue.o
    0x0801030c   0x0801030c   0x000000ae   Code   RO         6297    i.xQueueGiveFromISR  queue.o
    0x080103ba   0x080103ba   0x00000002   PAD
    0x080103bc   0x080103bc   0x0000013c   Code   RO         6303    i.xQueueReceive     queue.o
    0x080104f8   0x080104f8   0x00000164   Code   RO         6305    i.xQueueSemaphoreTake  queue.o
    0x0801065c   0x0801065c   0x00000080   Code   RO         6706    i.xTaskCheckForTimeOut  tasks.o
    0x080106dc   0x080106dc   0x0000001e   Code   RO         6707    i.xTaskCreate       tasks.o
    0x080106fa   0x080106fa   0x00000028   Code   RO         6708    i.xTaskCreateStatic  tasks.o
    0x08010722   0x08010722   0x00000002   PAD
    0x08010724   0x08010724   0x0000001c   Code   RO         6716    i.xTaskGetSchedulerState  tasks.o
    0x08010740   0x08010740   0x0000000c   Code   RO         6718    i.xTaskGetTickCount  tasks.o
    0x0801074c   0x0801074c   0x00000134   Code   RO         6720    i.xTaskIncrementTick  tasks.o
    0x08010880   0x08010880   0x000000b8   Code   RO         6721    i.xTaskPriorityDisinherit  tasks.o
    0x08010938   0x08010938   0x000000b4   Code   RO         6722    i.xTaskPriorityInherit  tasks.o
    0x080109ec   0x080109ec   0x000000e4   Code   RO         6723    i.xTaskRemoveFromEventList  tasks.o
    0x08010ad0   0x08010ad0   0x00000138   Code   RO         6724    i.xTaskResumeAll    tasks.o
    0x08010c08   0x08010c08   0x00000068   Code   RO         7078    i.xTimerCreateTimerTask  timers.o
    0x08010c70   0x08010c70   0x00000038   Code   RO         7599    i.xdir_sum          ff.o
    0x08010ca8   0x08010ca8   0x00000046   Code   RO         7600    i.xname_sum         ff.o
    0x08010cee   0x08010cee   0x00000002   PAD
    0x08010cf0   0x08010cf0   0x0000002c   Code   RO         9109    locale$$code        c_w.l(lc_ctype_c.o)
    0x08010d1c   0x08010d1c   0x0000002c   Code   RO         9112    locale$$code        c_w.l(lc_numeric_c.o)
    0x08010d48   0x08010d48   0x00000062   Code   RO         8919    x$fpl$d2f           fz_wm.l(d2f.o)
    0x08010daa   0x08010daa   0x00000002   PAD
    0x08010dac   0x08010dac   0x00000010   Code   RO         9370    x$fpl$dcheck1       fz_wm.l(dcheck1.o)
    0x08010dbc   0x08010dbc   0x00000018   Code   RO         9293    x$fpl$dcmpinf       fz_wm.l(dcmpi.o)
    0x08010dd4   0x08010dd4   0x00000078   Code   RO         9263    x$fpl$deqf          fz_wm.l(deqf.o)
    0x08010e4c   0x08010e4c   0x0000005e   Code   RO         8921    x$fpl$dfix          fz_wm.l(dfix.o)
    0x08010eaa   0x08010eaa   0x00000002   PAD
    0x08010eac   0x08010eac   0x00000078   Code   RO         9295    x$fpl$dleqf         fz_wm.l(dleqf.o)
    0x08010f24   0x08010f24   0x00000154   Code   RO         8925    x$fpl$dmul          fz_wm.l(dmul.o)
    0x08011078   0x08011078   0x0000009c   Code   RO         9044    x$fpl$dnaninf       fz_wm.l(dnaninf.o)
    0x08011114   0x08011114   0x0000000c   Code   RO         9046    x$fpl$dretinf       fz_wm.l(dretinf.o)
    0x08011120   0x08011120   0x0000006c   Code   RO         9265    x$fpl$drleqf        fz_wm.l(drleqf.o)
    0x0801118c   0x0801118c   0x0000000a   Code   RO         9224    x$fpl$fpinit        fz_wm.l(fpinit.o)
    0x08011196   0x08011196   0x0000000a   Code   RO         9048    x$fpl$fretinf       fz_wm.l(fretinf.o)
    0x080111a0   0x080111a0   0x00000006   Code   RO         9206    x$fpl$ieeestatus    fz_wm.l(istatus.o)
    0x080111a6   0x080111a6   0x00000004   Code   RO         9050    x$fpl$printf1       fz_wm.l(printf1.o)
    0x080111aa   0x080111aa   0x00000004   Code   RO         9052    x$fpl$printf2       fz_wm.l(printf2.o)
    0x080111ae   0x080111ae   0x00000064   Code   RO         9376    x$fpl$retnan        fz_wm.l(retnan.o)
    0x08011212   0x08011212   0x0000005c   Code   RO         9347    x$fpl$scalbn        fz_wm.l(scalbn.o)
    0x0801126e   0x0801126e   0x00000004   Code   RO         9114    x$fpl$scanf1        fz_wm.l(scanf1.o)
    0x08011272   0x08011272   0x00000008   Code   RO         9226    x$fpl$scanf2        fz_wm.l(scanf2.o)
    0x0801127a   0x0801127a   0x00000030   Code   RO         9378    x$fpl$trapveneer    fz_wm.l(trapv.o)
    0x080112aa   0x080112aa   0x00000000   Code   RO         9058    x$fpl$usenofp       fz_wm.l(usenofp.o)
    0x080112aa   0x080112aa   0x00000008   Data   RO         1057    .constdata          stm32f4xx_hal_dma.o
    0x080112b2   0x080112b2   0x00000010   Data   RO         6007    .constdata          system_stm32f4xx.o
    0x080112c2   0x080112c2   0x00000008   Data   RO         6008    .constdata          system_stm32f4xx.o
    0x080112ca   0x080112ca   0x00000002   PAD
    0x080112cc   0x080112cc   0x00000011   Data   RO         7602    .constdata          ff.o
    0x080112dd   0x080112dd   0x00000001   PAD
    0x080112de   0x080112de   0x0002abb6   Data   RO         8157    .constdata          ffunicode.o
    0x0803be94   0x0803be94   0x00001ed0   Data   RO         8337    .constdata          mp3_driver.o
    0x0803dd64   0x0803dd64   0x00000074   Data   RO         8787    .constdata          wm8978_driver.o
    0x0803ddd8   0x0803ddd8   0x00000008   Data   RO         8964    .constdata          c_w.l(_printf_wctomb.o)
    0x0803dde0   0x0803dde0   0x00000028   Data   RO         8993    .constdata          c_w.l(_printf_hex_int_ll_ptr.o)
    0x0803de08   0x0803de08   0x00000011   Data   RO         9013    .constdata          c_w.l(__printf_flags_ss_wp.o)
    0x0803de19   0x0803de19   0x00000026   Data   RO         9093    .constdata          c_w.l(_printf_fp_hex.o)
    0x0803de3f   0x0803de3f   0x00000001   PAD
    0x0803de40   0x0803de40   0x00000094   Data   RO         9123    .constdata          c_w.l(bigflt0.o)
    0x0803ded4   0x0803ded4   0x000002ea   Data   RO         7334    .conststring        ucmd.o
    0x0803e1be   0x0803e1be   0x00000002   PAD
    0x0803e1c0   0x0803e1c0   0x00000003   Data   RO         7604    .conststring        ff.o
    0x0803e1c3   0x0803e1c3   0x00000001   PAD
    0x0803e1c4   0x0803e1c4   0x00000054   Data   RO         7957    .conststring        ff_app.o
    0x0803e218   0x0803e218   0x00000043   Data   RO         8338    .conststring        mp3_driver.o
    0x0803e25b   0x0803e25b   0x00000001   PAD
    0x0803e25c   0x0803e25c   0x00000040   Data   RO         9380    Region$$Table       anon$$obj.o
    0x0803e29c   0x0803e29c   0x00000008   Data   RO         9220    c$$dinf             fz_wm.l(fpconst.o)
    0x0803e2a4   0x0803e2a4   0x00000008   Data   RO         9223    c$$dmax             fz_wm.l(fpconst.o)
    0x0803e2ac   0x0803e2ac   0x00000110   Data   RO         9108    locale$$data        c_w.l(lc_ctype_c.o)
    0x0803e3bc   0x0803e3bc   0x0000001c   Data   RO         9111    locale$$data        c_w.l(lc_numeric_c.o)


    Execution Region RW_IRAM1 (Exec base: 0x20000000, Load base: 0x0803e3d8, Size: 0x0001aef8, Max: 0x0001c000, ABSOLUTE)

    Exec Addr    Load Addr    Size         Type   Attr      Idx    E Section Name        Object

    0x20000000   0x0803e3d8   0x00000014   Data   RW          403    .data               apptask.o
    0x20000014   0x0803e3ec   0x0000000c   Data   RW         1502    .data               stm32f4xx_hal.o
    0x20000020   0x0803e3f8   0x0000001c   Data   RW         7246    .data               heap_4.o
    0x2000003c   0x0803e414   0x000000b0   Data   RW         7335    .data               ucmd.o
    0x200000ec   0x0803e4c4   0x0000000c   Data   RW         7605    .data               ff.o
    0x200000f8   0x0803e4d0   0x00000014   Data   RW         7958    .data               ff_app.o
    0x2000010c   0x0803e4e4   0x00000008   Data   RW         8116    .data               ffsystem.o
    0x20000114   0x0803e4ec   0x00000008   Data   RW         8188    .data               i2s_driver.o
    0x2000011c        -       0x00016000   Zero   RW         7245    .bss                heap_4.o
    0x2001611c        -       0x000000b0   Zero   RW         7333    .bss                ucmd.o
    0x200161cc        -       0x00000020   Zero   RW         7601    .bss                ff.o
    0x200161ec        -       0x00000200   Zero   RW         8018    .bss                ff_platform.o
    0x200163ec        -       0x00000108   Zero   RW         8187    .bss                i2s_driver.o
    0x200164f4        -       0x00000054   Zero   RW         8240    .bss                iic_driver.o
    0x20016548        -       0x00001c68   Zero   RW         8336    .bss                mp3_driver.o
    0x200181b0        -       0x00000144   Zero   RW         8603    .bss                sd2_driver.o
    0x200182f4   0x0803e4f4   0x00000004   PAD
    0x200182f8        -       0x00000400   Zero   RW            2    HEAP                startup_stm32f407xx.o
    0x200186f8        -       0x00002800   Zero   RW            1    STACK               startup_stm32f407xx.o


    Execution Region RW_IRAM2 (Exec base: 0x2001c000, Load base: 0x0803e4f4, Size: 0x00002ef0, Max: 0x00004000, ABSOLUTE)

    Exec Addr    Load Addr    Size         Type   Attr      Idx    E Section Name        Object

    0x2001c000   0x0803e4f4   0x00000004   Data   RW         6009    .data               system_stm32f4xx.o
    0x2001c004   0x0803e4f8   0x0000000c   Data   RW         6205    .data               port.o
    0x2001c010   0x0803e504   0x00000040   Data   RW         6727    .data               tasks.o
    0x2001c050   0x0803e544   0x00000014   Data   RW         7088    .data               timers.o
    0x2001c064   0x0803e558   0x0000000c   Data   RW         8019    .data               ff_platform.o
    0x2001c070   0x0803e564   0x00000014   Data   RW         8339    .data               mp3_driver.o
    0x2001c084   0x0803e578   0x0000001c   Data   RW         8664    .data               usart_driver.o
    0x2001c0a0   0x0803e594   0x00000074   Data   RW         8788    .data               wm8978_driver.o
    0x2001c114        -       0x00000b8c   Zero   RW         6726    .bss                tasks.o
    0x2001cca0        -       0x000000e8   Zero   RW         7087    .bss                timers.o
    0x2001cd88        -       0x00002108   Zero   RW         8663    .bss                usart_driver.o
    0x2001ee90        -       0x00000060   Zero   RW         9060    .bss                c_w.l(libspace.o)


==============================================================================

Image component sizes


      Code (inc. data)   RO Data    RW Data    ZI Data      Debug   Object Name

      1732        700          0         20          0      31014   apptask.o
       310          6          0          0          0       5346   diskio.o
         0          0          0          0          0      46520   event_groups.o
     12558        184         20         12         32      76273   ff.o
       552        200         84         20          0       4207   ff_app.o
       736         54          0         12        512       9950   ff_platform.o
       100         18          0          8          0       3787   ffsystem.o
       316         26     175030          0          0       3340   ffunicode.o
       216         18          0          0          0       1051   gpio.o
       668         50          0         28      90112       5987   heap_4.o
       624         54          0          8        264       2906   i2s_driver.o
       160         24          0          0         84       1772   iic_driver.o
       136          0          0          0          0       3386   list.o
       276         30          0          0          0     711396   main.o
     11022        356       7955         20       7272      63669   mp3_driver.o
       782         82          0         12          0      11329   port.o
      2096         18          0          0          0      22189   queue.o
       308         30          0          0        324      32016   sd2_driver.o
        64         26        392          0      11264        836   startup_stm32f407xx.o
       184         28          0         12          0       9361   stm32f4xx_hal.o
       198         14          0          0          0      33919   stm32f4xx_hal_cortex.o
      1174         14          8          0          0       8033   stm32f4xx_hal_dma.o
       478         44          0          0          0       2284   stm32f4xx_hal_gpio.o
      1506         30          0          0          0       8537   stm32f4xx_hal_i2c.o
      1624         38          0          0          0      10835   stm32f4xx_hal_i2s.o
       746         24          0          0          0       4667   stm32f4xx_hal_i2s_ex.o
        48          6          0          0          0        834   stm32f4xx_hal_msp.o
      1506         84          0          0          0       7407   stm32f4xx_hal_rcc.o
       260         34          0          0          0       2776   stm32f4xx_hal_rcc_ex.o
      3612         58          0          0          0      21072   stm32f4xx_hal_sd.o
      2052         42          0          0          0      15073   stm32f4xx_hal_uart.o
       214         60          0          0          0       8098   stm32f4xx_it.o
      1700         42          0          0          0      24455   stm32f4xx_ll_sdmmc.o
        16          4         24          4          0       1111   system_stm32f4xx.o
      3982        270          0         64       2956      43617   tasks.o
       832         76          0         20        232      49840   timers.o
      1606        338        746        176        176      19613   ucmd.o
      1196        152          0         28       8456      10729   usart_driver.o
       908         22        116        116          0       7542   wm8978_driver.o

    ----------------------------------------------------------------------
     56600       3256     184446        560     121688    1326777   Object Totals
         0          0         64          0          0          0   (incl. Generated)
       102          0          7          0          4          0   (incl. Padding)

    ----------------------------------------------------------------------

      Code (inc. data)   RO Data    RW Data    ZI Data      Debug   Library Member Name

        90          0          0          0          0          0   __dczerorl2.o
         8          0          0          0          0         68   __main.o
       392          4         17          0          0         92   __printf_flags_ss_wp.o
        14          0          0          0          0         68   __printf_wp.o
         0          0          0          0          0          0   __rtentry.o
        12          0          0          0          0          0   __rtentry2.o
         6          0          0          0          0          0   __rtentry4.o
        52          8          0          0          0          0   __scatter.o
        26          0          0          0          0          0   __scatter_copy.o
        28          0          0          0          0          0   __scatter_zi.o
        28          0          0          0          0         68   _chval.o
         6          0          0          0          0          0   _printf_a.o
         6          0          0          0          0          0   _printf_c.o
        44          0          0          0          0        108   _printf_char.o
        48          6          0          0          0         96   _printf_char_common.o
        40          0          0          0          0         68   _printf_charcount.o
         6          0          0          0          0          0   _printf_d.o
       120         16          0          0          0         92   _printf_dec.o
         6          0          0          0          0          0   _printf_e.o
         6          0          0          0          0          0   _printf_f.o
      1054          0          0          0          0        216   _printf_fp_dec.o
       764          8         38          0          0        100   _printf_fp_hex.o
       128         16          0          0          0         84   _printf_fp_infnan.o
         6          0          0          0          0          0   _printf_g.o
       148          4         40          0          0        160   _printf_hex_int_ll_ptr.o
         6          0          0          0          0          0   _printf_i.o
       178          0          0          0          0         88   _printf_intcommon.o
        10          0          0          0          0          0   _printf_l.o
         6          0          0          0          0          0   _printf_lc.o
        10          0          0          0          0          0   _printf_ll.o
         6          0          0          0          0          0   _printf_lld.o
         6          0          0          0          0          0   _printf_lli.o
         6          0          0          0          0          0   _printf_llo.o
         6          0          0          0          0          0   _printf_llu.o
         6          0          0          0          0          0   _printf_llx.o
       124         16          0          0          0         92   _printf_longlong_dec.o
         6          0          0          0          0          0   _printf_ls.o
         6          0          0          0          0          0   _printf_n.o
         6          0          0          0          0          0   _printf_o.o
       112         10          0          0          0        124   _printf_oct_int_ll.o
         6          0          0          0          0          0   _printf_p.o
        78          0          0          0          0        108   _printf_pad.o
         0          0          0          0          0          0   _printf_percent.o
         4          0          0          0          0          0   _printf_percent_end.o
         6          0          0          0          0          0   _printf_s.o
        82          0          0          0          0         80   _printf_str.o
        36          0          0          0          0         84   _printf_truncate.o
         6          0          0          0          0          0   _printf_u.o
        44          0          0          0          0        108   _printf_wchar.o
       188          6          8          0          0         92   _printf_wctomb.o
         6          0          0          0          0          0   _printf_x.o
        22          0          0          0          0        100   _rserrno.o
        64          0          0          0          0         84   _sgetc.o
        16          0          0          0          0         68   _snputc.o
        10          0          0          0          0         68   _sputc.o
       158          0          0          0          0         92   _strtoul.o
        64          0          0          0          0         92   _wcrtomb.o
        16          0          0          0          0         68   aeabi_memset.o
       228          4        148          0          0         96   bigflt0.o
      2152        136          0          0          0        960   btod.o
        18          0          0          0          0         80   exit.o
         6          0          0          0          0        152   heapauxi.o
         0          0          0          0          0          0   indicate_semi.o
        18          0          0          0          0         76   isspace.o
        44         10        272          0          0         76   lc_ctype_c.o
        44         10         28          0          0         76   lc_numeric_c.o
         2          0          0          0          0          0   libinit.o
        34          0          0          0          0          0   libinit2.o
         2          0          0          0          0          0   libshutdown.o
         2          0          0          0          0          0   libshutdown2.o
         8          4          0          0         96         68   libspace.o
        38          0          0          0          0         68   llshl.o
       138          0          0          0          0         80   lludiv10.o
       238          0          0          0          0        100   lludivv7m.o
        88          0          0          0          0         76   memcmp.o
        16          4          0          0          0         76   rt_ctype_table.o
         8          4          0          0          0         68   rt_errno_addr_intlibspace.o
         8          4          0          0          0         68   rt_locale_intlibspace.o
        68          0          0          0          0         68   rt_memclr.o
        78          0          0          0          0         80   rt_memclr_w.o
       138          0          0          0          0         68   rt_memcpy_v6.o
       100          0          0          0          0         80   rt_memcpy_w.o
       132          0          0          0          0         68   rt_memmove_v6.o
       122          0          0          0          0         80   rt_memmove_w.o
         2          0          0          0          0          0   rtexit.o
        10          0          0          0          0          0   rtexit2.o
      1272         16          0          0          0        168   scanf_fp.o
       800         14          0          0          0        100   scanf_hexfp.o
       308         16          0          0          0        100   scanf_infnan.o
        20          0          0          0          0         68   strchr.o
       128          0          0          0          0         68   strcmpv7m.o
       164         14          0          0          0        120   strtod.o
       112          0          0          0          0         88   strtol.o
       114          0          0          0          0         92   strtoul.o
        12          4          0          0          0         68   sys_exit.o
        74          0          0          0          0         80   sys_stackheap_outer.o
         2          0          0          0          0         68   use_no_semi.o
        52          4          0          0          0         80   vsnprintf.o
        98          4          0          0          0        140   d2f.o
        16          4          0          0          0        116   dcheck1.o
        24          0          0          0          0        116   dcmpi.o
       120          4          0          0          0        140   deqf.o
        94          4          0          0          0        140   dfix.o
       120          4          0          0          0        140   dleqf.o
       340         12          0          0          0        152   dmul.o
       156          4          0          0          0        140   dnaninf.o
        12          0          0          0          0        116   dretinf.o
       108          0          0          0          0        128   drleqf.o
         0          0         16          0          0          0   fpconst.o
        10          0          0          0          0        116   fpinit.o
        10          0          0          0          0        116   fretinf.o
         6          0          0          0          0        116   istatus.o
         4          0          0          0          0        116   printf1.o
         4          0          0          0          0        116   printf2.o
       100          0          0          0          0        116   retnan.o
        92          0          0          0          0        116   scalbn.o
         4          0          0          0          0        116   scanf1.o
         8          0          0          0          0        132   scanf2.o
        48          0          0          0          0        116   trapv.o
         0          0          0          0          0          0   usenofp.o
        64         16          0          0          0        248   dunder.o
        48          0          0          0          0        124   fpclassify.o
       140         22          0          0          0        132   frexp.o
       228          8          0          0          0        308   ldexp.o
       266         16          0          0          0        308   narrow.o
        40         10          0          0          0        128   strtod.o

    ----------------------------------------------------------------------
     13322        446        568          0         96       9984   Library Totals
        24          0          1          0          0          0   (incl. Padding)

    ----------------------------------------------------------------------

      Code (inc. data)   RO Data    RW Data    ZI Data      Debug   Library Name

     11138        338        551          0         96       6232   c_w.l
      1374         36         16          0          0       2504   fz_wm.l
       786         72          0          0          0       1248   m_wm.l

    ----------------------------------------------------------------------
     13322        446        568          0         96       9984   Library Totals

    ----------------------------------------------------------------------

==============================================================================


      Code (inc. data)   RO Data    RW Data    ZI Data      Debug   

     69922       3702     185014        560     121784    1284345   Grand Totals
     69922       3702     185014        560     121784    1284345   ELF Image Totals
     69922       3702     185014        560          0          0   ROM Totals

==============================================================================

    Total RO  Size (Code + RO Data)               254936 ( 248.96kB)
    Total RW  Size (RW Data + ZI Data)            122344 ( 119.48kB)
    Total ROM Size (Code + RO Data + RW Data)     255496 ( 249.51kB)

==============================================================================

